Archive member included to satisfy reference by file (symbol)

/home/student/nseiger/CS385/EFI/Sonoma_edk2/Build/AppPkg/DEBUG_GCC49/X64/MdePkg/Library/UefiDriverEntryPoint/UefiDriverEntryPoint/OUTPUT/UefiDriverEntryPoint.lib(DriverEntryPoint.obj)
                              (_ModuleEntryPoint)
/home/student/nseiger/CS385/EFI/Sonoma_edk2/Build/AppPkg/DEBUG_GCC49/X64/StdLib/SocketDxe/SocketDxe/OUTPUT/SocketDxe.lib(AutoGen.obj)
                              /home/student/nseiger/CS385/EFI/Sonoma_edk2/Build/AppPkg/DEBUG_GCC49/X64/MdePkg/Library/UefiDriverEntryPoint/UefiDriverEntryPoint/OUTPUT/UefiDriverEntryPoint.lib(DriverEntryPoint.obj) (gEfiLoadedImageProtocolGuid)
/home/student/nseiger/CS385/EFI/Sonoma_edk2/Build/AppPkg/DEBUG_GCC49/X64/StdLib/SocketDxe/SocketDxe/OUTPUT/SocketDxe.lib(EntryUnload.obj)
                              /home/student/nseiger/CS385/EFI/Sonoma_edk2/Build/AppPkg/DEBUG_GCC49/X64/StdLib/SocketDxe/SocketDxe/OUTPUT/SocketDxe.lib(AutoGen.obj) (EntryPoint)
/home/student/nseiger/CS385/EFI/Sonoma_edk2/Build/AppPkg/DEBUG_GCC49/X64/StdLib/SocketDxe/SocketDxe/OUTPUT/SocketDxe.lib(ComponentName.obj)
                              /home/student/nseiger/CS385/EFI/Sonoma_edk2/Build/AppPkg/DEBUG_GCC49/X64/StdLib/SocketDxe/SocketDxe/OUTPUT/SocketDxe.lib(EntryUnload.obj) (mComponentName)
/home/student/nseiger/CS385/EFI/Sonoma_edk2/Build/AppPkg/DEBUG_GCC49/X64/StdLib/SocketDxe/SocketDxe/OUTPUT/SocketDxe.lib(DriverBinding.obj)
                              /home/student/nseiger/CS385/EFI/Sonoma_edk2/Build/AppPkg/DEBUG_GCC49/X64/StdLib/SocketDxe/SocketDxe/OUTPUT/SocketDxe.lib(EntryUnload.obj) (DriverStop)
/home/student/nseiger/CS385/EFI/Sonoma_edk2/Build/AppPkg/DEBUG_GCC49/X64/MdePkg/Library/BaseDebugLibNull/BaseDebugLibNull/OUTPUT/BaseDebugLibNull.lib(DebugLib.obj)
                              /home/student/nseiger/CS385/EFI/Sonoma_edk2/Build/AppPkg/DEBUG_GCC49/X64/MdePkg/Library/UefiDriverEntryPoint/UefiDriverEntryPoint/OUTPUT/UefiDriverEntryPoint.lib(DriverEntryPoint.obj) (DebugPrint)
/home/student/nseiger/CS385/EFI/Sonoma_edk2/Build/AppPkg/DEBUG_GCC49/X64/MdePkg/Library/UefiBootServicesTableLib/UefiBootServicesTableLib/OUTPUT/UefiBootServicesTableLib.lib(UefiBootServicesTableLib.obj)
                              /home/student/nseiger/CS385/EFI/Sonoma_edk2/Build/AppPkg/DEBUG_GCC49/X64/StdLib/SocketDxe/SocketDxe/OUTPUT/SocketDxe.lib(AutoGen.obj) (gImageHandle)
/home/student/nseiger/CS385/EFI/Sonoma_edk2/Build/AppPkg/DEBUG_GCC49/X64/MdePkg/Library/UefiRuntimeServicesTableLib/UefiRuntimeServicesTableLib/OUTPUT/UefiRuntimeServicesTableLib.lib(UefiRuntimeServicesTableLib.obj)
                              /home/student/nseiger/CS385/EFI/Sonoma_edk2/Build/AppPkg/DEBUG_GCC49/X64/StdLib/SocketDxe/SocketDxe/OUTPUT/SocketDxe.lib(AutoGen.obj) (UefiRuntimeServicesTableLibConstructor)
/home/student/nseiger/CS385/EFI/Sonoma_edk2/Build/AppPkg/DEBUG_GCC49/X64/MdePkg/Library/UefiLib/UefiLib/OUTPUT/UefiLib.lib(UefiDriverModel.obj)
                              /home/student/nseiger/CS385/EFI/Sonoma_edk2/Build/AppPkg/DEBUG_GCC49/X64/StdLib/SocketDxe/SocketDxe/OUTPUT/SocketDxe.lib(EntryUnload.obj) (EfiLibInstallDriverBindingComponentName2)
/home/student/nseiger/CS385/EFI/Sonoma_edk2/Build/AppPkg/DEBUG_GCC49/X64/MdePkg/Library/UefiLib/UefiLib/OUTPUT/UefiLib.lib(UefiLib.obj)
                              /home/student/nseiger/CS385/EFI/Sonoma_edk2/Build/AppPkg/DEBUG_GCC49/X64/StdLib/SocketDxe/SocketDxe/OUTPUT/SocketDxe.lib(AutoGen.obj) (UefiLibConstructor)
/home/student/nseiger/CS385/EFI/Sonoma_edk2/Build/AppPkg/DEBUG_GCC49/X64/StdLib/EfiSocketLib/EfiSocketLib/OUTPUT/EfiSocketLib.lib(DxeSupport.obj)
                              /home/student/nseiger/CS385/EFI/Sonoma_edk2/Build/AppPkg/DEBUG_GCC49/X64/StdLib/SocketDxe/SocketDxe/OUTPUT/SocketDxe.lib(EntryUnload.obj) (EslDxeCreateChild)
/home/student/nseiger/CS385/EFI/Sonoma_edk2/Build/AppPkg/DEBUG_GCC49/X64/StdLib/EfiSocketLib/EfiSocketLib/OUTPUT/EfiSocketLib.lib(Init.obj)
                              /home/student/nseiger/CS385/EFI/Sonoma_edk2/Build/AppPkg/DEBUG_GCC49/X64/StdLib/SocketDxe/SocketDxe/OUTPUT/SocketDxe.lib(AutoGen.obj) (EslConstructor)
/home/student/nseiger/CS385/EFI/Sonoma_edk2/Build/AppPkg/DEBUG_GCC49/X64/StdLib/EfiSocketLib/EfiSocketLib/OUTPUT/EfiSocketLib.lib(Service.obj)
                              /home/student/nseiger/CS385/EFI/Sonoma_edk2/Build/AppPkg/DEBUG_GCC49/X64/StdLib/SocketDxe/SocketDxe/OUTPUT/SocketDxe.lib(DriverBinding.obj) (EslServiceConnect)
/home/student/nseiger/CS385/EFI/Sonoma_edk2/Build/AppPkg/DEBUG_GCC49/X64/StdLib/EfiSocketLib/EfiSocketLib/OUTPUT/EfiSocketLib.lib(Socket.obj)
                              /home/student/nseiger/CS385/EFI/Sonoma_edk2/Build/AppPkg/DEBUG_GCC49/X64/StdLib/SocketDxe/SocketDxe/OUTPUT/SocketDxe.lib(DriverBinding.obj) (cEslSocketBinding)
/home/student/nseiger/CS385/EFI/Sonoma_edk2/Build/AppPkg/DEBUG_GCC49/X64/StdLib/EfiSocketLib/EfiSocketLib/OUTPUT/EfiSocketLib.lib(Tcp4.obj)
[...]
Memory Configuration

Name             Origin             Length             Attributes
*default*        0x0000000000000000 0xffffffffffffffff

Linker script and memory map

START GROUP
LOAD /home/student/nseiger/CS385/EFI/Sonoma_edk2/Build/AppPkg/DEBUG_GCC49/X64/MdePkg/Library/BasePcdLibNull/BasePcdLibNull/OUTPUT/BasePcdLibNull.lib
LOAD /home/student/nseiger/CS385/EFI/Sonoma_edk2/Build/AppPkg/DEBUG_GCC49/X64/MdePkg/Library/BaseLib/BaseLib/OUTPUT/BaseLib.lib
LOAD /home/student/nseiger/CS385/EFI/Sonoma_edk2/Build/AppPkg/DEBUG_GCC49/X64/MdePkg/Library/BaseDebugLibNull/BaseDebugLibNull/OUTPUT/BaseDebugLibNull.lib
LOAD /home/student/nseiger/CS385/EFI/Sonoma_edk2/Build/AppPkg/DEBUG_GCC49/X64/MdePkg/Library/BaseMemoryLib/BaseMemoryLib/OUTPUT/BaseMemoryLib.lib
LOAD /home/student/nseiger/CS385/EFI/Sonoma_edk2/Build/AppPkg/DEBUG_GCC49/X64/MdePkg/Library/UefiBootServicesTableLib/UefiBootServicesTableLib/OUTPUT/UefiBootServicesTableLib.lib
LOAD /home/student/nseiger/CS385/EFI/Sonoma_edk2/Build/AppPkg/DEBUG_GCC49/X64/MdePkg/Library/UefiMemoryAllocationLib/UefiMemoryAllocationLib/OUTPUT/UefiMemoryAllocationLib.lib
LOAD /home/student/nseiger/CS385/EFI/Sonoma_edk2/Build/AppPkg/DEBUG_GCC49/X64/MdePkg/Library/BasePrintLib/BasePrintLib/OUTPUT/BasePrintLib.lib
LOAD /home/student/nseiger/CS385/EFI/Sonoma_edk2/Build/AppPkg/DEBUG_GCC49/X64/MdePkg/Library/UefiDevicePathLib/UefiDevicePathLib/OUTPUT/UefiDevicePathLib.lib
LOAD /home/student/nseiger/CS385/EFI/Sonoma_edk2/Build/AppPkg/DEBUG_GCC49/X64/MdePkg/Library/UefiRuntimeServicesTableLib/UefiRuntimeServicesTableLib/OUTPUT/UefiRuntimeServicesTableLib.lib
LOAD /home/student/nseiger/CS385/EFI/Sonoma_edk2/Build/AppPkg/DEBUG_GCC49/X64/MdePkg/Library/UefiLib/UefiLib/OUTPUT/UefiLib.lib
LOAD /home/student/nseiger/CS385/EFI/Sonoma_edk2/Build/AppPkg/DEBUG_GCC49/X64/StdLib/EfiSocketLib/EfiSocketLib/OUTPUT/EfiSocketLib.lib
LOAD /home/student/nseiger/CS385/EFI/Sonoma_edk2/Build/AppPkg/DEBUG_GCC49/X64/MdePkg/Library/UefiRuntimeLib/UefiRuntimeLib/OUTPUT/UefiRuntimeLib.lib
LOAD /home/student/nseiger/CS385/EFI/Sonoma_edk2/Build/AppPkg/DEBUG_GCC49/X64/MdePkg/Library/UefiDriverEntryPoint/UefiDriverEntryPoint/OUTPUT/UefiDriverEntryPoint.lib
LOAD /home/student/nseiger/CS385/EFI/Sonoma_edk2/Build/AppPkg/DEBUG_GCC49/X64/StdLib/SocketDxe/SocketDxe/OUTPUT/SocketDxe.lib
END GROUP
                0x0000000000000228                PECOFF_HEADER_SIZE = 0x228
                0x0000000000000228                . = PECOFF_HEADER_SIZE

.text           0x0000000000000240    0x20700
 *(.text .text.* .stub .gnu.linkonce.t.*)
 .text._DriverUnloadHandler
                0x0000000000000240       0x4f /home/student/nseiger/CS385/EFI/Sonoma_edk2/Build/AppPkg/DEBUG_GCC49/X64/MdePkg/Library/UefiDriverEntryPoint/UefiDriverEntryPoint/OUTPUT/UefiDriverEntryPoint.lib(DriverEntryPoint.obj)
                0x0000000000000240                _DriverUnloadHandler
 .text._ModuleEntryPoint
                0x000000000000028f      0x179 /home/student/nseiger/CS385/EFI/Sonoma_edk2/Build/AppPkg/DEBUG_GCC49/X64/MdePkg/Library/UefiDriverEntryPoint/UefiDriverEntryPoint/OUTPUT/UefiDriverEntryPoint.lib(DriverEntryPoint.obj)
                0x000000000000028f                _ModuleEntryPoint
 .text.ProcessLibraryConstructorList
                0x0000000000000408      0x328 /home/student/nseiger/CS385/EFI/Sonoma_edk2/Build/AppPkg/DEBUG_GCC49/X64/StdLib/SocketDxe/SocketDxe/OUTPUT/SocketDxe.lib(AutoGen.obj)
                0x0000000000000408                ProcessLibraryConstructorList
 .text.ProcessLibraryDestructorList
                0x0000000000000730      0x148 /home/student/nseiger/CS385/EFI/Sonoma_edk2/Build/AppPkg/DEBUG_GCC49/X64/StdLib/SocketDxe/SocketDxe/OUTPUT/SocketDxe.lib(AutoGen.obj)
                0x0000000000000730                ProcessLibraryDestructorList
 .text.ProcessModuleEntryPointList
                0x0000000000000878       0x29 /home/student/nseiger/CS385/EFI/Sonoma_edk2/Build/AppPkg/DEBUG_GCC49/X64/StdLib/SocketDxe/SocketDxe/OUTPUT/SocketDxe.lib(AutoGen.obj)
                0x0000000000000878                ProcessModuleEntryPointList
 .text.ProcessModuleUnloadList
                0x00000000000008a1        0xf /home/student/nseiger/CS385/EFI/Sonoma_edk2/Build/AppPkg/DEBUG_GCC49/X64/StdLib/SocketDxe/SocketDxe/OUTPUT/SocketDxe.lib(AutoGen.obj)
                0x00000000000008a1                ProcessModuleUnloadList
 .text.DriverUnload
                0x00000000000008b0      0x474 /home/student/nseiger/CS385/EFI/Sonoma_edk2/Build/AppPkg/DEBUG_GCC49/X64/StdLib/SocketDxe/SocketDxe/OUTPUT/SocketDxe.lib(EntryUnload.obj)
                0x00000000000008b0                DriverUnload
 .text.EntryPoint
                0x0000000000000d24      0x3b0 /home/student/nseiger/CS385/EFI/Sonoma_edk2/Build/AppPkg/DEBUG_GCC49/X64/StdLib/SocketDxe/SocketDxe/OUTPUT/SocketDxe.lib(EntryUnload.obj)
                0x0000000000000d24                EntryPoint
 .text.GetDriverName
                0x00000000000010d4       0x62 /home/student/nseiger/CS385/EFI/Sonoma_edk2/Build/AppPkg/DEBUG_GCC49/X64/StdLib/SocketDxe/SocketDxe/OUTPUT/SocketDxe.lib(ComponentName.obj)
                0x00000000000010d4                GetDriverName
 .text.GetControllerName
                0x0000000000001136       0x37 /home/student/nseiger/CS385/EFI/Sonoma_edk2/Build/AppPkg/DEBUG_GCC49/X64/StdLib/SocketDxe/SocketDxe/OUTPUT/SocketDxe.lib(ComponentName.obj)
                0x0000000000001136                GetControllerName
 .text.DriverSupported
                0x000000000000116d      0x133 /home/student/nseiger/CS385/EFI/Sonoma_edk2/Build/AppPkg/DEBUG_GCC49/X64/StdLib/SocketDxe/SocketDxe/OUTPUT/SocketDxe.lib(DriverBinding.obj)
                0x000000000000116d                DriverSupported
 .text.DriverStart
                0x00000000000012a0       0x39 /home/student/nseiger/CS385/EFI/Sonoma_edk2/Build/AppPkg/DEBUG_GCC49/X64/StdLib/SocketDxe/SocketDxe/OUTPUT/SocketDxe.lib(DriverBinding.obj)
                0x00000000000012a0                DriverStart
 .text.DriverStop
                0x00000000000012d9       0x3d /home/student/nseiger/CS385/EFI/Sonoma_edk2/Build/AppPkg/DEBUG_GCC49/X64/StdLib/SocketDxe/SocketDxe/OUTPUT/SocketDxe.lib(DriverBinding.obj)
                0x00000000000012d9                DriverStop
 .text.DebugPrint
                0x0000000000001316       0x17 /home/student/nseiger/CS385/EFI/Sonoma_edk2/Build/AppPkg/DEBUG_GCC49/X64/MdePkg/Library/BaseDebugLibNull/BaseDebugLibNull/OUTPUT/BaseDebugLibNull.lib(DebugLib.obj)
                0x0000000000001316                DebugPrint
 .text.DebugAssert
                0x000000000000132d       0x13 /home/student/nseiger/CS385/EFI/Sonoma_edk2/Build/AppPkg/DEBUG_GCC49/X64/MdePkg/Library/BaseDebugLibNull/BaseDebugLibNull/OUTPUT/BaseDebugLibNull.lib(DebugLib.obj)
                0x000000000000132d                DebugAssert
 .text.DebugAssertEnabled
                0x0000000000001340        0xb /home/student/nseiger/CS385/EFI/Sonoma_edk2/Build/AppPkg/DEBUG_GCC49/X64/MdePkg/Library/BaseDebugLibNull/BaseDebugLibNull/OUTPUT/BaseDebugLibNull.lib(DebugLib.obj)
                0x0000000000001340                DebugAssertEnabled
 .text.DebugPrintEnabled
                0x000000000000134b        0xb /home/student/nseiger/CS385/EFI/Sonoma_edk2/Build/AppPkg/DEBUG_GCC49/X64/MdePkg/Library/BaseDebugLibNull/BaseDebugLibNull/OUTPUT/BaseDebugLibNull.lib(DebugLib.obj)
                0x000000000000134b                DebugPrintEnabled
 .text.DebugCodeEnabled
                0x0000000000001356        0xb /home/student/nseiger/CS385/EFI/Sonoma_edk2/Build/AppPkg/DEBUG_GCC49/X64/MdePkg/Library/BaseDebugLibNull/BaseDebugLibNull/OUTPUT/BaseDebugLibNull.lib(DebugLib.obj)
                0x0000000000001356                DebugCodeEnabled
 .text.DebugPrintLevelEnabled
                0x0000000000001361        0xf /home/student/nseiger/CS385/EFI/Sonoma_edk2/Build/AppPkg/DEBUG_GCC49/X64/MdePkg/Library/BaseDebugLibNull/BaseDebugLibNull/OUTPUT/BaseDebugLibNull.lib(DebugLib.obj)
                0x0000000000001361                DebugPrintLevelEnabled
 .text.UefiBootServicesTableLibConstructor
                0x0000000000001370      0x123 /home/student/nseiger/CS385/EFI/Sonoma_edk2/Build/AppPkg/DEBUG_GCC49/X64/MdePkg/Library/UefiBootServicesTableLib/UefiBootServicesTableLib/OUTPUT/UefiBootServicesTableLib.lib(UefiBootServicesTableLib.obj)
                0x0000000000001370                UefiBootServicesTableLibConstructor
 .text.UefiRuntimeServicesTableLibConstructor
                0x0000000000001493       0x73 /home/student/nseiger/CS385/EFI/Sonoma_edk2/Build/AppPkg/DEBUG_GCC49/X64/MdePkg/Library/UefiRuntimeServicesTableLib/UefiRuntimeServicesTableLib/OUTPUT/UefiRuntimeServicesTableLib.lib(UefiRuntimeServicesTableLib.obj)
                0x0000000000001493                UefiRuntimeServicesTableLibConstructor
 .text.EfiLibInstallDriverBindingComponentName2
                0x0000000000001506      0x284 /home/student/nseiger/CS385/EFI/Sonoma_edk2/Build/AppPkg/DEBUG_GCC49/X64/MdePkg/Library/UefiLib/UefiLib/OUTPUT/UefiLib.lib(UefiDriverModel.obj)
                0x0000000000001506                EfiLibInstallDriverBindingComponentName2
 .text.UefiLibConstructor
                0x000000000000178a       0x13 /home/student/nseiger/CS385/EFI/Sonoma_edk2/Build/AppPkg/DEBUG_GCC49/X64/MdePkg/Library/UefiLib/UefiLib/OUTPUT/UefiLib.lib(UefiLib.obj)
                0x000000000000178a                UefiLibConstructor
 .text.CompareIso639LanguageCode
                0x000000000000179d       0x57 /home/student/nseiger/CS385/EFI/Sonoma_edk2/Build/AppPkg/DEBUG_GCC49/X64/MdePkg/Library/UefiLib/UefiLib/OUTPUT/UefiLib.lib(UefiLib.obj)
                0x000000000000179d                CompareIso639LanguageCode
 .text.EfiGetCurrentTpl
                0x00000000000017f4       0x44 /home/student/nseiger/CS385/EFI/Sonoma_edk2/Build/AppPkg/DEBUG_GCC49/X64/MdePkg/Library/UefiLib/UefiLib/OUTPUT/UefiLib.lib(UefiLib.obj)
                0x00000000000017f4                EfiGetCurrentTpl
 .text.LookupUnicodeString2
                0x0000000000001838      0x30b /home/student/nseiger/CS385/EFI/Sonoma_edk2/Build/AppPkg/DEBUG_GCC49/X64/MdePkg/Library/UefiLib/UefiLib/OUTPUT/UefiLib.lib(UefiLib.obj)
                0x0000000000001838                LookupUnicodeString2
 .text.EslDxeCreateChild
                0x0000000000001b43       0x39 /home/student/nseiger/CS385/EFI/Sonoma_edk2/Build/AppPkg/DEBUG_GCC49/X64/StdLib/EfiSocketLib/EfiSocketLib/OUTPUT/EfiSocketLib.lib(DxeSupport.obj)
                0x0000000000001b43                EslDxeCreateChild
 .text.EslDxeDestroyChild
                0x0000000000001b7c      0x173 /home/student/nseiger/CS385/EFI/Sonoma_edk2/Build/AppPkg/DEBUG_GCC49/X64/StdLib/EfiSocketLib/EfiSocketLib/OUTPUT/EfiSocketLib.lib(DxeSupport.obj)
                0x0000000000001b7c                EslDxeDestroyChild
 .text.EslDxeInstall
                0x0000000000001cef       0xf1 /home/student/nseiger/CS385/EFI/Sonoma_edk2/Build/AppPkg/DEBUG_GCC49/X64/StdLib/EfiSocketLib/EfiSocketLib/OUTPUT/EfiSocketLib.lib(DxeSupport.obj)
                0x0000000000001cef                EslDxeInstall
 .text.EslDxeUninstall
                0x0000000000001de0       0xef /home/student/nseiger/CS385/EFI/Sonoma_edk2/Build/AppPkg/DEBUG_GCC49/X64/StdLib/EfiSocketLib/EfiSocketLib/OUTPUT/EfiSocketLib.lib(DxeSupport.obj)
                0x0000000000001de0                EslDxeUninstall
 .text.EslConstructor
                0x0000000000001ecf       0xb8 /home/student/nseiger/CS385/EFI/Sonoma_edk2/Build/AppPkg/DEBUG_GCC49/X64/StdLib/EfiSocketLib/EfiSocketLib/OUTPUT/EfiSocketLib.lib(Init.obj)
                0x0000000000001ecf                EslConstructor
 .text.EslDestructor
                0x0000000000001f87       0xb8 /home/student/nseiger/CS385/EFI/Sonoma_edk2/Build/AppPkg/DEBUG_GCC49/X64/StdLib/EfiSocketLib/EfiSocketLib/OUTPUT/EfiSocketLib.lib(Init.obj)
                0x0000000000001f87                EslDestructor
 .text.EslServiceConnect
                0x000000000000203f      0x65d /home/student/nseiger/CS385/EFI/Sonoma_edk2/Build/AppPkg/DEBUG_GCC49/X64/StdLib/EfiSocketLib/EfiSocketLib/OUTPUT/EfiSocketLib.lib(Service.obj)
                0x000000000000203f                EslServiceConnect
 .text.EslServiceDisconnect
                0x000000000000269c      0x5d2 /home/student/nseiger/CS385/EFI/Sonoma_edk2/Build/AppPkg/DEBUG_GCC49/X64/StdLib/EfiSocketLib/EfiSocketLib/OUTPUT/EfiSocketLib.lib(Service.obj)
                0x000000000000269c                EslServiceDisconnect
 .text.EslServiceLoad
                0x0000000000002c6e       0x5e /home/student/nseiger/CS385/EFI/Sonoma_edk2/Build/AppPkg/DEBUG_GCC49/X64/StdLib/EfiSocketLib/EfiSocketLib/OUTPUT/EfiSocketLib.lib(Service.obj)
                0x0000000000002c6e                EslServiceLoad
 .text.EslServiceUnload
                0x0000000000002ccc       0x31 /home/student/nseiger/CS385/EFI/Sonoma_edk2/Build/AppPkg/DEBUG_GCC49/X64/StdLib/EfiSocketLib/EfiSocketLib/OUTPUT/EfiSocketLib.lib(Service.obj)
                0x0000000000002ccc                EslServiceUnload
 .text.EslSocket
                0x0000000000002cfd      0x43a /home/student/nseiger/CS385/EFI/Sonoma_edk2/Build/AppPkg/DEBUG_GCC49/X64/StdLib/EfiSocketLib/EfiSocketLib/OUTPUT/EfiSocketLib.lib(Socket.obj)
                0x0000000000002cfd                EslSocket
 .text.EslSocketAccept
                0x0000000000003137      0x562 /home/student/nseiger/CS385/EFI/Sonoma_edk2/Build/AppPkg/DEBUG_GCC49/X64/StdLib/EfiSocketLib/EfiSocketLib/OUTPUT/EfiSocketLib.lib(Socket.obj)
                0x0000000000003137                EslSocketAccept
 .text.EslSocketAllocate
                0x0000000000003699      0x48c /home/student/nseiger/CS385/EFI/Sonoma_edk2/Build/AppPkg/DEBUG_GCC49/X64/StdLib/EfiSocketLib/EfiSocketLib/OUTPUT/EfiSocketLib.lib(Socket.obj)
                0x0000000000003699                EslSocketAllocate
 .text.EslSocketBind
                0x0000000000003b25      0x728 /home/student/nseiger/CS385/EFI/Sonoma_edk2/Build/AppPkg/DEBUG_GCC49/X64/StdLib/EfiSocketLib/EfiSocketLib/OUTPUT/EfiSocketLib.lib(Socket.obj)
                0x0000000000003b25                EslSocketBind
 .text.EslSocketBindTest
                0x000000000000424d      0x27a /home/student/nseiger/CS385/EFI/Sonoma_edk2/Build/AppPkg/DEBUG_GCC49/X64/StdLib/EfiSocketLib/EfiSocketLib/OUTPUT/EfiSocketLib.lib(Socket.obj)
                0x000000000000424d                EslSocketBindTest
 .text.EslSocketClosePoll
                0x00000000000044c7      0x408 /home/student/nseiger/CS385/EFI/Sonoma_edk2/Build/AppPkg/DEBUG_GCC49/X64/StdLib/EfiSocketLib/EfiSocketLib/OUTPUT/EfiSocketLib.lib(Socket.obj)
                0x00000000000044c7                EslSocketClosePoll
 .text.EslSocketCloseStart
                0x00000000000048cf      0x289 /home/student/nseiger/CS385/EFI/Sonoma_edk2/Build/AppPkg/DEBUG_GCC49/X64/StdLib/EfiSocketLib/EfiSocketLib/OUTPUT/EfiSocketLib.lib(Socket.obj)
                0x00000000000048cf                EslSocketCloseStart
 .text.EslSocketConnect
                0x0000000000004b58      0x69f /home/student/nseiger/CS385/EFI/Sonoma_edk2/Build/AppPkg/DEBUG_GCC49/X64/StdLib/EfiSocketLib/EfiSocketLib/OUTPUT/EfiSocketLib.lib(Socket.obj)
                0x0000000000004b58                EslSocketConnect
 .text.EslSocketCopyFragmentedBuffer
                0x00000000000051f7      0x193 /home/student/nseiger/CS385/EFI/Sonoma_edk2/Build/AppPkg/DEBUG_GCC49/X64/StdLib/EfiSocketLib/EfiSocketLib/OUTPUT/EfiSocketLib.lib(Socket.obj)
                0x00000000000051f7                EslSocketCopyFragmentedBuffer
 .text.EslSocketFree
                0x000000000000538a      0x5c5 /home/student/nseiger/CS385/EFI/Sonoma_edk2/Build/AppPkg/DEBUG_GCC49/X64/StdLib/EfiSocketLib/EfiSocketLib/OUTPUT/EfiSocketLib.lib(Socket.obj)
                0x000000000000538a                EslSocketFree
 .text.EslSocketGetLocalAddress
                0x000000000000594f      0x38b /home/student/nseiger/CS385/EFI/Sonoma_edk2/Build/AppPkg/DEBUG_GCC49/X64/StdLib/EfiSocketLib/EfiSocketLib/OUTPUT/EfiSocketLib.lib(Socket.obj)
                0x000000000000594f                EslSocketGetLocalAddress
 .text.EslSocketGetPeerAddress
                0x0000000000005cda      0x3aa /home/student/nseiger/CS385/EFI/Sonoma_edk2/Build/AppPkg/DEBUG_GCC49/X64/StdLib/EfiSocketLib/EfiSocketLib/OUTPUT/EfiSocketLib.lib(Socket.obj)
                0x0000000000005cda                EslSocketGetPeerAddress
 .text.EslSocketIoFree
                0x0000000000006084      0x1b2 /home/student/nseiger/CS385/EFI/Sonoma_edk2/Build/AppPkg/DEBUG_GCC49/X64/StdLib/EfiSocketLib/EfiSocketLib/OUTPUT/EfiSocketLib.lib(Socket.obj)
                0x0000000000006084                EslSocketIoFree
 .text.EslSocketIoInit
                0x0000000000006236      0x213 /home/student/nseiger/CS385/EFI/Sonoma_edk2/Build/AppPkg/DEBUG_GCC49/X64/StdLib/EfiSocketLib/EfiSocketLib/OUTPUT/EfiSocketLib.lib(Socket.obj)
                0x0000000000006236                EslSocketIoInit
 .text.EslSocketIsConfigured
                0x0000000000006449      0x1af /home/student/nseiger/CS385/EFI/Sonoma_edk2/Build/AppPkg/DEBUG_GCC49/X64/StdLib/EfiSocketLib/EfiSocketLib/OUTPUT/EfiSocketLib.lib(Socket.obj)
                0x0000000000006449                EslSocketIsConfigured
 .text.EslSocketListen
                0x00000000000065f8      0x5e9 /home/student/nseiger/CS385/EFI/Sonoma_edk2/Build/AppPkg/DEBUG_GCC49/X64/StdLib/EfiSocketLib/EfiSocketLib/OUTPUT/EfiSocketLib.lib(Socket.obj)
                0x00000000000065f8                EslSocketListen
 .text.EslSocketOptionGet
                0x0000000000006be1      0x5fb /home/student/nseiger/CS385/EFI/Sonoma_edk2/Build/AppPkg/DEBUG_GCC49/X64/StdLib/EfiSocketLib/EfiSocketLib/OUTPUT/EfiSocketLib.lib(Socket.obj)
                0x0000000000006be1                EslSocketOptionGet
 .text.EslSocketOptionSet
                0x00000000000071dc      0x5a1 /home/student/nseiger/CS385/EFI/Sonoma_edk2/Build/AppPkg/DEBUG_GCC49/X64/StdLib/EfiSocketLib/EfiSocketLib/OUTPUT/EfiSocketLib.lib(Socket.obj)
                0x00000000000071dc                EslSocketOptionSet
 .text.EslSocketPacketAllocate
                0x000000000000777d      0x18e /home/student/nseiger/CS385/EFI/Sonoma_edk2/Build/AppPkg/DEBUG_GCC49/X64/StdLib/EfiSocketLib/EfiSocketLib/OUTPUT/EfiSocketLib.lib(Socket.obj)
                0x000000000000777d                EslSocketPacketAllocate
 .text.EslSocketPacketFree
                0x000000000000790b      0x13f /home/student/nseiger/CS385/EFI/Sonoma_edk2/Build/AppPkg/DEBUG_GCC49/X64/StdLib/EfiSocketLib/EfiSocketLib/OUTPUT/EfiSocketLib.lib(Socket.obj)
                0x000000000000790b                EslSocketPacketFree
 .text.EslSocketPoll
                0x0000000000007a4a      0x470 /home/student/nseiger/CS385/EFI/Sonoma_edk2/Build/AppPkg/DEBUG_GCC49/X64/StdLib/EfiSocketLib/EfiSocketLib/OUTPUT/EfiSocketLib.lib(Socket.obj)
                0x0000000000007a4a                EslSocketPoll
 .text.EslSocketPortAllocate
                0x0000000000007eba      0x88e /home/student/nseiger/CS385/EFI/Sonoma_edk2/Build/AppPkg/DEBUG_GCC49/X64/StdLib/EfiSocketLib/EfiSocketLib/OUTPUT/EfiSocketLib.lib(Socket.obj)
                0x0000000000007eba                EslSocketPortAllocate
 .text.EslSocketPortClose
                0x0000000000008748      0xa04 /home/student/nseiger/CS385/EFI/Sonoma_edk2/Build/AppPkg/DEBUG_GCC49/X64/StdLib/EfiSocketLib/EfiSocketLib/OUTPUT/EfiSocketLib.lib(Socket.obj)
                0x0000000000008748                EslSocketPortClose
 .text.EslSocketPortCloseComplete
                0x000000000000914c      0x1ba /home/student/nseiger/CS385/EFI/Sonoma_edk2/Build/AppPkg/DEBUG_GCC49/X64/StdLib/EfiSocketLib/EfiSocketLib/OUTPUT/EfiSocketLib.lib(Socket.obj)
                0x000000000000914c                EslSocketPortCloseComplete
 .text.EslSocketPortCloseRxDone
                0x0000000000009306      0x2bb /home/student/nseiger/CS385/EFI/Sonoma_edk2/Build/AppPkg/DEBUG_GCC49/X64/StdLib/EfiSocketLib/EfiSocketLib/OUTPUT/EfiSocketLib.lib(Socket.obj)
                0x0000000000009306                EslSocketPortCloseRxDone
 .text.EslSocketPortCloseStart
                0x00000000000095c1      0x1bf /home/student/nseiger/CS385/EFI/Sonoma_edk2/Build/AppPkg/DEBUG_GCC49/X64/StdLib/EfiSocketLib/EfiSocketLib/OUTPUT/EfiSocketLib.lib(Socket.obj)
                0x00000000000095c1                EslSocketPortCloseStart
 .text.EslSocketPortCloseTxDone
                0x0000000000009780      0x5f3 /home/student/nseiger/CS385/EFI/Sonoma_edk2/Build/AppPkg/DEBUG_GCC49/X64/StdLib/EfiSocketLib/EfiSocketLib/OUTPUT/EfiSocketLib.lib(Socket.obj)
                0x0000000000009780                EslSocketPortCloseTxDone
 .text.EslSocketReceive
                0x0000000000009d73      0xa1a /home/student/nseiger/CS385/EFI/Sonoma_edk2/Build/AppPkg/DEBUG_GCC49/X64/StdLib/EfiSocketLib/EfiSocketLib/OUTPUT/EfiSocketLib.lib(Socket.obj)
                0x0000000000009d73                EslSocketReceive
 .text.EslSocketRxCancel
                0x000000000000a78d      0x167 /home/student/nseiger/CS385/EFI/Sonoma_edk2/Build/AppPkg/DEBUG_GCC49/X64/StdLib/EfiSocketLib/EfiSocketLib/OUTPUT/EfiSocketLib.lib(Socket.obj)
                0x000000000000a78d                EslSocketRxCancel
 .text.EslSocketRxComplete
                0x000000000000a8f4      0x5f1 /home/student/nseiger/CS385/EFI/Sonoma_edk2/Build/AppPkg/DEBUG_GCC49/X64/StdLib/EfiSocketLib/EfiSocketLib/OUTPUT/EfiSocketLib.lib(Socket.obj)
                0x000000000000a8f4                EslSocketRxComplete
 .text.EslSocketRxPoll
                0x000000000000aee5      0x106 /home/student/nseiger/CS385/EFI/Sonoma_edk2/Build/AppPkg/DEBUG_GCC49/X64/StdLib/EfiSocketLib/EfiSocketLib/OUTPUT/EfiSocketLib.lib(Socket.obj)
                0x000000000000aee5                EslSocketRxPoll
 .text.EslSocketRxStart
                0x000000000000afeb      0x5c7 /home/student/nseiger/CS385/EFI/Sonoma_edk2/Build/AppPkg/DEBUG_GCC49/X64/StdLib/EfiSocketLib/EfiSocketLib/OUTPUT/EfiSocketLib.lib(Socket.obj)
                0x000000000000afeb                EslSocketRxStart
 .text.EslSocketShutdown
                0x000000000000b5b2      0x2e6 /home/student/nseiger/CS385/EFI/Sonoma_edk2/Build/AppPkg/DEBUG_GCC49/X64/StdLib/EfiSocketLib/EfiSocketLib/OUTPUT/EfiSocketLib.lib(Socket.obj)
                0x000000000000b5b2                EslSocketShutdown
 .text.EslSocketTransmit
                0x000000000000b898      0x3b0 /home/student/nseiger/CS385/EFI/Sonoma_edk2/Build/AppPkg/DEBUG_GCC49/X64/StdLib/EfiSocketLib/EfiSocketLib/OUTPUT/EfiSocketLib.lib(Socket.obj)
                0x000000000000b898                EslSocketTransmit
 .text.EslSocketTxComplete
                0x000000000000bc48      0x422 /home/student/nseiger/CS385/EFI/Sonoma_edk2/Build/AppPkg/DEBUG_GCC49/X64/StdLib/EfiSocketLib/EfiSocketLib/OUTPUT/EfiSocketLib.lib(Socket.obj)
                0x000000000000bc48                EslSocketTxComplete
 .text.EslSocketTxStart
                0x000000000000c06a      0x273 /home/student/nseiger/CS385/EFI/Sonoma_edk2/Build/AppPkg/DEBUG_GCC49/X64/StdLib/EfiSocketLib/EfiSocketLib/OUTPUT/EfiSocketLib.lib(Socket.obj)
                0x000000000000c06a                EslSocketTxStart
 .text.EslTcp4Accept
                0x000000000000c2dd      0x189 /home/student/nseiger/CS385/EFI/Sonoma_edk2/Build/AppPkg/DEBUG_GCC49/X64/StdLib/EfiSocketLib/EfiSocketLib/OUTPUT/EfiSocketLib.lib(Tcp4.obj)
                0x000000000000c2dd                EslTcp4Accept
 .text.EslTcp4ConnectComplete
                0x000000000000c466      0x461 /home/student/nseiger/CS385/EFI/Sonoma_edk2/Build/AppPkg/DEBUG_GCC49/X64/StdLib/EfiSocketLib/EfiSocketLib/OUTPUT/EfiSocketLib.lib(Tcp4.obj)
                0x000000000000c466                EslTcp4ConnectComplete
 .text.EslTcp4ConnectPoll
                0x000000000000c8c7      0x303 /home/student/nseiger/CS385/EFI/Sonoma_edk2/Build/AppPkg/DEBUG_GCC49/X64/StdLib/EfiSocketLib/EfiSocketLib/OUTPUT/EfiSocketLib.lib(Tcp4.obj)
                0x000000000000c8c7                EslTcp4ConnectPoll
 .text.EslTcp4ConnectStart
                0x000000000000cbca      0x397 /home/student/nseiger/CS385/EFI/Sonoma_edk2/Build/AppPkg/DEBUG_GCC49/X64/StdLib/EfiSocketLib/EfiSocketLib/OUTPUT/EfiSocketLib.lib(Tcp4.obj)
                0x000000000000cbca                EslTcp4ConnectStart
 .text.EslTcp4Listen
                0x000000000000cf61      0x66c /home/student/nseiger/CS385/EFI/Sonoma_edk2/Build/AppPkg/DEBUG_GCC49/X64/StdLib/EfiSocketLib/EfiSocketLib/OUTPUT/EfiSocketLib.lib(Tcp4.obj)
                0x000000000000cf61                EslTcp4Listen
 .text.EslTcp4ListenComplete
                0x000000000000d5cd      0x713 /home/student/nseiger/CS385/EFI/Sonoma_edk2/Build/AppPkg/DEBUG_GCC49/X64/StdLib/EfiSocketLib/EfiSocketLib/OUTPUT/EfiSocketLib.lib(Tcp4.obj)
                0x000000000000d5cd                EslTcp4ListenComplete
 .text.EslTcp4LocalAddressGet
                0x000000000000dce0       0x89 /home/student/nseiger/CS385/EFI/Sonoma_edk2/Build/AppPkg/DEBUG_GCC49/X64/StdLib/EfiSocketLib/EfiSocketLib/OUTPUT/EfiSocketLib.lib(Tcp4.obj)
                0x000000000000dce0                EslTcp4LocalAddressGet
 .text.EslTcp4LocalAddressSet
                0x000000000000dd69      0x26b /home/student/nseiger/CS385/EFI/Sonoma_edk2/Build/AppPkg/DEBUG_GCC49/X64/StdLib/EfiSocketLib/EfiSocketLib/OUTPUT/EfiSocketLib.lib(Tcp4.obj)
                0x000000000000dd69                EslTcp4LocalAddressSet
 .text.EslTcp4PacketFree
                0x000000000000dfd4       0x2d /home/student/nseiger/CS385/EFI/Sonoma_edk2/Build/AppPkg/DEBUG_GCC49/X64/StdLib/EfiSocketLib/EfiSocketLib/OUTPUT/EfiSocketLib.lib(Tcp4.obj)
                0x000000000000dfd4                EslTcp4PacketFree
 .text.EslTcp4PortAllocate
                0x000000000000e001      0x34c /home/student/nseiger/CS385/EFI/Sonoma_edk2/Build/AppPkg/DEBUG_GCC49/X64/StdLib/EfiSocketLib/EfiSocketLib/OUTPUT/EfiSocketLib.lib(Tcp4.obj)
                0x000000000000e001                EslTcp4PortAllocate
 .text.EslTcp4PortClose
                0x000000000000e34d      0x49f /home/student/nseiger/CS385/EFI/Sonoma_edk2/Build/AppPkg/DEBUG_GCC49/X64/StdLib/EfiSocketLib/EfiSocketLib/OUTPUT/EfiSocketLib.lib(Tcp4.obj)
                0x000000000000e34d                EslTcp4PortClose
 .text.EslTcp4PortCloseOp
                0x000000000000e7ec      0x17e /home/student/nseiger/CS385/EFI/Sonoma_edk2/Build/AppPkg/DEBUG_GCC49/X64/StdLib/EfiSocketLib/EfiSocketLib/OUTPUT/EfiSocketLib.lib(Tcp4.obj)
                0x000000000000e7ec                EslTcp4PortCloseOp
 .text.EslTcp4Receive
                0x000000000000e96a      0x2e3 /home/student/nseiger/CS385/EFI/Sonoma_edk2/Build/AppPkg/DEBUG_GCC49/X64/StdLib/EfiSocketLib/EfiSocketLib/OUTPUT/EfiSocketLib.lib(Tcp4.obj)
                0x000000000000e96a                EslTcp4Receive
 .text.EslTcp4RemoteAddressGet
                0x000000000000ec4d       0x89 /home/student/nseiger/CS385/EFI/Sonoma_edk2/Build/AppPkg/DEBUG_GCC49/X64/StdLib/EfiSocketLib/EfiSocketLib/OUTPUT/EfiSocketLib.lib(Tcp4.obj)
                0x000000000000ec4d                EslTcp4RemoteAddressGet
 .text.EslTcp4RemoteAddressSet
                0x000000000000ecd6      0x12f /home/student/nseiger/CS385/EFI/Sonoma_edk2/Build/AppPkg/DEBUG_GCC49/X64/StdLib/EfiSocketLib/EfiSocketLib/OUTPUT/EfiSocketLib.lib(Tcp4.obj)
                0x000000000000ecd6                EslTcp4RemoteAddressSet
 .text.EslTcp4RxComplete
                0x000000000000ee05       0x7e /home/student/nseiger/CS385/EFI/Sonoma_edk2/Build/AppPkg/DEBUG_GCC49/X64/StdLib/EfiSocketLib/EfiSocketLib/OUTPUT/EfiSocketLib.lib(Tcp4.obj)
                0x000000000000ee05                EslTcp4RxComplete
 .text.EslTcp4RxStart
                0x000000000000ee83       0x63 /home/student/nseiger/CS385/EFI/Sonoma_edk2/Build/AppPkg/DEBUG_GCC49/X64/StdLib/EfiSocketLib/EfiSocketLib/OUTPUT/EfiSocketLib.lib(Tcp4.obj)
                0x000000000000ee83                EslTcp4RxStart
 .text.EslTcp4SocketIsConfigured
                0x000000000000eee6       0x36 /home/student/nseiger/CS385/EFI/Sonoma_edk2/Build/AppPkg/DEBUG_GCC49/X64/StdLib/EfiSocketLib/EfiSocketLib/OUTPUT/EfiSocketLib.lib(Tcp4.obj)
                0x000000000000eee6                EslTcp4SocketIsConfigured
 .text.EslTcp4TxBuffer
                0x000000000000ef1c      0x699 /home/student/nseiger/CS385/EFI/Sonoma_edk2/Build/AppPkg/DEBUG_GCC49/X64/StdLib/EfiSocketLib/EfiSocketLib/OUTPUT/EfiSocketLib.lib(Tcp4.obj)
                0x000000000000ef1c                EslTcp4TxBuffer
 .text.EslTcp4TxComplete
                0x000000000000f5b5       0xb9 /home/student/nseiger/CS385/EFI/Sonoma_edk2/Build/AppPkg/DEBUG_GCC49/X64/StdLib/EfiSocketLib/EfiSocketLib/OUTPUT/EfiSocketLib.lib(Tcp4.obj)
                0x000000000000f5b5                EslTcp4TxComplete
 .text.EslTcp4TxOobComplete
                0x000000000000f66e       0xbf /home/student/nseiger/CS385/EFI/Sonoma_edk2/Build/AppPkg/DEBUG_GCC49/X64/StdLib/EfiSocketLib/EfiSocketLib/OUTPUT/EfiSocketLib.lib(Tcp4.obj)
                0x000000000000f66e                EslTcp4TxOobComplete
 .text.EslTcp4VerifyLocalIpAddress
                0x000000000000f72d      0x543 /home/student/nseiger/CS385/EFI/Sonoma_edk2/Build/AppPkg/DEBUG_GCC49/X64/StdLib/EfiSocketLib/EfiSocketLib/OUTPUT/EfiSocketLib.lib(Tcp4.obj)
                0x000000000000f72d                EslTcp4VerifyLocalIpAddress
 .text.EslTcp6Accept
                0x000000000000fc70      0x168 /home/student/nseiger/CS385/EFI/Sonoma_edk2/Build/AppPkg/DEBUG_GCC49/X64/StdLib/EfiSocketLib/EfiSocketLib/OUTPUT/EfiSocketLib.lib(Tcp6.obj)
                0x000000000000fc70                EslTcp6Accept
 .text.EslTcp6ConnectComplete
                0x000000000000fdd8      0x5f6 /home/student/nseiger/CS385/EFI/Sonoma_edk2/Build/AppPkg/DEBUG_GCC49/X64/StdLib/EfiSocketLib/EfiSocketLib/OUTPUT/EfiSocketLib.lib(Tcp6.obj)
                0x000000000000fdd8                EslTcp6ConnectComplete
 .text.EslTcp6ConnectPoll
                0x00000000000103ce      0x303 /home/student/nseiger/CS385/EFI/Sonoma_edk2/Build/AppPkg/DEBUG_GCC49/X64/StdLib/EfiSocketLib/EfiSocketLib/OUTPUT/EfiSocketLib.lib(Tcp6.obj)
                0x00000000000103ce                EslTcp6ConnectPoll
 .text.EslTcp6ConnectStart
                0x00000000000106d1      0x489 /home/student/nseiger/CS385/EFI/Sonoma_edk2/Build/AppPkg/DEBUG_GCC49/X64/StdLib/EfiSocketLib/EfiSocketLib/OUTPUT/EfiSocketLib.lib(Tcp6.obj)
                0x00000000000106d1                EslTcp6ConnectStart
 .text.EslTcp6Listen
                0x0000000000010b5a      0x66c /home/student/nseiger/CS385/EFI/Sonoma_edk2/Build/AppPkg/DEBUG_GCC49/X64/StdLib/EfiSocketLib/EfiSocketLib/OUTPUT/EfiSocketLib.lib(Tcp6.obj)
                0x0000000000010b5a                EslTcp6Listen
 .text.EslTcp6ListenComplete
                0x00000000000111c6      0x9c9 /home/student/nseiger/CS385/EFI/Sonoma_edk2/Build/AppPkg/DEBUG_GCC49/X64/StdLib/EfiSocketLib/EfiSocketLib/OUTPUT/EfiSocketLib.lib(Tcp6.obj)
                0x00000000000111c6                EslTcp6ListenComplete
 .text.EslTcp6LocalAddressGet
                0x0000000000011b8f       0x89 /home/student/nseiger/CS385/EFI/Sonoma_edk2/Build/AppPkg/DEBUG_GCC49/X64/StdLib/EfiSocketLib/EfiSocketLib/OUTPUT/EfiSocketLib.lib(Tcp6.obj)
                0x0000000000011b8f                EslTcp6LocalAddressGet
 .text.EslTcp6LocalAddressSet
                0x0000000000011c18      0x249 /home/student/nseiger/CS385/EFI/Sonoma_edk2/Build/AppPkg/DEBUG_GCC49/X64/StdLib/EfiSocketLib/EfiSocketLib/OUTPUT/EfiSocketLib.lib(Tcp6.obj)
                0x0000000000011c18                EslTcp6LocalAddressSet
 .text.EslTcp6PacketFree
                0x0000000000011e61       0x2d /home/student/nseiger/CS385/EFI/Sonoma_edk2/Build/AppPkg/DEBUG_GCC49/X64/StdLib/EfiSocketLib/EfiSocketLib/OUTPUT/EfiSocketLib.lib(Tcp6.obj)
                0x0000000000011e61                EslTcp6PacketFree
 .text.EslTcp6PortAllocate
                0x0000000000011e8e      0x359 /home/student/nseiger/CS385/EFI/Sonoma_edk2/Build/AppPkg/DEBUG_GCC49/X64/StdLib/EfiSocketLib/EfiSocketLib/OUTPUT/EfiSocketLib.lib(Tcp6.obj)
                0x0000000000011e8e                EslTcp6PortAllocate
 .text.EslTcp6PortClose
                0x00000000000121e7      0x4a8 /home/student/nseiger/CS385/EFI/Sonoma_edk2/Build/AppPkg/DEBUG_GCC49/X64/StdLib/EfiSocketLib/EfiSocketLib/OUTPUT/EfiSocketLib.lib(Tcp6.obj)
                0x00000000000121e7                EslTcp6PortClose
 .text.EslTcp6PortCloseOp
                0x000000000001268f      0x181 /home/student/nseiger/CS385/EFI/Sonoma_edk2/Build/AppPkg/DEBUG_GCC49/X64/StdLib/EfiSocketLib/EfiSocketLib/OUTPUT/EfiSocketLib.lib(Tcp6.obj)
                0x000000000001268f                EslTcp6PortCloseOp
 .text.EslTcp6Receive
                0x0000000000012810      0x3c2 /home/student/nseiger/CS385/EFI/Sonoma_edk2/Build/AppPkg/DEBUG_GCC49/X64/StdLib/EfiSocketLib/EfiSocketLib/OUTPUT/EfiSocketLib.lib(Tcp6.obj)
                0x0000000000012810                EslTcp6Receive
 .text.EslTcp6RemoteAddressGet
                0x0000000000012bd2       0x89 /home/student/nseiger/CS385/EFI/Sonoma_edk2/Build/AppPkg/DEBUG_GCC49/X64/StdLib/EfiSocketLib/EfiSocketLib/OUTPUT/EfiSocketLib.lib(Tcp6.obj)
                0x0000000000012bd2                EslTcp6RemoteAddressGet
 .text.EslTcp6RemoteAddressSet
                0x0000000000012c5b       0x8f /home/student/nseiger/CS385/EFI/Sonoma_edk2/Build/AppPkg/DEBUG_GCC49/X64/StdLib/EfiSocketLib/EfiSocketLib/OUTPUT/EfiSocketLib.lib(Tcp6.obj)
                0x0000000000012c5b                EslTcp6RemoteAddressSet
 .text.EslTcp6RxComplete
                0x0000000000012cea       0x7e /home/student/nseiger/CS385/EFI/Sonoma_edk2/Build/AppPkg/DEBUG_GCC49/X64/StdLib/EfiSocketLib/EfiSocketLib/OUTPUT/EfiSocketLib.lib(Tcp6.obj)
                0x0000000000012cea                EslTcp6RxComplete
 .text.EslTcp6RxStart
                0x0000000000012d68       0x63 /home/student/nseiger/CS385/EFI/Sonoma_edk2/Build/AppPkg/DEBUG_GCC49/X64/StdLib/EfiSocketLib/EfiSocketLib/OUTPUT/EfiSocketLib.lib(Tcp6.obj)
                0x0000000000012d68                EslTcp6RxStart
 .text.EslTcp6SocketIsConfigured
                0x0000000000012dcb       0x36 /home/student/nseiger/CS385/EFI/Sonoma_edk2/Build/AppPkg/DEBUG_GCC49/X64/StdLib/EfiSocketLib/EfiSocketLib/OUTPUT/EfiSocketLib.lib(Tcp6.obj)
                0x0000000000012dcb                EslTcp6SocketIsConfigured
 .text.EslTcp6TxBuffer
                0x0000000000012e01      0x699 /home/student/nseiger/CS385/EFI/Sonoma_edk2/Build/AppPkg/DEBUG_GCC49/X64/StdLib/EfiSocketLib/EfiSocketLib/OUTPUT/EfiSocketLib.lib(Tcp6.obj)
                0x0000000000012e01                EslTcp6TxBuffer
 .text.EslTcp6TxComplete
                0x000000000001349a       0xb9 /home/student/nseiger/CS385/EFI/Sonoma_edk2/Build/AppPkg/DEBUG_GCC49/X64/StdLib/EfiSocketLib/EfiSocketLib/OUTPUT/EfiSocketLib.lib(Tcp6.obj)
                0x000000000001349a                EslTcp6TxComplete
 .text.EslTcp6TxOobComplete
                0x0000000000013553       0xbf /home/student/nseiger/CS385/EFI/Sonoma_edk2/Build/AppPkg/DEBUG_GCC49/X64/StdLib/EfiSocketLib/EfiSocketLib/OUTPUT/EfiSocketLib.lib(Tcp6.obj)
                0x0000000000013553                EslTcp6TxOobComplete
 .text.EslTcp6VerifyLocalIpAddress
                0x0000000000013612      0xb2c /home/student/nseiger/CS385/EFI/Sonoma_edk2/Build/AppPkg/DEBUG_GCC49/X64/StdLib/EfiSocketLib/EfiSocketLib/OUTPUT/EfiSocketLib.lib(Tcp6.obj)
                0x0000000000013612                EslTcp6VerifyLocalIpAddress
 .text.EslUdp4LocalAddressGet
                0x000000000001413e       0x89 /home/student/nseiger/CS385/EFI/Sonoma_edk2/Build/AppPkg/DEBUG_GCC49/X64/StdLib/EfiSocketLib/EfiSocketLib/OUTPUT/EfiSocketLib.lib(Udp4.obj)
                0x000000000001413e                EslUdp4LocalAddressGet
 .text.EslUdp4LocalAddressSet
                0x00000000000141c7      0x266 /home/student/nseiger/CS385/EFI/Sonoma_edk2/Build/AppPkg/DEBUG_GCC49/X64/StdLib/EfiSocketLib/EfiSocketLib/OUTPUT/EfiSocketLib.lib(Udp4.obj)
                0x00000000000141c7                EslUdp4LocalAddressSet
 .text.EslUdp4PacketFree
                0x000000000001442d       0x6b /home/student/nseiger/CS385/EFI/Sonoma_edk2/Build/AppPkg/DEBUG_GCC49/X64/StdLib/EfiSocketLib/EfiSocketLib/OUTPUT/EfiSocketLib.lib(Udp4.obj)
                0x000000000001442d                EslUdp4PacketFree
 .text.EslUdp4PortAllocate
                0x0000000000014498      0x110 /home/student/nseiger/CS385/EFI/Sonoma_edk2/Build/AppPkg/DEBUG_GCC49/X64/StdLib/EfiSocketLib/EfiSocketLib/OUTPUT/EfiSocketLib.lib(Udp4.obj)
                0x0000000000014498                EslUdp4PortAllocate
 .text.EslUdp4Receive
                0x00000000000145a8      0x202 /home/student/nseiger/CS385/EFI/Sonoma_edk2/Build/AppPkg/DEBUG_GCC49/X64/StdLib/EfiSocketLib/EfiSocketLib/OUTPUT/EfiSocketLib.lib(Udp4.obj)
                0x00000000000145a8                EslUdp4Receive
 .text.EslUdp4RemoteAddressGet
                0x00000000000147aa       0x89 /home/student/nseiger/CS385/EFI/Sonoma_edk2/Build/AppPkg/DEBUG_GCC49/X64/StdLib/EfiSocketLib/EfiSocketLib/OUTPUT/EfiSocketLib.lib(Udp4.obj)
                0x00000000000147aa                EslUdp4RemoteAddressGet
 .text.EslUdp4RemoteAddressSet
                0x0000000000014833       0xba /home/student/nseiger/CS385/EFI/Sonoma_edk2/Build/AppPkg/DEBUG_GCC49/X64/StdLib/EfiSocketLib/EfiSocketLib/OUTPUT/EfiSocketLib.lib(Udp4.obj)
                0x0000000000014833                EslUdp4RemoteAddressSet
 .text.EslUdp4RxComplete
                0x00000000000148ed       0x70 /home/student/nseiger/CS385/EFI/Sonoma_edk2/Build/AppPkg/DEBUG_GCC49/X64/StdLib/EfiSocketLib/EfiSocketLib/OUTPUT/EfiSocketLib.lib(Udp4.obj)
                0x00000000000148ed                EslUdp4RxComplete
 .text.EslUdp4SocketIsConfigured
                0x000000000001495d      0x4ae /home/student/nseiger/CS385/EFI/Sonoma_edk2/Build/AppPkg/DEBUG_GCC49/X64/StdLib/EfiSocketLib/EfiSocketLib/OUTPUT/EfiSocketLib.lib(Udp4.obj)
                0x000000000001495d                EslUdp4SocketIsConfigured
 .text.EslUdp4TxBuffer
                0x0000000000014e0b      0x615 /home/student/nseiger/CS385/EFI/Sonoma_edk2/Build/AppPkg/DEBUG_GCC49/X64/StdLib/EfiSocketLib/EfiSocketLib/OUTPUT/EfiSocketLib.lib(Udp4.obj)
                0x0000000000014e0b                EslUdp4TxBuffer
 .text.EslUdp4TxComplete
                0x0000000000015420      0x137 /home/student/nseiger/CS385/EFI/Sonoma_edk2/Build/AppPkg/DEBUG_GCC49/X64/StdLib/EfiSocketLib/EfiSocketLib/OUTPUT/EfiSocketLib.lib(Udp4.obj)
                0x0000000000015420                EslUdp4TxComplete
 .text.EslUdp4VerifyLocalIpAddress
                0x0000000000015557      0x539 /home/student/nseiger/CS385/EFI/Sonoma_edk2/Build/AppPkg/DEBUG_GCC49/X64/StdLib/EfiSocketLib/EfiSocketLib/OUTPUT/EfiSocketLib.lib(Udp4.obj)
                0x0000000000015557                EslUdp4VerifyLocalIpAddress
 .text.EslUdp6LocalAddressGet
                0x0000000000015a90       0x89 /home/student/nseiger/CS385/EFI/Sonoma_edk2/Build/AppPkg/DEBUG_GCC49/X64/StdLib/EfiSocketLib/EfiSocketLib/OUTPUT/EfiSocketLib.lib(Udp6.obj)
                0x0000000000015a90                EslUdp6LocalAddressGet
 .text.EslUdp6LocalAddressSet
                0x0000000000015b19      0x256 /home/student/nseiger/CS385/EFI/Sonoma_edk2/Build/AppPkg/DEBUG_GCC49/X64/StdLib/EfiSocketLib/EfiSocketLib/OUTPUT/EfiSocketLib.lib(Udp6.obj)
                0x0000000000015b19                EslUdp6LocalAddressSet
 .text.EslUdp6PacketFree
                0x0000000000015d6f       0x6b /home/student/nseiger/CS385/EFI/Sonoma_edk2/Build/AppPkg/DEBUG_GCC49/X64/StdLib/EfiSocketLib/EfiSocketLib/OUTPUT/EfiSocketLib.lib(Udp6.obj)
                0x0000000000015d6f                EslUdp6PacketFree
 .text.EslUdp6PortAllocate
                0x0000000000015dda      0x121 /home/student/nseiger/CS385/EFI/Sonoma_edk2/Build/AppPkg/DEBUG_GCC49/X64/StdLib/EfiSocketLib/EfiSocketLib/OUTPUT/EfiSocketLib.lib(Udp6.obj)
                0x0000000000015dda                EslUdp6PortAllocate
 .text.EslUdp6Receive
                0x0000000000015efb      0x2e1 /home/student/nseiger/CS385/EFI/Sonoma_edk2/Build/AppPkg/DEBUG_GCC49/X64/StdLib/EfiSocketLib/EfiSocketLib/OUTPUT/EfiSocketLib.lib(Udp6.obj)
                0x0000000000015efb                EslUdp6Receive
 .text.EslUdp6RemoteAddressGet
                0x00000000000161dc       0x89 /home/student/nseiger/CS385/EFI/Sonoma_edk2/Build/AppPkg/DEBUG_GCC49/X64/StdLib/EfiSocketLib/EfiSocketLib/OUTPUT/EfiSocketLib.lib(Udp6.obj)
                0x00000000000161dc                EslUdp6RemoteAddressGet
 .text.EslUdp6RemoteAddressSet
                0x0000000000016265       0x8f /home/student/nseiger/CS385/EFI/Sonoma_edk2/Build/AppPkg/DEBUG_GCC49/X64/StdLib/EfiSocketLib/EfiSocketLib/OUTPUT/EfiSocketLib.lib(Udp6.obj)
                0x0000000000016265                EslUdp6RemoteAddressSet
 .text.EslUdp6RxComplete
                0x00000000000162f4       0x70 /home/student/nseiger/CS385/EFI/Sonoma_edk2/Build/AppPkg/DEBUG_GCC49/X64/StdLib/EfiSocketLib/EfiSocketLib/OUTPUT/EfiSocketLib.lib(Udp6.obj)
                0x00000000000162f4                EslUdp6RxComplete
 .text.EslUdp6SocketIsConfigured
                0x0000000000016364      0x8ed /home/student/nseiger/CS385/EFI/Sonoma_edk2/Build/AppPkg/DEBUG_GCC49/X64/StdLib/EfiSocketLib/EfiSocketLib/OUTPUT/EfiSocketLib.lib(Udp6.obj)
                0x0000000000016364                EslUdp6SocketIsConfigured
 .text.EslUdp6TxBuffer
                0x0000000000016c51      0x728 /home/student/nseiger/CS385/EFI/Sonoma_edk2/Build/AppPkg/DEBUG_GCC49/X64/StdLib/EfiSocketLib/EfiSocketLib/OUTPUT/EfiSocketLib.lib(Udp6.obj)
                0x0000000000016c51                EslUdp6TxBuffer
 .text.EslUdp6TxComplete
                0x0000000000017379      0x137 /home/student/nseiger/CS385/EFI/Sonoma_edk2/Build/AppPkg/DEBUG_GCC49/X64/StdLib/EfiSocketLib/EfiSocketLib/OUTPUT/EfiSocketLib.lib(Udp6.obj)
                0x0000000000017379                EslUdp6TxComplete
 .text.EslUdp6VerifyLocalIpAddress
                0x00000000000174b0      0xb24 /home/student/nseiger/CS385/EFI/Sonoma_edk2/Build/AppPkg/DEBUG_GCC49/X64/StdLib/EfiSocketLib/EfiSocketLib/OUTPUT/EfiSocketLib.lib(Udp6.obj)
                0x00000000000174b0                EslUdp6VerifyLocalIpAddress
 .text.EslIp4LocalAddressGet
                0x0000000000017fd4       0x5e /home/student/nseiger/CS385/EFI/Sonoma_edk2/Build/AppPkg/DEBUG_GCC49/X64/StdLib/EfiSocketLib/EfiSocketLib/OUTPUT/EfiSocketLib.lib(Ip4.obj)
                0x0000000000017fd4                EslIp4LocalAddressGet
 .text.EslIp4LocalAddressSet
                0x0000000000018032      0x1f7 /home/student/nseiger/CS385/EFI/Sonoma_edk2/Build/AppPkg/DEBUG_GCC49/X64/StdLib/EfiSocketLib/EfiSocketLib/OUTPUT/EfiSocketLib.lib(Ip4.obj)
                0x0000000000018032                EslIp4LocalAddressSet
 .text.EslIp4OptionGet
                0x0000000000018229       0x76 /home/student/nseiger/CS385/EFI/Sonoma_edk2/Build/AppPkg/DEBUG_GCC49/X64/StdLib/EfiSocketLib/EfiSocketLib/OUTPUT/EfiSocketLib.lib(Ip4.obj)
                0x0000000000018229                EslIp4OptionGet
 .text.EslIp4OptionSet
                0x000000000001829f       0xd1 /home/student/nseiger/CS385/EFI/Sonoma_edk2/Build/AppPkg/DEBUG_GCC49/X64/StdLib/EfiSocketLib/EfiSocketLib/OUTPUT/EfiSocketLib.lib(Ip4.obj)
                0x000000000001829f                EslIp4OptionSet
 .text.EslIp4PacketFree
                0x0000000000018370       0x74 /home/student/nseiger/CS385/EFI/Sonoma_edk2/Build/AppPkg/DEBUG_GCC49/X64/StdLib/EfiSocketLib/EfiSocketLib/OUTPUT/EfiSocketLib.lib(Ip4.obj)
                0x0000000000018370                EslIp4PacketFree
 .text.EslIp4PortAllocate
                0x00000000000183e4      0x156 /home/student/nseiger/CS385/EFI/Sonoma_edk2/Build/AppPkg/DEBUG_GCC49/X64/StdLib/EfiSocketLib/EfiSocketLib/OUTPUT/EfiSocketLib.lib(Ip4.obj)
                0x00000000000183e4                EslIp4PortAllocate
 .text.EslIp4Receive
                0x000000000001853a      0x2c9 /home/student/nseiger/CS385/EFI/Sonoma_edk2/Build/AppPkg/DEBUG_GCC49/X64/StdLib/EfiSocketLib/EfiSocketLib/OUTPUT/EfiSocketLib.lib(Ip4.obj)
                0x000000000001853a                EslIp4Receive
 .text.EslIp4RemoteAddressGet
                0x0000000000018803       0x5e /home/student/nseiger/CS385/EFI/Sonoma_edk2/Build/AppPkg/DEBUG_GCC49/X64/StdLib/EfiSocketLib/EfiSocketLib/OUTPUT/EfiSocketLib.lib(Ip4.obj)
                0x0000000000018803                EslIp4RemoteAddressGet
 .text.EslIp4RemoteAddressSet
                0x0000000000018861       0x8f /home/student/nseiger/CS385/EFI/Sonoma_edk2/Build/AppPkg/DEBUG_GCC49/X64/StdLib/EfiSocketLib/EfiSocketLib/OUTPUT/EfiSocketLib.lib(Ip4.obj)
                0x0000000000018861                EslIp4RemoteAddressSet
 .text.EslIp4RxComplete
                0x00000000000188f0       0x79 /home/student/nseiger/CS385/EFI/Sonoma_edk2/Build/AppPkg/DEBUG_GCC49/X64/StdLib/EfiSocketLib/EfiSocketLib/OUTPUT/EfiSocketLib.lib(Ip4.obj)
                0x00000000000188f0                EslIp4RxComplete
 .text.EslIp4SocketIsConfigured
                0x0000000000018969      0x82d /home/student/nseiger/CS385/EFI/Sonoma_edk2/Build/AppPkg/DEBUG_GCC49/X64/StdLib/EfiSocketLib/EfiSocketLib/OUTPUT/EfiSocketLib.lib(Ip4.obj)
                0x0000000000018969                EslIp4SocketIsConfigured
 .text.EslIp4TxBuffer
                0x0000000000019196      0x695 /home/student/nseiger/CS385/EFI/Sonoma_edk2/Build/AppPkg/DEBUG_GCC49/X64/StdLib/EfiSocketLib/EfiSocketLib/OUTPUT/EfiSocketLib.lib(Ip4.obj)
                0x0000000000019196                EslIp4TxBuffer
 .text.EslIp4TxComplete
                0x000000000001982b      0x137 /home/student/nseiger/CS385/EFI/Sonoma_edk2/Build/AppPkg/DEBUG_GCC49/X64/StdLib/EfiSocketLib/EfiSocketLib/OUTPUT/EfiSocketLib.lib(Ip4.obj)
                0x000000000001982b                EslIp4TxComplete
 .text.EslIp4VerifyLocalIpAddress
                0x0000000000019962      0x539 /home/student/nseiger/CS385/EFI/Sonoma_edk2/Build/AppPkg/DEBUG_GCC49/X64/StdLib/EfiSocketLib/EfiSocketLib/OUTPUT/EfiSocketLib.lib(Ip4.obj)
                0x0000000000019962                EslIp4VerifyLocalIpAddress
 .text.RuntimeLibExitBootServicesEvent
                0x0000000000019e9b       0x1c /home/student/nseiger/CS385/EFI/Sonoma_edk2/Build/AppPkg/DEBUG_GCC49/X64/MdePkg/Library/UefiRuntimeLib/UefiRuntimeLib/OUTPUT/UefiRuntimeLib.lib(RuntimeLib.obj)
                0x0000000000019e9b                RuntimeLibExitBootServicesEvent
 .text.RuntimeLibVirtualNotifyEvent
                0x0000000000019eb7       0x3b /home/student/nseiger/CS385/EFI/Sonoma_edk2/Build/AppPkg/DEBUG_GCC49/X64/MdePkg/Library/UefiRuntimeLib/UefiRuntimeLib/OUTPUT/UefiRuntimeLib.lib(RuntimeLib.obj)
                0x0000000000019eb7                RuntimeLibVirtualNotifyEvent
 .text.RuntimeDriverLibConstruct
                0x0000000000019ef2      0x26c /home/student/nseiger/CS385/EFI/Sonoma_edk2/Build/AppPkg/DEBUG_GCC49/X64/MdePkg/Library/UefiRuntimeLib/UefiRuntimeLib/OUTPUT/UefiRuntimeLib.lib(RuntimeLib.obj)
                0x0000000000019ef2                RuntimeDriverLibConstruct
 .text.RuntimeDriverLibDeconstruct
                0x000000000001a15e      0x1b5 /home/student/nseiger/CS385/EFI/Sonoma_edk2/Build/AppPkg/DEBUG_GCC49/X64/MdePkg/Library/UefiRuntimeLib/UefiRuntimeLib/OUTPUT/UefiRuntimeLib.lib(RuntimeLib.obj)
                0x000000000001a15e                RuntimeDriverLibDeconstruct
 .text.EfiConvertPointer
                0x000000000001a313       0x2d /home/student/nseiger/CS385/EFI/Sonoma_edk2/Build/AppPkg/DEBUG_GCC49/X64/MdePkg/Library/UefiRuntimeLib/UefiRuntimeLib/OUTPUT/UefiRuntimeLib.lib(RuntimeLib.obj)
                0x000000000001a313                EfiConvertPointer
 .text.SwapBytes16
                0x000000000001a340       0x1f /home/student/nseiger/CS385/EFI/Sonoma_edk2/Build/AppPkg/DEBUG_GCC49/X64/MdePkg/Library/BaseLib/BaseLib/OUTPUT/BaseLib.lib(SwapBytes16.obj)
                0x000000000001a340                SwapBytes16
 .text.AsciiStrLen
                0x000000000001a35f       0xc6 /home/student/nseiger/CS385/EFI/Sonoma_edk2/Build/AppPkg/DEBUG_GCC49/X64/MdePkg/Library/BaseLib/BaseLib/OUTPUT/BaseLib.lib(String.obj)
                0x000000000001a35f                AsciiStrLen
 .text.AsciiStrSize
                0x000000000001a425       0x22 /home/student/nseiger/CS385/EFI/Sonoma_edk2/Build/AppPkg/DEBUG_GCC49/X64/MdePkg/Library/BaseLib/BaseLib/OUTPUT/BaseLib.lib(String.obj)
                0x000000000001a425                AsciiStrSize
 .text.AsciiStrnCmp
                0x000000000001a447      0x166 /home/student/nseiger/CS385/EFI/Sonoma_edk2/Build/AppPkg/DEBUG_GCC49/X64/MdePkg/Library/BaseLib/BaseLib/OUTPUT/BaseLib.lib(String.obj)
                0x000000000001a447                AsciiStrnCmp
 .text.ReadUnaligned24
                0x000000000001a5ad       0x55 /home/student/nseiger/CS385/EFI/Sonoma_edk2/Build/AppPkg/DEBUG_GCC49/X64/MdePkg/Library/BaseLib/BaseLib/OUTPUT/BaseLib.lib(Unaligned.obj)
                0x000000000001a5ad                ReadUnaligned24
 .text.ZeroMem  0x000000000001a602       0xae /home/student/nseiger/CS385/EFI/Sonoma_edk2/Build/AppPkg/DEBUG_GCC49/X64/MdePkg/Library/BaseMemoryLib/BaseMemoryLib/OUTPUT/BaseMemoryLib.lib(ZeroMemWrapper.obj)
                0x000000000001a602                ZeroMem
 .text.CopyMem  0x000000000001a6b0       0xe6 /home/student/nseiger/CS385/EFI/Sonoma_edk2/Build/AppPkg/DEBUG_GCC49/X64/MdePkg/Library/BaseMemoryLib/BaseMemoryLib/OUTPUT/BaseMemoryLib.lib(CopyMemWrapper.obj)
                0x000000000001a6b0                CopyMem
 .text.InternalMemZeroMem
                0x000000000001a796       0x2f /home/student/nseiger/CS385/EFI/Sonoma_edk2/Build/AppPkg/DEBUG_GCC49/X64/MdePkg/Library/BaseMemoryLib/BaseMemoryLib/OUTPUT/BaseMemoryLib.lib(MemLibGeneric.obj)
                0x000000000001a796                InternalMemZeroMem
 .text.InternalMemCopyMem
                0x000000000001a7c5       0xb8 /home/student/nseiger/CS385/EFI/Sonoma_edk2/Build/AppPkg/DEBUG_GCC49/X64/MdePkg/Library/BaseMemoryLib/BaseMemoryLib/OUTPUT/BaseMemoryLib.lib(CopyMem.obj)
                0x000000000001a7c5                InternalMemCopyMem
 .text.InternalMemSetMem
                0x000000000001a87d       0x49 /home/student/nseiger/CS385/EFI/Sonoma_edk2/Build/AppPkg/DEBUG_GCC49/X64/MdePkg/Library/BaseMemoryLib/BaseMemoryLib/OUTPUT/BaseMemoryLib.lib(SetMem.obj)
                0x000000000001a87d                InternalMemSetMem
 .text.InternalAllocatePool
                0x000000000001a8c6       0x53 /home/student/nseiger/CS385/EFI/Sonoma_edk2/Build/AppPkg/DEBUG_GCC49/X64/MdePkg/Library/UefiMemoryAllocationLib/UefiMemoryAllocationLib/OUTPUT/UefiMemoryAllocationLib.lib(MemoryAllocationLib.obj)
                0x000000000001a8c6                InternalAllocatePool
 .text.AllocatePool
                0x000000000001a919       0x95 /home/student/nseiger/CS385/EFI/Sonoma_edk2/Build/AppPkg/DEBUG_GCC49/X64/MdePkg/Library/UefiMemoryAllocationLib/UefiMemoryAllocationLib/OUTPUT/UefiMemoryAllocationLib.lib(MemoryAllocationLib.obj)
                0x000000000001a919                AllocatePool
 .text.InternalAllocateZeroPool
                0x000000000001a9ae       0x5b /home/student/nseiger/CS385/EFI/Sonoma_edk2/Build/AppPkg/DEBUG_GCC49/X64/MdePkg/Library/UefiMemoryAllocationLib/UefiMemoryAllocationLib/OUTPUT/UefiMemoryAllocationLib.lib(MemoryAllocationLib.obj)
                0x000000000001a9ae                InternalAllocateZeroPool
 .text.AllocateZeroPool
                0x000000000001aa09       0x95 /home/student/nseiger/CS385/EFI/Sonoma_edk2/Build/AppPkg/DEBUG_GCC49/X64/MdePkg/Library/UefiMemoryAllocationLib/UefiMemoryAllocationLib/OUTPUT/UefiMemoryAllocationLib.lib(MemoryAllocationLib.obj)
                0x000000000001aa09                AllocateZeroPool
 .text.FreePool
                0x000000000001aa9e       0xaf /home/student/nseiger/CS385/EFI/Sonoma_edk2/Build/AppPkg/DEBUG_GCC49/X64/MdePkg/Library/UefiMemoryAllocationLib/UefiMemoryAllocationLib/OUTPUT/UefiMemoryAllocationLib.lib(MemoryAllocationLib.obj)
                0x000000000001aa9e                FreePool
 *(.rodata .rodata.* .gnu.linkonce.r.*)
 *fill*         0x000000000001ab4d        0x3 
 .rodata        0x000000000001ab50       0x9b /home/student/nseiger/CS385/EFI/Sonoma_edk2/Build/AppPkg/DEBUG_GCC49/X64/MdePkg/Library/UefiDriverEntryPoint/UefiDriverEntryPoint/OUTPUT/UefiDriverEntryPoint.lib(DriverEntryPoint.obj)
 *fill*         0x000000000001abeb        0x5 
 .rodata        0x000000000001abf0       0xbc /home/student/nseiger/CS385/EFI/Sonoma_edk2/Build/AppPkg/DEBUG_GCC49/X64/StdLib/SocketDxe/SocketDxe/OUTPUT/SocketDxe.lib(AutoGen.obj)
 .rodata._gPcd_FixedAtBuild_PcdMaximumAsciiStringLength
                0x000000000001acac        0x4 /home/student/nseiger/CS385/EFI/Sonoma_edk2/Build/AppPkg/DEBUG_GCC49/X64/StdLib/SocketDxe/SocketDxe/OUTPUT/SocketDxe.lib(AutoGen.obj)
                0x000000000001acac                _gPcd_FixedAtBuild_PcdMaximumAsciiStringLength
 .rodata._gPcd_FixedAtBuild_PcdComponentNameDisable
                0x000000000001acb0        0x1 /home/student/nseiger/CS385/EFI/Sonoma_edk2/Build/AppPkg/DEBUG_GCC49/X64/StdLib/SocketDxe/SocketDxe/OUTPUT/SocketDxe.lib(AutoGen.obj)
                0x000000000001acb0                _gPcd_FixedAtBuild_PcdComponentNameDisable
 .rodata._gPcd_FixedAtBuild_PcdComponentName2Disable
                0x000000000001acb1        0x1 /home/student/nseiger/CS385/EFI/Sonoma_edk2/Build/AppPkg/DEBUG_GCC49/X64/StdLib/SocketDxe/SocketDxe/OUTPUT/SocketDxe.lib(AutoGen.obj)
                0x000000000001acb1                _gPcd_FixedAtBuild_PcdComponentName2Disable
 *fill*         0x000000000001acb2        0x2 
 .rodata._gUefiDriverRevision
                0x000000000001acb4        0x4 /home/student/nseiger/CS385/EFI/Sonoma_edk2/Build/AppPkg/DEBUG_GCC49/X64/StdLib/SocketDxe/SocketDxe/OUTPUT/SocketDxe.lib(AutoGen.obj)
                0x000000000001acb4                _gUefiDriverRevision
 .rodata._gDriverUnloadImageCount
                0x000000000001acb8        0x1 /home/student/nseiger/CS385/EFI/Sonoma_edk2/Build/AppPkg/DEBUG_GCC49/X64/StdLib/SocketDxe/SocketDxe/OUTPUT/SocketDxe.lib(AutoGen.obj)
                0x000000000001acb8                _gDriverUnloadImageCount
 *fill*         0x000000000001acb9        0x7 
 .rodata.mEslIp4ServiceGuid
                0x000000000001acc0       0x10 /home/student/nseiger/CS385/EFI/Sonoma_edk2/Build/AppPkg/DEBUG_GCC49/X64/StdLib/SocketDxe/SocketDxe/OUTPUT/SocketDxe.lib(EntryUnload.obj)
                0x000000000001acc0                mEslIp4ServiceGuid
 .rodata.mEslTcp4ServiceGuid
                0x000000000001acd0       0x10 /home/student/nseiger/CS385/EFI/Sonoma_edk2/Build/AppPkg/DEBUG_GCC49/X64/StdLib/SocketDxe/SocketDxe/OUTPUT/SocketDxe.lib(EntryUnload.obj)
                0x000000000001acd0                mEslTcp4ServiceGuid
 .rodata.mEslTcp6ServiceGuid
                0x000000000001ace0       0x10 /home/student/nseiger/CS385/EFI/Sonoma_edk2/Build/AppPkg/DEBUG_GCC49/X64/StdLib/SocketDxe/SocketDxe/OUTPUT/SocketDxe.lib(EntryUnload.obj)
                0x000000000001ace0                mEslTcp6ServiceGuid
 .rodata.mEslUdp4ServiceGuid
                0x000000000001acf0       0x10 /home/student/nseiger/CS385/EFI/Sonoma_edk2/Build/AppPkg/DEBUG_GCC49/X64/StdLib/SocketDxe/SocketDxe/OUTPUT/SocketDxe.lib(EntryUnload.obj)
                0x000000000001acf0                mEslUdp4ServiceGuid
 .rodata.mEslUdp6ServiceGuid
                0x000000000001ad00       0x10 /home/student/nseiger/CS385/EFI/Sonoma_edk2/Build/AppPkg/DEBUG_GCC49/X64/StdLib/SocketDxe/SocketDxe/OUTPUT/SocketDxe.lib(EntryUnload.obj)
                0x000000000001ad00                mEslUdp6ServiceGuid
 .rodata        0x000000000001ad10      0x29e /home/student/nseiger/CS385/EFI/Sonoma_edk2/Build/AppPkg/DEBUG_GCC49/X64/StdLib/SocketDxe/SocketDxe/OUTPUT/SocketDxe.lib(EntryUnload.obj)
 *fill*         0x000000000001afae        0x2 
 .rodata.mEfiServiceBinding
                0x000000000001afb0       0x10 /home/student/nseiger/CS385/EFI/Sonoma_edk2/Build/AppPkg/DEBUG_GCC49/X64/StdLib/SocketDxe/SocketDxe/OUTPUT/SocketDxe.lib(EntryUnload.obj)
                0x000000000001afb0                mEfiServiceBinding
 .rodata        0x000000000001afc0       0x52 /home/student/nseiger/CS385/EFI/Sonoma_edk2/Build/AppPkg/DEBUG_GCC49/X64/StdLib/SocketDxe/SocketDxe/OUTPUT/SocketDxe.lib(ComponentName.obj)
 *fill*         0x000000000001b012        0x6 
 .rodata        0x000000000001b018       0xb7 /home/student/nseiger/CS385/EFI/Sonoma_edk2/Build/AppPkg/DEBUG_GCC49/X64/MdePkg/Library/UefiBootServicesTableLib/UefiBootServicesTableLib/OUTPUT/UefiBootServicesTableLib.lib(UefiBootServicesTableLib.obj)
 *fill*         0x000000000001b0cf        0x1 
 .rodata        0x000000000001b0d0       0x8d /home/student/nseiger/CS385/EFI/Sonoma_edk2/Build/AppPkg/DEBUG_GCC49/X64/MdePkg/Library/UefiRuntimeServicesTableLib/UefiRuntimeServicesTableLib/OUTPUT/UefiRuntimeServicesTableLib.lib(UefiRuntimeServicesTableLib.obj)
 *fill*         0x000000000001b15d        0x3 
 .rodata        0x000000000001b160       0xad /home/student/nseiger/CS385/EFI/Sonoma_edk2/Build/AppPkg/DEBUG_GCC49/X64/MdePkg/Library/UefiLib/UefiLib/OUTPUT/UefiLib.lib(UefiDriverModel.obj)
 *fill*         0x000000000001b20d        0x3 
 .rodata        0x000000000001b210      0x158 /home/student/nseiger/CS385/EFI/Sonoma_edk2/Build/AppPkg/DEBUG_GCC49/X64/StdLib/EfiSocketLib/EfiSocketLib/OUTPUT/EfiSocketLib.lib(DxeSupport.obj)
 .rodata        0x000000000001b368      0x2ad /home/student/nseiger/CS385/EFI/Sonoma_edk2/Build/AppPkg/DEBUG_GCC49/X64/StdLib/EfiSocketLib/EfiSocketLib/OUTPUT/EfiSocketLib.lib(Service.obj)
 *fill*         0x000000000001b615        0x3 
 .rodata        0x000000000001b618     0x16d4 /home/student/nseiger/CS385/EFI/Sonoma_edk2/Build/AppPkg/DEBUG_GCC49/X64/StdLib/EfiSocketLib/EfiSocketLib/OUTPUT/EfiSocketLib.lib(Socket.obj)
 *fill*         0x000000000001ccec       0x14 
 .rodata.cEslSocketBinding
                0x000000000001cd00      0x140 /home/student/nseiger/CS385/EFI/Sonoma_edk2/Build/AppPkg/DEBUG_GCC49/X64/StdLib/EfiSocketLib/EfiSocketLib/OUTPUT/EfiSocketLib.lib(Socket.obj)
                0x000000000001cd00                cEslSocketBinding
 .rodata.cEslSocketBindingEntries
                0x000000000001ce40        0x8 /home/student/nseiger/CS385/EFI/Sonoma_edk2/Build/AppPkg/DEBUG_GCC49/X64/StdLib/EfiSocketLib/EfiSocketLib/OUTPUT/EfiSocketLib.lib(Socket.obj)
                0x000000000001ce40                cEslSocketBindingEntries
 .rodata.EslSocketReceive
                0x000000000001ce48       0x38 /home/student/nseiger/CS385/EFI/Sonoma_edk2/Build/AppPkg/DEBUG_GCC49/X64/StdLib/EfiSocketLib/EfiSocketLib/OUTPUT/EfiSocketLib.lib(Socket.obj)
 .rodata        0x000000000001ce80      0xacf /home/student/nseiger/CS385/EFI/Sonoma_edk2/Build/AppPkg/DEBUG_GCC49/X64/StdLib/EfiSocketLib/EfiSocketLib/OUTPUT/EfiSocketLib.lib(Tcp4.obj)
 *fill*         0x000000000001d94f        0x1 
 .rodata.EslTcp4Listen
                0x000000000001d950       0x80 /home/student/nseiger/CS385/EFI/Sonoma_edk2/Build/AppPkg/DEBUG_GCC49/X64/StdLib/EfiSocketLib/EfiSocketLib/OUTPUT/EfiSocketLib.lib(Tcp4.obj)
 *fill*         0x000000000001d9d0       0x10 
 .rodata.cEslTcp4Api
                0x000000000001d9e0      0x108 /home/student/nseiger/CS385/EFI/Sonoma_edk2/Build/AppPkg/DEBUG_GCC49/X64/StdLib/EfiSocketLib/EfiSocketLib/OUTPUT/EfiSocketLib.lib(Tcp4.obj)
                0x000000000001d9e0                cEslTcp4Api
 .rodata        0x000000000001dae8      0xc8b /home/student/nseiger/CS385/EFI/Sonoma_edk2/Build/AppPkg/DEBUG_GCC49/X64/StdLib/EfiSocketLib/EfiSocketLib/OUTPUT/EfiSocketLib.lib(Tcp6.obj)
 *fill*         0x000000000001e773        0x5 
 .rodata.EslTcp6Listen
                0x000000000001e778       0x80 /home/student/nseiger/CS385/EFI/Sonoma_edk2/Build/AppPkg/DEBUG_GCC49/X64/StdLib/EfiSocketLib/EfiSocketLib/OUTPUT/EfiSocketLib.lib(Tcp6.obj)
 *fill*         0x000000000001e7f8        0x8 
 .rodata.cEslTcp6Api
                0x000000000001e800      0x108 /home/student/nseiger/CS385/EFI/Sonoma_edk2/Build/AppPkg/DEBUG_GCC49/X64/StdLib/EfiSocketLib/EfiSocketLib/OUTPUT/EfiSocketLib.lib(Tcp6.obj)
                0x000000000001e800                cEslTcp6Api
 .rodata        0x000000000001e908      0x447 /home/student/nseiger/CS385/EFI/Sonoma_edk2/Build/AppPkg/DEBUG_GCC49/X64/StdLib/EfiSocketLib/EfiSocketLib/OUTPUT/EfiSocketLib.lib(Udp4.obj)
 *fill*         0x000000000001ed4f        0x1 
 .rodata.EslUdp4SocketIsConfigured
                0x000000000001ed50       0x80 /home/student/nseiger/CS385/EFI/Sonoma_edk2/Build/AppPkg/DEBUG_GCC49/X64/StdLib/EfiSocketLib/EfiSocketLib/OUTPUT/EfiSocketLib.lib(Udp4.obj)
 *fill*         0x000000000001edd0       0x10 
 .rodata.cEslUdp4Api
                0x000000000001ede0      0x108 /home/student/nseiger/CS385/EFI/Sonoma_edk2/Build/AppPkg/DEBUG_GCC49/X64/StdLib/EfiSocketLib/EfiSocketLib/OUTPUT/EfiSocketLib.lib(Udp4.obj)
                0x000000000001ede0                cEslUdp4Api
 .rodata        0x000000000001eee8      0x5d3 /home/student/nseiger/CS385/EFI/Sonoma_edk2/Build/AppPkg/DEBUG_GCC49/X64/StdLib/EfiSocketLib/EfiSocketLib/OUTPUT/EfiSocketLib.lib(Udp6.obj)
 *fill*         0x000000000001f4bb        0x5 
 .rodata.EslUdp6SocketIsConfigured
                0x000000000001f4c0       0x80 /home/student/nseiger/CS385/EFI/Sonoma_edk2/Build/AppPkg/DEBUG_GCC49/X64/StdLib/EfiSocketLib/EfiSocketLib/OUTPUT/EfiSocketLib.lib(Udp6.obj)
 .rodata.cEslUdp6Api
                0x000000000001f540      0x108 /home/student/nseiger/CS385/EFI/Sonoma_edk2/Build/AppPkg/DEBUG_GCC49/X64/StdLib/EfiSocketLib/EfiSocketLib/OUTPUT/EfiSocketLib.lib(Udp6.obj)
                0x000000000001f540                cEslUdp6Api
 .rodata        0x000000000001f648      0x4fe /home/student/nseiger/CS385/EFI/Sonoma_edk2/Build/AppPkg/DEBUG_GCC49/X64/StdLib/EfiSocketLib/EfiSocketLib/OUTPUT/EfiSocketLib.lib(Ip4.obj)
 *fill*         0x000000000001fb46        0x2 
 .rodata.EslIp4SocketIsConfigured
                0x000000000001fb48       0x80 /home/student/nseiger/CS385/EFI/Sonoma_edk2/Build/AppPkg/DEBUG_GCC49/X64/StdLib/EfiSocketLib/EfiSocketLib/OUTPUT/EfiSocketLib.lib(Ip4.obj)
 *fill*         0x000000000001fbc8       0x18 
 .rodata.cEslIp4Api
                0x000000000001fbe0      0x108 /home/student/nseiger/CS385/EFI/Sonoma_edk2/Build/AppPkg/DEBUG_GCC49/X64/StdLib/EfiSocketLib/EfiSocketLib/OUTPUT/EfiSocketLib.lib(Ip4.obj)
                0x000000000001fbe0                cEslIp4Api
 .rodata        0x000000000001fce8       0xbd /home/student/nseiger/CS385/EFI/Sonoma_edk2/Build/AppPkg/DEBUG_GCC49/X64/MdePkg/Library/UefiRuntimeLib/UefiRuntimeLib/OUTPUT/UefiRuntimeLib.lib(RuntimeLib.obj)
 *fill*         0x000000000001fda5        0x3 
 .rodata        0x000000000001fda8      0x6e6 /home/student/nseiger/CS385/EFI/Sonoma_edk2/Build/AppPkg/DEBUG_GCC49/X64/MdePkg/Library/BaseLib/BaseLib/OUTPUT/BaseLib.lib(String.obj)
 *fill*         0x000000000002048e        0x2 
 .rodata        0x0000000000020490       0x67 /home/student/nseiger/CS385/EFI/Sonoma_edk2/Build/AppPkg/DEBUG_GCC49/X64/MdePkg/Library/BaseLib/BaseLib/OUTPUT/BaseLib.lib(Unaligned.obj)
 *fill*         0x00000000000204f7        0x1 
 .rodata        0x00000000000204f8       0xbe /home/student/nseiger/CS385/EFI/Sonoma_edk2/Build/AppPkg/DEBUG_GCC49/X64/MdePkg/Library/BaseMemoryLib/BaseMemoryLib/OUTPUT/BaseMemoryLib.lib(ZeroMemWrapper.obj)
 *fill*         0x00000000000205b6        0x2 
 .rodata        0x00000000000205b8       0xe6 /home/student/nseiger/CS385/EFI/Sonoma_edk2/Build/AppPkg/DEBUG_GCC49/X64/MdePkg/Library/BaseMemoryLib/BaseMemoryLib/OUTPUT/BaseMemoryLib.lib(CopyMemWrapper.obj)
 *fill*         0x000000000002069e        0x2 
 .rodata        0x00000000000206a0      0x147 /home/student/nseiger/CS385/EFI/Sonoma_edk2/Build/AppPkg/DEBUG_GCC49/X64/MdePkg/Library/UefiMemoryAllocationLib/UefiMemoryAllocationLib/OUTPUT/UefiMemoryAllocationLib.lib(MemoryAllocationLib.obj)
 *(.got .got.*)
 *:AutoGen.obj(.data .data.* .bss .bss.*)
 *fill*         0x00000000000207e7        0x9 
 .data.gEfiCallerIdGuid
                0x00000000000207f0       0x10 /home/student/nseiger/CS385/EFI/Sonoma_edk2/Build/AppPkg/DEBUG_GCC49/X64/StdLib/SocketDxe/SocketDxe/OUTPUT/SocketDxe.lib(AutoGen.obj)
                0x00000000000207f0                gEfiCallerIdGuid
 .data.gEfiEventExitBootServicesGuid
                0x0000000000020800       0x10 /home/student/nseiger/CS385/EFI/Sonoma_edk2/Build/AppPkg/DEBUG_GCC49/X64/StdLib/SocketDxe/SocketDxe/OUTPUT/SocketDxe.lib(AutoGen.obj)
                0x0000000000020800                gEfiEventExitBootServicesGuid
 .data.gEfiEventVirtualAddressChangeGuid
                0x0000000000020810       0x10 /home/student/nseiger/CS385/EFI/Sonoma_edk2/Build/AppPkg/DEBUG_GCC49/X64/StdLib/SocketDxe/SocketDxe/OUTPUT/SocketDxe.lib(AutoGen.obj)
                0x0000000000020810                gEfiEventVirtualAddressChangeGuid
 .data.gEfiTcp4ProtocolGuid
                0x0000000000020820       0x10 /home/student/nseiger/CS385/EFI/Sonoma_edk2/Build/AppPkg/DEBUG_GCC49/X64/StdLib/SocketDxe/SocketDxe/OUTPUT/SocketDxe.lib(AutoGen.obj)
                0x0000000000020820                gEfiTcp4ProtocolGuid
 .data.gEfiTcp4ServiceBindingProtocolGuid
                0x0000000000020830       0x10 /home/student/nseiger/CS385/EFI/Sonoma_edk2/Build/AppPkg/DEBUG_GCC49/X64/StdLib/SocketDxe/SocketDxe/OUTPUT/SocketDxe.lib(AutoGen.obj)
                0x0000000000020830                gEfiTcp4ServiceBindingProtocolGuid
 .data.gEfiUdp4ProtocolGuid
                0x0000000000020840       0x10 /home/student/nseiger/CS385/EFI/Sonoma_edk2/Build/AppPkg/DEBUG_GCC49/X64/StdLib/SocketDxe/SocketDxe/OUTPUT/SocketDxe.lib(AutoGen.obj)
                0x0000000000020840                gEfiUdp4ProtocolGuid
 .data.gEfiUdp4ServiceBindingProtocolGuid
                0x0000000000020850       0x10 /home/student/nseiger/CS385/EFI/Sonoma_edk2/Build/AppPkg/DEBUG_GCC49/X64/StdLib/SocketDxe/SocketDxe/OUTPUT/SocketDxe.lib(AutoGen.obj)
                0x0000000000020850                gEfiUdp4ServiceBindingProtocolGuid
 .data.gEfiSocketProtocolGuid
                0x0000000000020860       0x10 /home/student/nseiger/CS385/EFI/Sonoma_edk2/Build/AppPkg/DEBUG_GCC49/X64/StdLib/SocketDxe/SocketDxe/OUTPUT/SocketDxe.lib(AutoGen.obj)
                0x0000000000020860                gEfiSocketProtocolGuid
 .data.gEfiSocketServiceBindingProtocolGuid
                0x0000000000020870       0x10 /home/student/nseiger/CS385/EFI/Sonoma_edk2/Build/AppPkg/DEBUG_GCC49/X64/StdLib/SocketDxe/SocketDxe/OUTPUT/SocketDxe.lib(AutoGen.obj)
                0x0000000000020870                gEfiSocketServiceBindingProtocolGuid
 .data.gEfiDriverBindingProtocolGuid
                0x0000000000020880       0x10 /home/student/nseiger/CS385/EFI/Sonoma_edk2/Build/AppPkg/DEBUG_GCC49/X64/StdLib/SocketDxe/SocketDxe/OUTPUT/SocketDxe.lib(AutoGen.obj)
                0x0000000000020880                gEfiDriverBindingProtocolGuid
 .data.gEfiComponentNameProtocolGuid
                0x0000000000020890       0x10 /home/student/nseiger/CS385/EFI/Sonoma_edk2/Build/AppPkg/DEBUG_GCC49/X64/StdLib/SocketDxe/SocketDxe/OUTPUT/SocketDxe.lib(AutoGen.obj)
                0x0000000000020890                gEfiComponentNameProtocolGuid
 .data.gEfiComponentName2ProtocolGuid
                0x00000000000208a0       0x10 /home/student/nseiger/CS385/EFI/Sonoma_edk2/Build/AppPkg/DEBUG_GCC49/X64/StdLib/SocketDxe/SocketDxe/OUTPUT/SocketDxe.lib(AutoGen.obj)
                0x00000000000208a0                gEfiComponentName2ProtocolGuid
 .data.gEfiIp4Config2ProtocolGuid
                0x00000000000208b0       0x10 /home/student/nseiger/CS385/EFI/Sonoma_edk2/Build/AppPkg/DEBUG_GCC49/X64/StdLib/SocketDxe/SocketDxe/OUTPUT/SocketDxe.lib(AutoGen.obj)
                0x00000000000208b0                gEfiIp4Config2ProtocolGuid
 .data.gEfiIp6ConfigProtocolGuid
                0x00000000000208c0       0x10 /home/student/nseiger/CS385/EFI/Sonoma_edk2/Build/AppPkg/DEBUG_GCC49/X64/StdLib/SocketDxe/SocketDxe/OUTPUT/SocketDxe.lib(AutoGen.obj)
                0x00000000000208c0                gEfiIp6ConfigProtocolGuid
 .data.gEfiIp4ProtocolGuid
                0x00000000000208d0       0x10 /home/student/nseiger/CS385/EFI/Sonoma_edk2/Build/AppPkg/DEBUG_GCC49/X64/StdLib/SocketDxe/SocketDxe/OUTPUT/SocketDxe.lib(AutoGen.obj)
                0x00000000000208d0                gEfiIp4ProtocolGuid
 .data.gEfiIp4ServiceBindingProtocolGuid
                0x00000000000208e0       0x10 /home/student/nseiger/CS385/EFI/Sonoma_edk2/Build/AppPkg/DEBUG_GCC49/X64/StdLib/SocketDxe/SocketDxe/OUTPUT/SocketDxe.lib(AutoGen.obj)
                0x00000000000208e0                gEfiIp4ServiceBindingProtocolGuid
 .data.gEfiTcp6ProtocolGuid
                0x00000000000208f0       0x10 /home/student/nseiger/CS385/EFI/Sonoma_edk2/Build/AppPkg/DEBUG_GCC49/X64/StdLib/SocketDxe/SocketDxe/OUTPUT/SocketDxe.lib(AutoGen.obj)
                0x00000000000208f0                gEfiTcp6ProtocolGuid
 .data.gEfiTcp6ServiceBindingProtocolGuid
                0x0000000000020900       0x10 /home/student/nseiger/CS385/EFI/Sonoma_edk2/Build/AppPkg/DEBUG_GCC49/X64/StdLib/SocketDxe/SocketDxe/OUTPUT/SocketDxe.lib(AutoGen.obj)
                0x0000000000020900                gEfiTcp6ServiceBindingProtocolGuid
 .data.gEfiUdp6ProtocolGuid
                0x0000000000020910       0x10 /home/student/nseiger/CS385/EFI/Sonoma_edk2/Build/AppPkg/DEBUG_GCC49/X64/StdLib/SocketDxe/SocketDxe/OUTPUT/SocketDxe.lib(AutoGen.obj)
                0x0000000000020910                gEfiUdp6ProtocolGuid
 .data.gEfiUdp6ServiceBindingProtocolGuid
                0x0000000000020920       0x10 /home/student/nseiger/CS385/EFI/Sonoma_edk2/Build/AppPkg/DEBUG_GCC49/X64/StdLib/SocketDxe/SocketDxe/OUTPUT/SocketDxe.lib(AutoGen.obj)
                0x0000000000020920                gEfiUdp6ServiceBindingProtocolGuid
 .data.gEfiLoadedImageProtocolGuid
                0x0000000000020930       0x10 /home/student/nseiger/CS385/EFI/Sonoma_edk2/Build/AppPkg/DEBUG_GCC49/X64/StdLib/SocketDxe/SocketDxe/OUTPUT/SocketDxe.lib(AutoGen.obj)
                0x0000000000020930                gEfiLoadedImageProtocolGuid

.iplt           0x0000000000020940        0x0
 .iplt          0x0000000000020940        0x0 /home/student/nseiger/CS385/EFI/Sonoma_edk2/Build/AppPkg/DEBUG_GCC49/X64/MdePkg/Library/UefiDriverEntryPoint/UefiDriverEntryPoint/OUTPUT/UefiDriverEntryPoint.lib(DriverEntryPoint.obj)

.data           0x0000000000020940      0x1a8
 *(.data .data.* .gnu.linkonce.d.*)
 .data.mComponentName
                0x0000000000020940       0x18 /home/student/nseiger/CS385/EFI/Sonoma_edk2/Build/AppPkg/DEBUG_GCC49/X64/StdLib/SocketDxe/SocketDxe/OUTPUT/SocketDxe.lib(ComponentName.obj)
                0x0000000000020940                mComponentName
 *fill*         0x0000000000020958        0x8 
 .data.mComponentName2
                0x0000000000020960       0x18 /home/student/nseiger/CS385/EFI/Sonoma_edk2/Build/AppPkg/DEBUG_GCC49/X64/StdLib/SocketDxe/SocketDxe/OUTPUT/SocketDxe.lib(ComponentName.obj)
                0x0000000000020960                mComponentName2
 *fill*         0x0000000000020978        0x8 
 .data.mDriverNameTable
                0x0000000000020980       0x20 /home/student/nseiger/CS385/EFI/Sonoma_edk2/Build/AppPkg/DEBUG_GCC49/X64/StdLib/SocketDxe/SocketDxe/OUTPUT/SocketDxe.lib(ComponentName.obj)
                0x0000000000020980                mDriverNameTable
 .data.mDriverBinding
                0x00000000000209a0       0x30 /home/student/nseiger/CS385/EFI/Sonoma_edk2/Build/AppPkg/DEBUG_GCC49/X64/StdLib/SocketDxe/SocketDxe/OUTPUT/SocketDxe.lib(DriverBinding.obj)
                0x00000000000209a0                mDriverBinding
 *fill*         0x00000000000209d0       0x10 
 .data.cEslAfInetApi
                0x00000000000209e0       0x30 /home/student/nseiger/CS385/EFI/Sonoma_edk2/Build/AppPkg/DEBUG_GCC49/X64/StdLib/EfiSocketLib/EfiSocketLib/OUTPUT/EfiSocketLib.lib(Socket.obj)
                0x00000000000209e0                cEslAfInetApi
 *fill*         0x0000000000020a10       0x10 
 .data.cEslAfInet6Api
                0x0000000000020a20       0x30 /home/student/nseiger/CS385/EFI/Sonoma_edk2/Build/AppPkg/DEBUG_GCC49/X64/StdLib/EfiSocketLib/EfiSocketLib/OUTPUT/EfiSocketLib.lib(Socket.obj)
                0x0000000000020a20                cEslAfInet6Api
 *(.bss .bss.*)
 .bss.mpfnEslConstructor
                0x0000000000020a50        0x8 /home/student/nseiger/CS385/EFI/Sonoma_edk2/Build/AppPkg/DEBUG_GCC49/X64/StdLib/SocketDxe/SocketDxe/OUTPUT/SocketDxe.lib(EntryUnload.obj)
                0x0000000000020a50                mpfnEslConstructor
 .bss.mpfnEslDestructor
                0x0000000000020a58        0x8 /home/student/nseiger/CS385/EFI/Sonoma_edk2/Build/AppPkg/DEBUG_GCC49/X64/StdLib/SocketDxe/SocketDxe/OUTPUT/SocketDxe.lib(EntryUnload.obj)
                0x0000000000020a58                mpfnEslDestructor
 .bss.gImageHandle
                0x0000000000020a60        0x8 /home/student/nseiger/CS385/EFI/Sonoma_edk2/Build/AppPkg/DEBUG_GCC49/X64/MdePkg/Library/UefiBootServicesTableLib/UefiBootServicesTableLib/OUTPUT/UefiBootServicesTableLib.lib(UefiBootServicesTableLib.obj)
                0x0000000000020a60                gImageHandle
 .bss.gST       0x0000000000020a68        0x8 /home/student/nseiger/CS385/EFI/Sonoma_edk2/Build/AppPkg/DEBUG_GCC49/X64/MdePkg/Library/UefiBootServicesTableLib/UefiBootServicesTableLib/OUTPUT/UefiBootServicesTableLib.lib(UefiBootServicesTableLib.obj)
                0x0000000000020a68                gST
 .bss.gBS       0x0000000000020a70        0x8 /home/student/nseiger/CS385/EFI/Sonoma_edk2/Build/AppPkg/DEBUG_GCC49/X64/MdePkg/Library/UefiBootServicesTableLib/UefiBootServicesTableLib/OUTPUT/UefiBootServicesTableLib.lib(UefiBootServicesTableLib.obj)
                0x0000000000020a70                gBS
 .bss.gRT       0x0000000000020a78        0x8 /home/student/nseiger/CS385/EFI/Sonoma_edk2/Build/AppPkg/DEBUG_GCC49/X64/MdePkg/Library/UefiRuntimeServicesTableLib/UefiRuntimeServicesTableLib/OUTPUT/UefiRuntimeServicesTableLib.lib(UefiRuntimeServicesTableLib.obj)
                0x0000000000020a78                gRT
 .bss.mEslLayer
                0x0000000000020a80       0x48 /home/student/nseiger/CS385/EFI/Sonoma_edk2/Build/AppPkg/DEBUG_GCC49/X64/StdLib/EfiSocketLib/EfiSocketLib/OUTPUT/EfiSocketLib.lib(Socket.obj)
                0x0000000000020a80                mEslLayer
 .bss.mEfiVirtualNotifyEvent
                0x0000000000020ac8        0x8 /home/student/nseiger/CS385/EFI/Sonoma_edk2/Build/AppPkg/DEBUG_GCC49/X64/MdePkg/Library/UefiRuntimeLib/UefiRuntimeLib/OUTPUT/UefiRuntimeLib.lib(RuntimeLib.obj)
                0x0000000000020ac8                mEfiVirtualNotifyEvent
 .bss.mEfiExitBootServicesEvent
                0x0000000000020ad0        0x8 /home/student/nseiger/CS385/EFI/Sonoma_edk2/Build/AppPkg/DEBUG_GCC49/X64/MdePkg/Library/UefiRuntimeLib/UefiRuntimeLib/OUTPUT/UefiRuntimeLib.lib(RuntimeLib.obj)
                0x0000000000020ad0                mEfiExitBootServicesEvent
 .bss.mEfiGoneVirtual
                0x0000000000020ad8        0x1 /home/student/nseiger/CS385/EFI/Sonoma_edk2/Build/AppPkg/DEBUG_GCC49/X64/MdePkg/Library/UefiRuntimeLib/UefiRuntimeLib/OUTPUT/UefiRuntimeLib.lib(RuntimeLib.obj)
                0x0000000000020ad8                mEfiGoneVirtual
 .bss.mEfiAtRuntime
                0x0000000000020ad9        0x1 /home/student/nseiger/CS385/EFI/Sonoma_edk2/Build/AppPkg/DEBUG_GCC49/X64/MdePkg/Library/UefiRuntimeLib/UefiRuntimeLib/OUTPUT/UefiRuntimeLib.lib(RuntimeLib.obj)
                0x0000000000020ad9                mEfiAtRuntime
 *fill*         0x0000000000020ada        0x6 
 .bss.mInternalRT
                0x0000000000020ae0        0x8 /home/student/nseiger/CS385/EFI/Sonoma_edk2/Build/AppPkg/DEBUG_GCC49/X64/MdePkg/Library/UefiRuntimeLib/UefiRuntimeLib/OUTPUT/UefiRuntimeLib.lib(RuntimeLib.obj)
                0x0000000000020ae0                mInternalRT

.igot.plt       0x0000000000020ae8        0x0
 .igot.plt      0x0000000000020ae8        0x0 /home/student/nseiger/CS385/EFI/Sonoma_edk2/Build/AppPkg/DEBUG_GCC49/X64/MdePkg/Library/UefiDriverEntryPoint/UefiDriverEntryPoint/OUTPUT/UefiDriverEntryPoint.lib(DriverEntryPoint.obj)

.eh_frame
 *(.eh_frame)

.rela           0x0000000000020b00        0x0
 *(.rela .rela.*)
 .rela.iplt     0x0000000000020b00        0x0 /home/student/nseiger/CS385/EFI/Sonoma_edk2/Build/AppPkg/DEBUG_GCC49/X64/MdePkg/Library/UefiDriverEntryPoint/UefiDriverEntryPoint/OUTPUT/UefiDriverEntryPoint.lib(DriverEntryPoint.obj)
 .rela.text._DriverUnloadHandler
                0x0000000000020b00        0x0 /home/student/nseiger/CS385/EFI/Sonoma_edk2/Build/AppPkg/DEBUG_GCC49/X64/MdePkg/Library/UefiDriverEntryPoint/UefiDriverEntryPoint/OUTPUT/UefiDriverEntryPoint.lib(DriverEntryPoint.obj)
 .rela.text._ModuleEntryPoint
                0x0000000000020b00        0x0 /home/student/nseiger/CS385/EFI/Sonoma_edk2/Build/AppPkg/DEBUG_GCC49/X64/MdePkg/Library/UefiDriverEntryPoint/UefiDriverEntryPoint/OUTPUT/UefiDriverEntryPoint.lib(DriverEntryPoint.obj)
 .rela.text.ProcessLibraryConstructorList
                0x0000000000020b00        0x0 /home/student/nseiger/CS385/EFI/Sonoma_edk2/Build/AppPkg/DEBUG_GCC49/X64/MdePkg/Library/UefiDriverEntryPoint/UefiDriverEntryPoint/OUTPUT/UefiDriverEntryPoint.lib(DriverEntryPoint.obj)
 .rela.text.ProcessLibraryDestructorList
                0x0000000000020b00        0x0 /home/student/nseiger/CS385/EFI/Sonoma_edk2/Build/AppPkg/DEBUG_GCC49/X64/MdePkg/Library/UefiDriverEntryPoint/UefiDriverEntryPoint/OUTPUT/UefiDriverEntryPoint.lib(DriverEntryPoint.obj)
 .rela.text.ProcessModuleEntryPointList
                0x0000000000020b00        0x0 /home/student/nseiger/CS385/EFI/Sonoma_edk2/Build/AppPkg/DEBUG_GCC49/X64/MdePkg/Library/UefiDriverEntryPoint/UefiDriverEntryPoint/OUTPUT/UefiDriverEntryPoint.lib(DriverEntryPoint.obj)
 .rela.text.ExitDriver
                0x0000000000020b00        0x0 /home/student/nseiger/CS385/EFI/Sonoma_edk2/Build/AppPkg/DEBUG_GCC49/X64/MdePkg/Library/UefiDriverEntryPoint/UefiDriverEntryPoint/OUTPUT/UefiDriverEntryPoint.lib(DriverEntryPoint.obj)
 .rela.text.DriverUnload
                0x0000000000020b00        0x0 /home/student/nseiger/CS385/EFI/Sonoma_edk2/Build/AppPkg/DEBUG_GCC49/X64/MdePkg/Library/UefiDriverEntryPoint/UefiDriverEntryPoint/OUTPUT/UefiDriverEntryPoint.lib(DriverEntryPoint.obj)
 .rela.text.EntryPoint
                0x0000000000020b00        0x0 /home/student/nseiger/CS385/EFI/Sonoma_edk2/Build/AppPkg/DEBUG_GCC49/X64/MdePkg/Library/UefiDriverEntryPoint/UefiDriverEntryPoint/OUTPUT/UefiDriverEntryPoint.lib(DriverEntryPoint.obj)
 .rela.rodata.mEfiServiceBinding
                0x0000000000020b00        0x0 /home/student/nseiger/CS385/EFI/Sonoma_edk2/Build/AppPkg/DEBUG_GCC49/X64/MdePkg/Library/UefiDriverEntryPoint/UefiDriverEntryPoint/OUTPUT/UefiDriverEntryPoint.lib(DriverEntryPoint.obj)
 .rela.text.GetDriverName
                0x0000000000020b00        0x0 /home/student/nseiger/CS385/EFI/Sonoma_edk2/Build/AppPkg/DEBUG_GCC49/X64/MdePkg/Library/UefiDriverEntryPoint/UefiDriverEntryPoint/OUTPUT/UefiDriverEntryPoint.lib(DriverEntryPoint.obj)
 .rela.text.DriverSupported
                0x0000000000020b00        0x0 /home/student/nseiger/CS385/EFI/Sonoma_edk2/Build/AppPkg/DEBUG_GCC49/X64/MdePkg/Library/UefiDriverEntryPoint/UefiDriverEntryPoint/OUTPUT/UefiDriverEntryPoint.lib(DriverEntryPoint.obj)
 .rela.text.DriverStart
                0x0000000000020b00        0x0 /home/student/nseiger/CS385/EFI/Sonoma_edk2/Build/AppPkg/DEBUG_GCC49/X64/MdePkg/Library/UefiDriverEntryPoint/UefiDriverEntryPoint/OUTPUT/UefiDriverEntryPoint.lib(DriverEntryPoint.obj)
 .rela.text.DriverStop
                0x0000000000020b00        0x0 /home/student/nseiger/CS385/EFI/Sonoma_edk2/Build/AppPkg/DEBUG_GCC49/X64/MdePkg/Library/UefiDriverEntryPoint/UefiDriverEntryPoint/OUTPUT/UefiDriverEntryPoint.lib(DriverEntryPoint.obj)
 .rela.text.CompareIso639LanguageCode
                0x0000000000020b00        0x0 /home/student/nseiger/CS385/EFI/Sonoma_edk2/Build/AppPkg/DEBUG_GCC49/X64/MdePkg/Library/UefiDriverEntryPoint/UefiDriverEntryPoint/OUTPUT/UefiDriverEntryPoint.lib(DriverEntryPoint.obj)
 .rela.text.EfiGetSystemConfigurationTable
                0x0000000000020b00        0x0 /home/student/nseiger/CS385/EFI/Sonoma_edk2/Build/AppPkg/DEBUG_GCC49/X64/MdePkg/Library/UefiDriverEntryPoint/UefiDriverEntryPoint/OUTPUT/UefiDriverEntryPoint.lib(DriverEntryPoint.obj)
 .rela.text.EfiTestChildHandle
                0x0000000000020b00        0x0 /home/student/nseiger/CS385/EFI/Sonoma_edk2/Build/AppPkg/DEBUG_GCC49/X64/MdePkg/Library/UefiDriverEntryPoint/UefiDriverEntryPoint/OUTPUT/UefiDriverEntryPoint.lib(DriverEntryPoint.obj)
 .rela.text.LookupUnicodeString2
                0x0000000000020b00        0x0 /home/student/nseiger/CS385/EFI/Sonoma_edk2/Build/AppPkg/DEBUG_GCC49/X64/MdePkg/Library/UefiDriverEntryPoint/UefiDriverEntryPoint/OUTPUT/UefiDriverEntryPoint.lib(DriverEntryPoint.obj)
 .rela.text.AddUnicodeString
                0x0000000000020b00        0x0 /home/student/nseiger/CS385/EFI/Sonoma_edk2/Build/AppPkg/DEBUG_GCC49/X64/MdePkg/Library/UefiDriverEntryPoint/UefiDriverEntryPoint/OUTPUT/UefiDriverEntryPoint.lib(DriverEntryPoint.obj)
 .rela.text.AddUnicodeString2
                0x0000000000020b00        0x0 /home/student/nseiger/CS385/EFI/Sonoma_edk2/Build/AppPkg/DEBUG_GCC49/X64/MdePkg/Library/UefiDriverEntryPoint/UefiDriverEntryPoint/OUTPUT/UefiDriverEntryPoint.lib(DriverEntryPoint.obj)
 .rela.text.FreeUnicodeStringTable
                0x0000000000020b00        0x0 /home/student/nseiger/CS385/EFI/Sonoma_edk2/Build/AppPkg/DEBUG_GCC49/X64/MdePkg/Library/UefiDriverEntryPoint/UefiDriverEntryPoint/OUTPUT/UefiDriverEntryPoint.lib(DriverEntryPoint.obj)
 .rela.text.GetVariable
                0x0000000000020b00        0x0 /home/student/nseiger/CS385/EFI/Sonoma_edk2/Build/AppPkg/DEBUG_GCC49/X64/MdePkg/Library/UefiDriverEntryPoint/UefiDriverEntryPoint/OUTPUT/UefiDriverEntryPoint.lib(DriverEntryPoint.obj)
 .rela.text.GetVariable2
                0x0000000000020b00        0x0 /home/student/nseiger/CS385/EFI/Sonoma_edk2/Build/AppPkg/DEBUG_GCC49/X64/MdePkg/Library/UefiDriverEntryPoint/UefiDriverEntryPoint/OUTPUT/UefiDriverEntryPoint.lib(DriverEntryPoint.obj)
 .rela.text.GetBestLanguage
                0x0000000000020b00        0x0 /home/student/nseiger/CS385/EFI/Sonoma_edk2/Build/AppPkg/DEBUG_GCC49/X64/MdePkg/Library/UefiDriverEntryPoint/UefiDriverEntryPoint/OUTPUT/UefiDriverEntryPoint.lib(DriverEntryPoint.obj)
 .rela.text.EslDxeCreateChild
                0x0000000000020b00        0x0 /home/student/nseiger/CS385/EFI/Sonoma_edk2/Build/AppPkg/DEBUG_GCC49/X64/MdePkg/Library/UefiDriverEntryPoint/UefiDriverEntryPoint/OUTPUT/UefiDriverEntryPoint.lib(DriverEntryPoint.obj)
 .rela.text.EslDxeDestroyChild
                0x0000000000020b00        0x0 /home/student/nseiger/CS385/EFI/Sonoma_edk2/Build/AppPkg/DEBUG_GCC49/X64/MdePkg/Library/UefiDriverEntryPoint/UefiDriverEntryPoint/OUTPUT/UefiDriverEntryPoint.lib(DriverEntryPoint.obj)
 .rela.text.EslDxeInstall
                0x0000000000020b00        0x0 /home/student/nseiger/CS385/EFI/Sonoma_edk2/Build/AppPkg/DEBUG_GCC49/X64/MdePkg/Library/UefiDriverEntryPoint/UefiDriverEntryPoint/OUTPUT/UefiDriverEntryPoint.lib(DriverEntryPoint.obj)
 .rela.text.EslDxeUninstall
                0x0000000000020b00        0x0 /home/student/nseiger/CS385/EFI/Sonoma_edk2/Build/AppPkg/DEBUG_GCC49/X64/MdePkg/Library/UefiDriverEntryPoint/UefiDriverEntryPoint/OUTPUT/UefiDriverEntryPoint.lib(DriverEntryPoint.obj)
 .rela.text.EslServiceConnect
                0x0000000000020b00        0x0 /home/student/nseiger/CS385/EFI/Sonoma_edk2/Build/AppPkg/DEBUG_GCC49/X64/MdePkg/Library/UefiDriverEntryPoint/UefiDriverEntryPoint/OUTPUT/UefiDriverEntryPoint.lib(DriverEntryPoint.obj)
 .rela.text.EslServiceDisconnect
                0x0000000000020b00        0x0 /home/student/nseiger/CS385/EFI/Sonoma_edk2/Build/AppPkg/DEBUG_GCC49/X64/MdePkg/Library/UefiDriverEntryPoint/UefiDriverEntryPoint/OUTPUT/UefiDriverEntryPoint.lib(DriverEntryPoint.obj)
 .rela.text.EslServiceLoad
                0x0000000000020b00        0x0 /home/student/nseiger/CS385/EFI/Sonoma_edk2/Build/AppPkg/DEBUG_GCC49/X64/MdePkg/Library/UefiDriverEntryPoint/UefiDriverEntryPoint/OUTPUT/UefiDriverEntryPoint.lib(DriverEntryPoint.obj)
 .rela.text.EslServiceUnload
                0x0000000000020b00        0x0 /home/student/nseiger/CS385/EFI/Sonoma_edk2/Build/AppPkg/DEBUG_GCC49/X64/MdePkg/Library/UefiDriverEntryPoint/UefiDriverEntryPoint/OUTPUT/UefiDriverEntryPoint.lib(DriverEntryPoint.obj)
 .rela.data.cEslAfInetApi
                0x0000000000020b00        0x0 /home/student/nseiger/CS385/EFI/Sonoma_edk2/Build/AppPkg/DEBUG_GCC49/X64/MdePkg/Library/UefiDriverEntryPoint/UefiDriverEntryPoint/OUTPUT/UefiDriverEntryPoint.lib(DriverEntryPoint.obj)
 .rela.data.cEslAfInet6Api
                0x0000000000020b00        0x0 /home/student/nseiger/CS385/EFI/Sonoma_edk2/Build/AppPkg/DEBUG_GCC49/X64/MdePkg/Library/UefiDriverEntryPoint/UefiDriverEntryPoint/OUTPUT/UefiDriverEntryPoint.lib(DriverEntryPoint.obj)
 .rela.text.EslSocketAllocate
                0x0000000000020b00        0x0 /home/student/nseiger/CS385/EFI/Sonoma_edk2/Build/AppPkg/DEBUG_GCC49/X64/MdePkg/Library/UefiDriverEntryPoint/UefiDriverEntryPoint/OUTPUT/UefiDriverEntryPoint.lib(DriverEntryPoint.obj)
 .rela.text.EslSocketConnect
                0x0000000000020b00        0x0 /home/student/nseiger/CS385/EFI/Sonoma_edk2/Build/AppPkg/DEBUG_GCC49/X64/MdePkg/Library/UefiDriverEntryPoint/UefiDriverEntryPoint/OUTPUT/UefiDriverEntryPoint.lib(DriverEntryPoint.obj)
 .rela.text.EslSocketCopyFragmentedBuffer
                0x0000000000020b00        0x0 /home/student/nseiger/CS385/EFI/Sonoma_edk2/Build/AppPkg/DEBUG_GCC49/X64/MdePkg/Library/UefiDriverEntryPoint/UefiDriverEntryPoint/OUTPUT/UefiDriverEntryPoint.lib(DriverEntryPoint.obj)
 .rela.text.EslSocketGetLocalAddress
                0x0000000000020b00        0x0 /home/student/nseiger/CS385/EFI/Sonoma_edk2/Build/AppPkg/DEBUG_GCC49/X64/MdePkg/Library/UefiDriverEntryPoint/UefiDriverEntryPoint/OUTPUT/UefiDriverEntryPoint.lib(DriverEntryPoint.obj)
 .rela.text.EslSocketGetPeerAddress
                0x0000000000020b00        0x0 /home/student/nseiger/CS385/EFI/Sonoma_edk2/Build/AppPkg/DEBUG_GCC49/X64/MdePkg/Library/UefiDriverEntryPoint/UefiDriverEntryPoint/OUTPUT/UefiDriverEntryPoint.lib(DriverEntryPoint.obj)
 .rela.text.EslSocketOptionGet
                0x0000000000020b00        0x0 /home/student/nseiger/CS385/EFI/Sonoma_edk2/Build/AppPkg/DEBUG_GCC49/X64/MdePkg/Library/UefiDriverEntryPoint/UefiDriverEntryPoint/OUTPUT/UefiDriverEntryPoint.lib(DriverEntryPoint.obj)
 .rela.text.EslSocketOptionSet
                0x0000000000020b00        0x0 /home/student/nseiger/CS385/EFI/Sonoma_edk2/Build/AppPkg/DEBUG_GCC49/X64/MdePkg/Library/UefiDriverEntryPoint/UefiDriverEntryPoint/OUTPUT/UefiDriverEntryPoint.lib(DriverEntryPoint.obj)
 .rela.text.EslSocketPacketAllocate
                0x0000000000020b00        0x0 /home/student/nseiger/CS385/EFI/Sonoma_edk2/Build/AppPkg/DEBUG_GCC49/X64/MdePkg/Library/UefiDriverEntryPoint/UefiDriverEntryPoint/OUTPUT/UefiDriverEntryPoint.lib(DriverEntryPoint.obj)
 .rela.text.EslSocketPortAllocate
                0x0000000000020b00        0x0 /home/student/nseiger/CS385/EFI/Sonoma_edk2/Build/AppPkg/DEBUG_GCC49/X64/MdePkg/Library/UefiDriverEntryPoint/UefiDriverEntryPoint/OUTPUT/UefiDriverEntryPoint.lib(DriverEntryPoint.obj)
 .rela.text.EslSocketReceive
                0x0000000000020b00        0x0 /home/student/nseiger/CS385/EFI/Sonoma_edk2/Build/AppPkg/DEBUG_GCC49/X64/MdePkg/Library/UefiDriverEntryPoint/UefiDriverEntryPoint/OUTPUT/UefiDriverEntryPoint.lib(DriverEntryPoint.obj)
 .rela.text.EslTcp4Accept
                0x0000000000020b00        0x0 /home/student/nseiger/CS385/EFI/Sonoma_edk2/Build/AppPkg/DEBUG_GCC49/X64/MdePkg/Library/UefiDriverEntryPoint/UefiDriverEntryPoint/OUTPUT/UefiDriverEntryPoint.lib(DriverEntryPoint.obj)
 .rela.text.EslTcp4LocalAddressGet
                0x0000000000020b00        0x0 /home/student/nseiger/CS385/EFI/Sonoma_edk2/Build/AppPkg/DEBUG_GCC49/X64/MdePkg/Library/UefiDriverEntryPoint/UefiDriverEntryPoint/OUTPUT/UefiDriverEntryPoint.lib(DriverEntryPoint.obj)
 .rela.text.EslTcp4LocalAddressSet
                0x0000000000020b00        0x0 /home/student/nseiger/CS385/EFI/Sonoma_edk2/Build/AppPkg/DEBUG_GCC49/X64/MdePkg/Library/UefiDriverEntryPoint/UefiDriverEntryPoint/OUTPUT/UefiDriverEntryPoint.lib(DriverEntryPoint.obj)
 .rela.text.EslTcp4Receive
                0x0000000000020b00        0x0 /home/student/nseiger/CS385/EFI/Sonoma_edk2/Build/AppPkg/DEBUG_GCC49/X64/MdePkg/Library/UefiDriverEntryPoint/UefiDriverEntryPoint/OUTPUT/UefiDriverEntryPoint.lib(DriverEntryPoint.obj)
 .rela.text.EslTcp4RemoteAddressGet
                0x0000000000020b00        0x0 /home/student/nseiger/CS385/EFI/Sonoma_edk2/Build/AppPkg/DEBUG_GCC49/X64/MdePkg/Library/UefiDriverEntryPoint/UefiDriverEntryPoint/OUTPUT/UefiDriverEntryPoint.lib(DriverEntryPoint.obj)
 .rela.text.EslTcp4RemoteAddressSet
                0x0000000000020b00        0x0 /home/student/nseiger/CS385/EFI/Sonoma_edk2/Build/AppPkg/DEBUG_GCC49/X64/MdePkg/Library/UefiDriverEntryPoint/UefiDriverEntryPoint/OUTPUT/UefiDriverEntryPoint.lib(DriverEntryPoint.obj)
 .rela.text.EslTcp4TxBuffer
                0x0000000000020b00        0x0 /home/student/nseiger/CS385/EFI/Sonoma_edk2/Build/AppPkg/DEBUG_GCC49/X64/MdePkg/Library/UefiDriverEntryPoint/UefiDriverEntryPoint/OUTPUT/UefiDriverEntryPoint.lib(DriverEntryPoint.obj)
 .rela.text.EslTcp4VerifyLocalIpAddress
                0x0000000000020b00        0x0 /home/student/nseiger/CS385/EFI/Sonoma_edk2/Build/AppPkg/DEBUG_GCC49/X64/MdePkg/Library/UefiDriverEntryPoint/UefiDriverEntryPoint/OUTPUT/UefiDriverEntryPoint.lib(DriverEntryPoint.obj)
 .rela.text.EslTcp6Accept
                0x0000000000020b00        0x0 /home/student/nseiger/CS385/EFI/Sonoma_edk2/Build/AppPkg/DEBUG_GCC49/X64/MdePkg/Library/UefiDriverEntryPoint/UefiDriverEntryPoint/OUTPUT/UefiDriverEntryPoint.lib(DriverEntryPoint.obj)
 .rela.text.EslTcp6ListenComplete
                0x0000000000020b00        0x0 /home/student/nseiger/CS385/EFI/Sonoma_edk2/Build/AppPkg/DEBUG_GCC49/X64/MdePkg/Library/UefiDriverEntryPoint/UefiDriverEntryPoint/OUTPUT/UefiDriverEntryPoint.lib(DriverEntryPoint.obj)
 .rela.text.EslTcp6LocalAddressGet
                0x0000000000020b00        0x0 /home/student/nseiger/CS385/EFI/Sonoma_edk2/Build/AppPkg/DEBUG_GCC49/X64/MdePkg/Library/UefiDriverEntryPoint/UefiDriverEntryPoint/OUTPUT/UefiDriverEntryPoint.lib(DriverEntryPoint.obj)
 .rela.text.EslTcp6LocalAddressSet
                0x0000000000020b00        0x0 /home/student/nseiger/CS385/EFI/Sonoma_edk2/Build/AppPkg/DEBUG_GCC49/X64/MdePkg/Library/UefiDriverEntryPoint/UefiDriverEntryPoint/OUTPUT/UefiDriverEntryPoint.lib(DriverEntryPoint.obj)
 .rela.text.EslTcp6Receive
                0x0000000000020b00        0x0 /home/student/nseiger/CS385/EFI/Sonoma_edk2/Build/AppPkg/DEBUG_GCC49/X64/MdePkg/Library/UefiDriverEntryPoint/UefiDriverEntryPoint/OUTPUT/UefiDriverEntryPoint.lib(DriverEntryPoint.obj)
 .rela.text.EslTcp6RemoteAddressGet
                0x0000000000020b00        0x0 /home/student/nseiger/CS385/EFI/Sonoma_edk2/Build/AppPkg/DEBUG_GCC49/X64/MdePkg/Library/UefiDriverEntryPoint/UefiDriverEntryPoint/OUTPUT/UefiDriverEntryPoint.lib(DriverEntryPoint.obj)
 .rela.text.EslTcp6RemoteAddressSet
                0x0000000000020b00        0x0 /home/student/nseiger/CS385/EFI/Sonoma_edk2/Build/AppPkg/DEBUG_GCC49/X64/MdePkg/Library/UefiDriverEntryPoint/UefiDriverEntryPoint/OUTPUT/UefiDriverEntryPoint.lib(DriverEntryPoint.obj)
 .rela.text.EslTcp6TxBuffer
                0x0000000000020b00        0x0 /home/student/nseiger/CS385/EFI/Sonoma_edk2/Build/AppPkg/DEBUG_GCC49/X64/MdePkg/Library/UefiDriverEntryPoint/UefiDriverEntryPoint/OUTPUT/UefiDriverEntryPoint.lib(DriverEntryPoint.obj)
 .rela.text.EslTcp6VerifyLocalIpAddress
                0x0000000000020b00        0x0 /home/student/nseiger/CS385/EFI/Sonoma_edk2/Build/AppPkg/DEBUG_GCC49/X64/MdePkg/Library/UefiDriverEntryPoint/UefiDriverEntryPoint/OUTPUT/UefiDriverEntryPoint.lib(DriverEntryPoint.obj)
 .rela.text.EslUdp4LocalAddressGet
                0x0000000000020b00        0x0 /home/student/nseiger/CS385/EFI/Sonoma_edk2/Build/AppPkg/DEBUG_GCC49/X64/MdePkg/Library/UefiDriverEntryPoint/UefiDriverEntryPoint/OUTPUT/UefiDriverEntryPoint.lib(DriverEntryPoint.obj)
 .rela.text.EslUdp4LocalAddressSet
                0x0000000000020b00        0x0 /home/student/nseiger/CS385/EFI/Sonoma_edk2/Build/AppPkg/DEBUG_GCC49/X64/MdePkg/Library/UefiDriverEntryPoint/UefiDriverEntryPoint/OUTPUT/UefiDriverEntryPoint.lib(DriverEntryPoint.obj)
 .rela.text.EslUdp4Receive
                0x0000000000020b00        0x0 /home/student/nseiger/CS385/EFI/Sonoma_edk2/Build/AppPkg/DEBUG_GCC49/X64/MdePkg/Library/UefiDriverEntryPoint/UefiDriverEntryPoint/OUTPUT/UefiDriverEntryPoint.lib(DriverEntryPoint.obj)
 .rela.text.EslUdp4RemoteAddressGet
                0x0000000000020b00        0x0 /home/student/nseiger/CS385/EFI/Sonoma_edk2/Build/AppPkg/DEBUG_GCC49/X64/MdePkg/Library/UefiDriverEntryPoint/UefiDriverEntryPoint/OUTPUT/UefiDriverEntryPoint.lib(DriverEntryPoint.obj)
 .rela.text.EslUdp4RemoteAddressSet
                0x0000000000020b00        0x0 /home/student/nseiger/CS385/EFI/Sonoma_edk2/Build/AppPkg/DEBUG_GCC49/X64/MdePkg/Library/UefiDriverEntryPoint/UefiDriverEntryPoint/OUTPUT/UefiDriverEntryPoint.lib(DriverEntryPoint.obj)
 .rela.text.EslUdp4TxBuffer
                0x0000000000020b00        0x0 /home/student/nseiger/CS385/EFI/Sonoma_edk2/Build/AppPkg/DEBUG_GCC49/X64/MdePkg/Library/UefiDriverEntryPoint/UefiDriverEntryPoint/OUTPUT/UefiDriverEntryPoint.lib(DriverEntryPoint.obj)
 .rela.text.EslUdp4VerifyLocalIpAddress
                0x0000000000020b00        0x0 /home/student/nseiger/CS385/EFI/Sonoma_edk2/Build/AppPkg/DEBUG_GCC49/X64/MdePkg/Library/UefiDriverEntryPoint/UefiDriverEntryPoint/OUTPUT/UefiDriverEntryPoint.lib(DriverEntryPoint.obj)
 .rela.text.EslUdp6LocalAddressGet
                0x0000000000020b00        0x0 /home/student/nseiger/CS385/EFI/Sonoma_edk2/Build/AppPkg/DEBUG_GCC49/X64/MdePkg/Library/UefiDriverEntryPoint/UefiDriverEntryPoint/OUTPUT/UefiDriverEntryPoint.lib(DriverEntryPoint.obj)
 .rela.text.EslUdp6LocalAddressSet