Archive member included to satisfy reference by file (symbol)

/home/student/nseiger/CS385/EFI/Sonoma_edk2/Build/AppPkg/DEBUG_GCC49/X64/MdePkg/Library/UefiApplicationEntryPoint/UefiApplicationEntryPoint/OUTPUT/UefiApplicationEntryPoint.lib(ApplicationEntryPoint.obj)
                              (_ModuleEntryPoint)
/home/student/nseiger/CS385/EFI/Sonoma_edk2/Build/AppPkg/DEBUG_GCC49/X64/MdePkg/Library/UefiBootServicesTableLib/UefiBootServicesTableLib/OUTPUT/UefiBootServicesTableLib.lib(UefiBootServicesTableLib.obj)
                              /home/student/nseiger/CS385/EFI/Sonoma_edk2/Build/AppPkg/DEBUG_GCC49/X64/MdePkg/Library/UefiApplicationEntryPoint/UefiApplicationEntryPoint/OUTPUT/UefiApplicationEntryPoint.lib(ApplicationEntryPoint.obj) (gImageHandle)
/home/student/nseiger/CS385/EFI/Sonoma_edk2/Build/AppPkg/DEBUG_GCC49/X64/AppPkg/Applications/Sockets/DataSource/DataSource/OUTPUT/DataSource.lib(AutoGen.obj)
                              /home/student/nseiger/CS385/EFI/Sonoma_edk2/Build/AppPkg/DEBUG_GCC49/X64/MdePkg/Library/UefiApplicationEntryPoint/UefiApplicationEntryPoint/OUTPUT/UefiApplicationEntryPoint.lib(ApplicationEntryPoint.obj) (ProcessLibraryConstructorList)
/home/student/nseiger/CS385/EFI/Sonoma_edk2/Build/AppPkg/DEBUG_GCC49/X64/ShellPkg/Library/UefiShellCEntryLib/UefiShellCEntryLib/OUTPUT/UefiShellCEntryLib.lib(UefiShellCEntryLib.obj)
                              /home/student/nseiger/CS385/EFI/Sonoma_edk2/Build/AppPkg/DEBUG_GCC49/X64/AppPkg/Applications/Sockets/DataSource/DataSource/OUTPUT/DataSource.lib(AutoGen.obj) (ShellCEntryLib)
/home/student/nseiger/CS385/EFI/Sonoma_edk2/Build/AppPkg/DEBUG_GCC49/X64/StdLib/LibC/LibC/OUTPUT/LibC.lib(Main.obj)
                              /home/student/nseiger/CS385/EFI/Sonoma_edk2/Build/AppPkg/DEBUG_GCC49/X64/ShellPkg/Library/UefiShellCEntryLib/UefiShellCEntryLib/OUTPUT/UefiShellCEntryLib.lib(UefiShellCEntryLib.obj) (ShellAppMain)
/home/student/nseiger/CS385/EFI/Sonoma_edk2/Build/AppPkg/DEBUG_GCC49/X64/StdLib/LibC/LibC/OUTPUT/LibC.lib(errno.obj)
                              /home/student/nseiger/CS385/EFI/Sonoma_edk2/Build/AppPkg/DEBUG_GCC49/X64/StdLib/LibC/LibC/OUTPUT/LibC.lib(Main.obj) (errno)
/home/student/nseiger/CS385/EFI/Sonoma_edk2/Build/AppPkg/DEBUG_GCC49/X64/MdePkg/Library/BaseDebugLibNull/BaseDebugLibNull/OUTPUT/BaseDebugLibNull.lib(DebugLib.obj)
                              /home/student/nseiger/CS385/EFI/Sonoma_edk2/Build/AppPkg/DEBUG_GCC49/X64/AppPkg/Applications/Sockets/DataSource/DataSource/OUTPUT/DataSource.lib(AutoGen.obj) (DebugPrint)
/home/student/nseiger/CS385/EFI/Sonoma_edk2/Build/AppPkg/DEBUG_GCC49/X64/MdePkg/Library/UefiRuntimeServicesTableLib/UefiRuntimeServicesTableLib/OUTPUT/UefiRuntimeServicesTableLib.lib(UefiRuntimeServicesTableLib.obj)
                              /home/student/nseiger/CS385/EFI/Sonoma_edk2/Build/AppPkg/DEBUG_GCC49/X64/AppPkg/Applications/Sockets/DataSource/DataSource/OUTPUT/DataSource.lib(AutoGen.obj) (UefiRuntimeServicesTableLibConstructor)
/home/student/nseiger/CS385/EFI/Sonoma_edk2/Build/AppPkg/DEBUG_GCC49/X64/MdePkg/Library/UefiLib/UefiLib/OUTPUT/UefiLib.lib(UefiLibPrint.obj)
                              /home/student/nseiger/CS385/EFI/Sonoma_edk2/Build/AppPkg/DEBUG_GCC49/X64/StdLib/LibC/LibC/OUTPUT/LibC.lib(Main.obj) (Print)
/home/student/nseiger/CS385/EFI/Sonoma_edk2/Build/AppPkg/DEBUG_GCC49/X64/MdePkg/Library/UefiLib/UefiLib/OUTPUT/UefiLib.lib(UefiLib.obj)
                              /home/student/nseiger/CS385/EFI/Sonoma_edk2/Build/AppPkg/DEBUG_GCC49/X64/AppPkg/Applications/Sockets/DataSource/DataSource/OUTPUT/DataSource.lib(AutoGen.obj) (UefiLibConstructor)
/home/student/nseiger/CS385/EFI/Sonoma_edk2/Build/AppPkg/DEBUG_GCC49/X64/ShellPkg/Library/UefiShellLib/UefiShellLib/OUTPUT/UefiShellLib.lib(UefiShellLib.obj)
                              /home/student/nseiger/CS385/EFI/Sonoma_edk2/Build/AppPkg/DEBUG_GCC49/X64/AppPkg/Applications/Sockets/DataSource/DataSource/OUTPUT/DataSource.lib(AutoGen.obj) (ShellLibConstructor)
/home/student/nseiger/CS385/EFI/Sonoma_edk2/Build/AppPkg/DEBUG_GCC49/X64/StdLib/LibC/Wchar/Wchar/OUTPUT/LibWchar.lib(ConsDecons.obj)
                              /home/student/nseiger/CS385/EFI/Sonoma_edk2/Build/AppPkg/DEBUG_GCC49/X64/AppPkg/Applications/Sockets/DataSource/DataSource/OUTPUT/DataSource.lib(AutoGen.obj) (__wchar_construct)
/home/student/nseiger/CS385/EFI/Sonoma_edk2/Build/AppPkg/DEBUG_GCC49/X64/MdeModulePkg/Library/UefiHiiServicesLib/UefiHiiServicesLib/OUTPUT/UefiHiiServicesLib.lib(UefiHiiServicesLib.obj)
                              /home/student/nseiger/CS385/EFI/Sonoma_edk2/Build/AppPkg/DEBUG_GCC49/X64/AppPkg/Applications/Sockets/DataSource/DataSource/OUTPUT/DataSource.lib(AutoGen.obj) (UefiHiiServicesLibConstructor)
/home/student/nseiger/CS385/EFI/Sonoma_edk2/Build/AppPkg/DEBUG_GCC49/X64/StdLib/LibC/Uefi/Devices/daConsole/OUTPUT/DevConsole.lib(daConsole.obj)
[...]
Memory Configuration

Name             Origin             Length             Attributes
*default*        0x0000000000000000 0xffffffffffffffff

Linker script and memory map

START GROUP
LOAD /home/student/nseiger/CS385/EFI/Sonoma_edk2/Build/AppPkg/DEBUG_GCC49/X64/StdLib/LibC/Signal/Signal/OUTPUT/LibSignal.lib
LOAD /home/student/nseiger/CS385/EFI/Sonoma_edk2/Build/AppPkg/DEBUG_GCC49/X64/StdLib/LibC/gdtoa/gdtoa/OUTPUT/LibGdtoa.lib
LOAD /home/student/nseiger/CS385/EFI/Sonoma_edk2/Build/AppPkg/DEBUG_GCC49/X64/StdLib/LibC/Ctype/Ctype/OUTPUT/LibCtype.lib
LOAD /home/student/nseiger/CS385/EFI/Sonoma_edk2/Build/AppPkg/DEBUG_GCC49/X64/StdLib/PosixLib/Gen/LibGen/OUTPUT/LibGen.lib
LOAD /home/student/nseiger/CS385/EFI/Sonoma_edk2/Build/AppPkg/DEBUG_GCC49/X64/StdLib/LibC/Time/Time/OUTPUT/LibTime.lib
LOAD /home/student/nseiger/CS385/EFI/Sonoma_edk2/Build/AppPkg/DEBUG_GCC49/X64/StdLib/LibC/Locale/Locale/OUTPUT/LibLocale.lib
LOAD /home/student/nseiger/CS385/EFI/Sonoma_edk2/Build/AppPkg/DEBUG_GCC49/X64/StdLib/LibC/Uefi/Devices/daUtility/OUTPUT/DevUtility.lib
LOAD /home/student/nseiger/CS385/EFI/Sonoma_edk2/Build/AppPkg/DEBUG_GCC49/X64/StdLib/LibC/Uefi/Uefi/OUTPUT/LibUefi.lib
LOAD /home/student/nseiger/CS385/EFI/Sonoma_edk2/Build/AppPkg/DEBUG_GCC49/X64/StdLib/LibC/String/String/OUTPUT/LibString.lib
LOAD /home/student/nseiger/CS385/EFI/Sonoma_edk2/Build/AppPkg/DEBUG_GCC49/X64/StdLib/LibC/Stdio/Stdio/OUTPUT/LibStdio.lib
LOAD /home/student/nseiger/CS385/EFI/Sonoma_edk2/Build/AppPkg/DEBUG_GCC49/X64/StdLib/LibC/StdLib/StdLib/OUTPUT/LibStdLib.lib
LOAD /home/student/nseiger/CS385/EFI/Sonoma_edk2/Build/AppPkg/DEBUG_GCC49/X64/MdePkg/Library/UefiApplicationEntryPoint/UefiApplicationEntryPoint/OUTPUT/UefiApplicationEntryPoint.lib
LOAD /home/student/nseiger/CS385/EFI/Sonoma_edk2/Build/AppPkg/DEBUG_GCC49/X64/MdePkg/Library/BaseLib/BaseLib/OUTPUT/BaseLib.lib
LOAD /home/student/nseiger/CS385/EFI/Sonoma_edk2/Build/AppPkg/DEBUG_GCC49/X64/MdePkg/Library/UefiMemoryAllocationLib/UefiMemoryAllocationLib/OUTPUT/UefiMemoryAllocationLib.lib
LOAD /home/student/nseiger/CS385/EFI/Sonoma_edk2/Build/AppPkg/DEBUG_GCC49/X64/MdePkg/Library/BasePcdLibNull/BasePcdLibNull/OUTPUT/BasePcdLibNull.lib
LOAD /home/student/nseiger/CS385/EFI/Sonoma_edk2/Build/AppPkg/DEBUG_GCC49/X64/MdePkg/Library/BasePrintLib/BasePrintLib/OUTPUT/BasePrintLib.lib
LOAD /home/student/nseiger/CS385/EFI/Sonoma_edk2/Build/AppPkg/DEBUG_GCC49/X64/ShellPkg/Library/UefiShellCEntryLib/UefiShellCEntryLib/OUTPUT/UefiShellCEntryLib.lib
LOAD /home/student/nseiger/CS385/EFI/Sonoma_edk2/Build/AppPkg/DEBUG_GCC49/X64/StdLib/LibC/LibC/OUTPUT/LibC.lib
LOAD /home/student/nseiger/CS385/EFI/Sonoma_edk2/Build/AppPkg/DEBUG_GCC49/X64/MdePkg/Library/BaseDebugLibNull/BaseDebugLibNull/OUTPUT/BaseDebugLibNull.lib
LOAD /home/student/nseiger/CS385/EFI/Sonoma_edk2/Build/AppPkg/DEBUG_GCC49/X64/MdePkg/Library/BaseMemoryLib/BaseMemoryLib/OUTPUT/BaseMemoryLib.lib
LOAD /home/student/nseiger/CS385/EFI/Sonoma_edk2/Build/AppPkg/DEBUG_GCC49/X64/MdePkg/Library/UefiDevicePathLib/UefiDevicePathLib/OUTPUT/UefiDevicePathLib.lib
LOAD /home/student/nseiger/CS385/EFI/Sonoma_edk2/Build/AppPkg/DEBUG_GCC49/X64/MdePkg/Library/UefiRuntimeServicesTableLib/UefiRuntimeServicesTableLib/OUTPUT/UefiRuntimeServicesTableLib.lib
LOAD /home/student/nseiger/CS385/EFI/Sonoma_edk2/Build/AppPkg/DEBUG_GCC49/X64/MdePkg/Library/UefiBootServicesTableLib/UefiBootServicesTableLib/OUTPUT/UefiBootServicesTableLib.lib
LOAD /home/student/nseiger/CS385/EFI/Sonoma_edk2/Build/AppPkg/DEBUG_GCC49/X64/MdeModulePkg/Library/UefiSortLib/UefiSortLib/OUTPUT/UefiSortLib.lib
LOAD /home/student/nseiger/CS385/EFI/Sonoma_edk2/Build/AppPkg/DEBUG_GCC49/X64/MdeModulePkg/Library/UefiHiiLib/UefiHiiLib/OUTPUT/UefiHiiLib.lib
LOAD /home/student/nseiger/CS385/EFI/Sonoma_edk2/Build/AppPkg/DEBUG_GCC49/X64/MdePkg/Library/UefiFileHandleLib/UefiFileHandleLib/OUTPUT/UefiFileHandleLib.lib
LOAD /home/student/nseiger/CS385/EFI/Sonoma_edk2/Build/AppPkg/DEBUG_GCC49/X64/MdePkg/Library/UefiLib/UefiLib/OUTPUT/UefiLib.lib
LOAD /home/student/nseiger/CS385/EFI/Sonoma_edk2/Build/AppPkg/DEBUG_GCC49/X64/ShellPkg/Library/UefiShellLib/UefiShellLib/OUTPUT/UefiShellLib.lib
LOAD /home/student/nseiger/CS385/EFI/Sonoma_edk2/Build/AppPkg/DEBUG_GCC49/X64/StdLib/LibC/Wchar/Wchar/OUTPUT/LibWchar.lib
LOAD /home/student/nseiger/CS385/EFI/Sonoma_edk2/Build/AppPkg/DEBUG_GCC49/X64/MdeModulePkg/Library/UefiHiiServicesLib/UefiHiiServicesLib/OUTPUT/UefiHiiServicesLib.lib
LOAD /home/student/nseiger/CS385/EFI/Sonoma_edk2/Build/AppPkg/DEBUG_GCC49/X64/StdLib/LibC/Containers/ContainerLib/OUTPUT/LibContainer.lib
LOAD /home/student/nseiger/CS385/EFI/Sonoma_edk2/Build/AppPkg/DEBUG_GCC49/X64/StdLib/LibC/Uefi/InteractiveIO/IIO/OUTPUT/LibIIO.lib
LOAD /home/student/nseiger/CS385/EFI/Sonoma_edk2/Build/AppPkg/DEBUG_GCC49/X64/StdLib/LibC/Uefi/Devices/daConsole/OUTPUT/DevConsole.lib
LOAD /home/student/nseiger/CS385/EFI/Sonoma_edk2/Build/AppPkg/DEBUG_GCC49/X64/StdLib/BsdSocketLib/BsdSocketLib/OUTPUT/BsdSocketLib.lib
LOAD /home/student/nseiger/CS385/EFI/Sonoma_edk2/Build/AppPkg/DEBUG_GCC49/X64/StdLib/EfiSocketLib/EfiSocketLib/OUTPUT/EfiSocketLib.lib
LOAD /home/student/nseiger/CS385/EFI/Sonoma_edk2/Build/AppPkg/DEBUG_GCC49/X64/AppPkg/Applications/Sockets/DataSource/DataSource/OUTPUT/DataSource.lib
END GROUP
                0x0000000000000228                PECOFF_HEADER_SIZE = 0x228
                0x0000000000000228                . = PECOFF_HEADER_SIZE

.text           0x0000000000000240    0x4bc00
 *(.text .text.* .stub .gnu.linkonce.t.*)
 .text._ModuleEntryPoint
                0x0000000000000240       0x92 /home/student/nseiger/CS385/EFI/Sonoma_edk2/Build/AppPkg/DEBUG_GCC49/X64/MdePkg/Library/UefiApplicationEntryPoint/UefiApplicationEntryPoint/OUTPUT/UefiApplicationEntryPoint.lib(ApplicationEntryPoint.obj)
                0x0000000000000240                _ModuleEntryPoint
 .text.UefiBootServicesTableLibConstructor
                0x00000000000002d2      0x123 /home/student/nseiger/CS385/EFI/Sonoma_edk2/Build/AppPkg/DEBUG_GCC49/X64/MdePkg/Library/UefiBootServicesTableLib/UefiBootServicesTableLib/OUTPUT/UefiBootServicesTableLib.lib(UefiBootServicesTableLib.obj)
                0x00000000000002d2                UefiBootServicesTableLibConstructor
 .text.ProcessLibraryConstructorList
                0x00000000000003f5      0x508 /home/student/nseiger/CS385/EFI/Sonoma_edk2/Build/AppPkg/DEBUG_GCC49/X64/AppPkg/Applications/Sockets/DataSource/DataSource/OUTPUT/DataSource.lib(AutoGen.obj)
                0x00000000000003f5                ProcessLibraryConstructorList
 .text.ProcessLibraryDestructorList
                0x00000000000008fd      0x288 /home/student/nseiger/CS385/EFI/Sonoma_edk2/Build/AppPkg/DEBUG_GCC49/X64/AppPkg/Applications/Sockets/DataSource/DataSource/OUTPUT/DataSource.lib(AutoGen.obj)
                0x00000000000008fd                ProcessLibraryDestructorList
 .text.ProcessModuleEntryPointList
                0x0000000000000b85       0x29 /home/student/nseiger/CS385/EFI/Sonoma_edk2/Build/AppPkg/DEBUG_GCC49/X64/AppPkg/Applications/Sockets/DataSource/DataSource/OUTPUT/DataSource.lib(AutoGen.obj)
                0x0000000000000b85                ProcessModuleEntryPointList
 .text.ShellCEntryLib
                0x0000000000000bae      0x13f /home/student/nseiger/CS385/EFI/Sonoma_edk2/Build/AppPkg/DEBUG_GCC49/X64/ShellPkg/Library/UefiShellCEntryLib/UefiShellCEntryLib/OUTPUT/UefiShellCEntryLib.lib(UefiShellCEntryLib.obj)
                0x0000000000000bae                ShellCEntryLib
 .text.exitCleanup
                0x0000000000000ced       0xa8 /home/student/nseiger/CS385/EFI/Sonoma_edk2/Build/AppPkg/DEBUG_GCC49/X64/StdLib/LibC/LibC/OUTPUT/LibC.lib(Main.obj)
                0x0000000000000ced                exitCleanup
 .text.ArgvConvert
                0x0000000000000d95      0x4a0 /home/student/nseiger/CS385/EFI/Sonoma_edk2/Build/AppPkg/DEBUG_GCC49/X64/StdLib/LibC/LibC/OUTPUT/LibC.lib(Main.obj)
 .text.ShellAppMain
                0x0000000000001235      0x45f /home/student/nseiger/CS385/EFI/Sonoma_edk2/Build/AppPkg/DEBUG_GCC49/X64/StdLib/LibC/LibC/OUTPUT/LibC.lib(Main.obj)
                0x0000000000001235                ShellAppMain
 .text.DebugPrint
                0x0000000000001694       0x17 /home/student/nseiger/CS385/EFI/Sonoma_edk2/Build/AppPkg/DEBUG_GCC49/X64/MdePkg/Library/BaseDebugLibNull/BaseDebugLibNull/OUTPUT/BaseDebugLibNull.lib(DebugLib.obj)
                0x0000000000001694                DebugPrint
 .text.DebugAssert
                0x00000000000016ab       0x13 /home/student/nseiger/CS385/EFI/Sonoma_edk2/Build/AppPkg/DEBUG_GCC49/X64/MdePkg/Library/BaseDebugLibNull/BaseDebugLibNull/OUTPUT/BaseDebugLibNull.lib(DebugLib.obj)
                0x00000000000016ab                DebugAssert
 .text.DebugAssertEnabled
                0x00000000000016be        0xb /home/student/nseiger/CS385/EFI/Sonoma_edk2/Build/AppPkg/DEBUG_GCC49/X64/MdePkg/Library/BaseDebugLibNull/BaseDebugLibNull/OUTPUT/BaseDebugLibNull.lib(DebugLib.obj)
                0x00000000000016be                DebugAssertEnabled
 .text.DebugPrintEnabled
                0x00000000000016c9        0xb /home/student/nseiger/CS385/EFI/Sonoma_edk2/Build/AppPkg/DEBUG_GCC49/X64/MdePkg/Library/BaseDebugLibNull/BaseDebugLibNull/OUTPUT/BaseDebugLibNull.lib(DebugLib.obj)
                0x00000000000016c9                DebugPrintEnabled
 .text.DebugCodeEnabled
                0x00000000000016d4        0xb /home/student/nseiger/CS385/EFI/Sonoma_edk2/Build/AppPkg/DEBUG_GCC49/X64/MdePkg/Library/BaseDebugLibNull/BaseDebugLibNull/OUTPUT/BaseDebugLibNull.lib(DebugLib.obj)
                0x00000000000016d4                DebugCodeEnabled
 .text.DebugPrintLevelEnabled
                0x00000000000016df        0xf /home/student/nseiger/CS385/EFI/Sonoma_edk2/Build/AppPkg/DEBUG_GCC49/X64/MdePkg/Library/BaseDebugLibNull/BaseDebugLibNull/OUTPUT/BaseDebugLibNull.lib(DebugLib.obj)
                0x00000000000016df                DebugPrintLevelEnabled
 .text.UefiRuntimeServicesTableLibConstructor
                0x00000000000016ee       0x73 /home/student/nseiger/CS385/EFI/Sonoma_edk2/Build/AppPkg/DEBUG_GCC49/X64/MdePkg/Library/UefiRuntimeServicesTableLib/UefiRuntimeServicesTableLib/OUTPUT/UefiRuntimeServicesTableLib.lib(UefiRuntimeServicesTableLib.obj)
                0x00000000000016ee                UefiRuntimeServicesTableLibConstructor
 .text.InternalPrint
                0x0000000000001761      0x20f /home/student/nseiger/CS385/EFI/Sonoma_edk2/Build/AppPkg/DEBUG_GCC49/X64/MdePkg/Library/UefiLib/UefiLib/OUTPUT/UefiLib.lib(UefiLibPrint.obj)
                0x0000000000001761                InternalPrint
 .text.Print    0x0000000000001970       0xe4 /home/student/nseiger/CS385/EFI/Sonoma_edk2/Build/AppPkg/DEBUG_GCC49/X64/MdePkg/Library/UefiLib/UefiLib/OUTPUT/UefiLib.lib(UefiLibPrint.obj)
                0x0000000000001970                Print
 .text.UefiLibConstructor
                0x0000000000001a54       0x13 /home/student/nseiger/CS385/EFI/Sonoma_edk2/Build/AppPkg/DEBUG_GCC49/X64/MdePkg/Library/UefiLib/UefiLib/OUTPUT/UefiLib.lib(UefiLib.obj)
                0x0000000000001a54                UefiLibConstructor
 .text.EfiGetCurrentTpl
                0x0000000000001a67       0x44 /home/student/nseiger/CS385/EFI/Sonoma_edk2/Build/AppPkg/DEBUG_GCC49/X64/MdePkg/Library/UefiLib/UefiLib/OUTPUT/UefiLib.lib(UefiLib.obj)
                0x0000000000001a67                EfiGetCurrentTpl
 .text.ShellFindSE2
                0x0000000000001aab      0x277 /home/student/nseiger/CS385/EFI/Sonoma_edk2/Build/AppPkg/DEBUG_GCC49/X64/ShellPkg/Library/UefiShellLib/UefiShellLib/OUTPUT/UefiShellLib.lib(UefiShellLib.obj)
                0x0000000000001aab                ShellFindSE2
 .text.ShellLibConstructorWorker
                0x0000000000001d22      0x4cc /home/student/nseiger/CS385/EFI/Sonoma_edk2/Build/AppPkg/DEBUG_GCC49/X64/ShellPkg/Library/UefiShellLib/UefiShellLib/OUTPUT/UefiShellLib.lib(UefiShellLib.obj)
                0x0000000000001d22                ShellLibConstructorWorker
 .text.ShellLibConstructor
                0x00000000000021ee       0x96 /home/student/nseiger/CS385/EFI/Sonoma_edk2/Build/AppPkg/DEBUG_GCC49/X64/ShellPkg/Library/UefiShellLib/UefiShellLib/OUTPUT/UefiShellLib.lib(UefiShellLib.obj)
                0x00000000000021ee                ShellLibConstructor
 .text.ShellLibDestructor
                0x0000000000002284      0x191 /home/student/nseiger/CS385/EFI/Sonoma_edk2/Build/AppPkg/DEBUG_GCC49/X64/ShellPkg/Library/UefiShellLib/UefiShellLib/OUTPUT/UefiShellLib.lib(UefiShellLib.obj)
                0x0000000000002284                ShellLibDestructor
 .text.ShellGetEnvironmentVariable
                0x0000000000002415       0x69 /home/student/nseiger/CS385/EFI/Sonoma_edk2/Build/AppPkg/DEBUG_GCC49/X64/ShellPkg/Library/UefiShellLib/UefiShellLib/OUTPUT/UefiShellLib.lib(UefiShellLib.obj)
                0x0000000000002415                ShellGetEnvironmentVariable
 .text.__wchar_construct
                0x000000000000247e       0xdf /home/student/nseiger/CS385/EFI/Sonoma_edk2/Build/AppPkg/DEBUG_GCC49/X64/StdLib/LibC/Wchar/Wchar/OUTPUT/LibWchar.lib(ConsDecons.obj)
                0x000000000000247e                __wchar_construct
 .text.__wchar_deconstruct
                0x000000000000255d       0xec /home/student/nseiger/CS385/EFI/Sonoma_edk2/Build/AppPkg/DEBUG_GCC49/X64/StdLib/LibC/Wchar/Wchar/OUTPUT/LibWchar.lib(ConsDecons.obj)
                0x000000000000255d                __wchar_deconstruct
 .text.UefiHiiServicesLibConstructor
                0x0000000000002649      0x29d /home/student/nseiger/CS385/EFI/Sonoma_edk2/Build/AppPkg/DEBUG_GCC49/X64/MdeModulePkg/Library/UefiHiiServicesLib/UefiHiiServicesLib/OUTPUT/UefiHiiServicesLib.lib(UefiHiiServicesLib.obj)
                0x0000000000002649                UefiHiiServicesLibConstructor
 .text.da_ConSeek
                0x00000000000028e6       0xdd /home/student/nseiger/CS385/EFI/Sonoma_edk2/Build/AppPkg/DEBUG_GCC49/X64/StdLib/LibC/Uefi/Devices/daConsole/OUTPUT/DevConsole.lib(daConsole.obj)
 .text.da_ConWrite
                0x00000000000029c3      0x135 /home/student/nseiger/CS385/EFI/Sonoma_edk2/Build/AppPkg/DEBUG_GCC49/X64/StdLib/LibC/Uefi/Devices/daConsole/OUTPUT/DevConsole.lib(daConsole.obj)
 .text.da_ConRawRead
                0x0000000000002af8      0x114 /home/student/nseiger/CS385/EFI/Sonoma_edk2/Build/AppPkg/DEBUG_GCC49/X64/StdLib/LibC/Uefi/Devices/daConsole/OUTPUT/DevConsole.lib(daConsole.obj)
 .text.da_ConRead
                0x0000000000002c0c      0x265 /home/student/nseiger/CS385/EFI/Sonoma_edk2/Build/AppPkg/DEBUG_GCC49/X64/StdLib/LibC/Uefi/Devices/daConsole/OUTPUT/DevConsole.lib(daConsole.obj)
 .text.da_ConStat
                0x0000000000002e71      0x189 /home/student/nseiger/CS385/EFI/Sonoma_edk2/Build/AppPkg/DEBUG_GCC49/X64/StdLib/LibC/Uefi/Devices/daConsole/OUTPUT/DevConsole.lib(daConsole.obj)
 .text.da_ConIoctl
                0x0000000000002ffa       0x27 /home/student/nseiger/CS385/EFI/Sonoma_edk2/Build/AppPkg/DEBUG_GCC49/X64/StdLib/LibC/Uefi/Devices/daConsole/OUTPUT/DevConsole.lib(daConsole.obj)
 .text.da_ConOpen
                0x0000000000003021       0xf8 /home/student/nseiger/CS385/EFI/Sonoma_edk2/Build/AppPkg/DEBUG_GCC49/X64/StdLib/LibC/Uefi/Devices/daConsole/OUTPUT/DevConsole.lib(daConsole.obj)
                0x0000000000003021                da_ConOpen
 .text.da_ConFlush
                0x0000000000003119      0x12f /home/student/nseiger/CS385/EFI/Sonoma_edk2/Build/AppPkg/DEBUG_GCC49/X64/StdLib/LibC/Uefi/Devices/daConsole/OUTPUT/DevConsole.lib(daConsole.obj)
 .text.da_ConClose
                0x0000000000003248       0x9c /home/student/nseiger/CS385/EFI/Sonoma_edk2/Build/AppPkg/DEBUG_GCC49/X64/StdLib/LibC/Uefi/Devices/daConsole/OUTPUT/DevConsole.lib(daConsole.obj)
 .text.da_ConPoll
                0x00000000000032e4      0x1c1 /home/student/nseiger/CS385/EFI/Sonoma_edk2/Build/AppPkg/DEBUG_GCC49/X64/StdLib/LibC/Uefi/Devices/daConsole/OUTPUT/DevConsole.lib(daConsole.obj)
 .text.__Cons_construct
                0x00000000000034a5      0x395 /home/student/nseiger/CS385/EFI/Sonoma_edk2/Build/AppPkg/DEBUG_GCC49/X64/StdLib/LibC/Uefi/Devices/daConsole/OUTPUT/DevConsole.lib(daConsole.obj)
                0x00000000000034a5                __Cons_construct
 .text.__Cons_deconstruct
                0x000000000000383a       0xd9 /home/student/nseiger/CS385/EFI/Sonoma_edk2/Build/AppPkg/DEBUG_GCC49/X64/StdLib/LibC/Uefi/Devices/daConsole/OUTPUT/DevConsole.lib(daConsole.obj)
                0x000000000000383a                __Cons_deconstruct
 .text.EslConstructor
                0x0000000000003913       0xb8 /home/student/nseiger/CS385/EFI/Sonoma_edk2/Build/AppPkg/DEBUG_GCC49/X64/StdLib/EfiSocketLib/EfiSocketLib/OUTPUT/EfiSocketLib.lib(Init.obj)
                0x0000000000003913                EslConstructor
 .text.EslDestructor
                0x00000000000039cb       0xb8 /home/student/nseiger/CS385/EFI/Sonoma_edk2/Build/AppPkg/DEBUG_GCC49/X64/StdLib/EfiSocketLib/EfiSocketLib/OUTPUT/EfiSocketLib.lib(Init.obj)
                0x00000000000039cb                EslDestructor
 .text.EslServiceFreeProtocol
                0x0000000000003a83       0x2b /home/student/nseiger/CS385/EFI/Sonoma_edk2/Build/AppPkg/DEBUG_GCC49/X64/StdLib/EfiSocketLib/EfiSocketLib/OUTPUT/EfiSocketLib.lib(UseEfiSocketLib.obj)
                0x0000000000003a83                EslServiceFreeProtocol
 .text.EslServiceGetProtocol
                0x0000000000003aae       0x6c /home/student/nseiger/CS385/EFI/Sonoma_edk2/Build/AppPkg/DEBUG_GCC49/X64/StdLib/EfiSocketLib/EfiSocketLib/OUTPUT/EfiSocketLib.lib(UseEfiSocketLib.obj)
                0x0000000000003aae                EslServiceGetProtocol
 .text.EslServiceNetworkConnect
                0x0000000000003b1a      0x209 /home/student/nseiger/CS385/EFI/Sonoma_edk2/Build/AppPkg/DEBUG_GCC49/X64/StdLib/EfiSocketLib/EfiSocketLib/OUTPUT/EfiSocketLib.lib(UseEfiSocketLib.obj)
                0x0000000000003b1a                EslServiceNetworkConnect
 .text.EslServiceNetworkDisconnect
                0x0000000000003d23      0x170 /home/student/nseiger/CS385/EFI/Sonoma_edk2/Build/AppPkg/DEBUG_GCC49/X64/StdLib/EfiSocketLib/EfiSocketLib/OUTPUT/EfiSocketLib.lib(UseEfiSocketLib.obj)
                0x0000000000003d23                EslServiceNetworkDisconnect
 .text.EslServiceConnect
                0x0000000000003e93      0x65d /home/student/nseiger/CS385/EFI/Sonoma_edk2/Build/AppPkg/DEBUG_GCC49/X64/StdLib/EfiSocketLib/EfiSocketLib/OUTPUT/EfiSocketLib.lib(Service.obj)
                0x0000000000003e93                EslServiceConnect
 .text.EslServiceDisconnect
                0x00000000000044f0      0x5d2 /home/student/nseiger/CS385/EFI/Sonoma_edk2/Build/AppPkg/DEBUG_GCC49/X64/StdLib/EfiSocketLib/EfiSocketLib/OUTPUT/EfiSocketLib.lib(Service.obj)
                0x00000000000044f0                EslServiceDisconnect
 .text.EslServiceLoad
                0x0000000000004ac2       0x5e /home/student/nseiger/CS385/EFI/Sonoma_edk2/Build/AppPkg/DEBUG_GCC49/X64/StdLib/EfiSocketLib/EfiSocketLib/OUTPUT/EfiSocketLib.lib(Service.obj)
                0x0000000000004ac2                EslServiceLoad
 .text.EslServiceUnload
                0x0000000000004b20       0x31 /home/student/nseiger/CS385/EFI/Sonoma_edk2/Build/AppPkg/DEBUG_GCC49/X64/StdLib/EfiSocketLib/EfiSocketLib/OUTPUT/EfiSocketLib.lib(Service.obj)
                0x0000000000004b20                EslServiceUnload
 .text.EslSocket
                0x0000000000004b51      0x43a /home/student/nseiger/CS385/EFI/Sonoma_edk2/Build/AppPkg/DEBUG_GCC49/X64/StdLib/EfiSocketLib/EfiSocketLib/OUTPUT/EfiSocketLib.lib(Socket.obj)
                0x0000000000004b51                EslSocket
 .text.EslSocketAccept
                0x0000000000004f8b      0x562 /home/student/nseiger/CS385/EFI/Sonoma_edk2/Build/AppPkg/DEBUG_GCC49/X64/StdLib/EfiSocketLib/EfiSocketLib/OUTPUT/EfiSocketLib.lib(Socket.obj)
                0x0000000000004f8b                EslSocketAccept
 .text.EslSocketAllocate
                0x00000000000054ed      0x48c /home/student/nseiger/CS385/EFI/Sonoma_edk2/Build/AppPkg/DEBUG_GCC49/X64/StdLib/EfiSocketLib/EfiSocketLib/OUTPUT/EfiSocketLib.lib(Socket.obj)
                0x00000000000054ed                EslSocketAllocate
 .text.EslSocketBind
                0x0000000000005979      0x728 /home/student/nseiger/CS385/EFI/Sonoma_edk2/Build/AppPkg/DEBUG_GCC49/X64/StdLib/EfiSocketLib/EfiSocketLib/OUTPUT/EfiSocketLib.lib(Socket.obj)
                0x0000000000005979                EslSocketBind
 .text.EslSocketBindTest
                0x00000000000060a1      0x27a /home/student/nseiger/CS385/EFI/Sonoma_edk2/Build/AppPkg/DEBUG_GCC49/X64/StdLib/EfiSocketLib/EfiSocketLib/OUTPUT/EfiSocketLib.lib(Socket.obj)
                0x00000000000060a1                EslSocketBindTest
 .text.EslSocketClosePoll
                0x000000000000631b      0x408 /home/student/nseiger/CS385/EFI/Sonoma_edk2/Build/AppPkg/DEBUG_GCC49/X64/StdLib/EfiSocketLib/EfiSocketLib/OUTPUT/EfiSocketLib.lib(Socket.obj)
                0x000000000000631b                EslSocketClosePoll
 .text.EslSocketCloseStart
                0x0000000000006723      0x289 /home/student/nseiger/CS385/EFI/Sonoma_edk2/Build/AppPkg/DEBUG_GCC49/X64/StdLib/EfiSocketLib/EfiSocketLib/OUTPUT/EfiSocketLib.lib(Socket.obj)
                0x0000000000006723                EslSocketCloseStart
 .text.EslSocketConnect
                0x00000000000069ac      0x69f /home/student/nseiger/CS385/EFI/Sonoma_edk2/Build/AppPkg/DEBUG_GCC49/X64/StdLib/EfiSocketLib/EfiSocketLib/OUTPUT/EfiSocketLib.lib(Socket.obj)
                0x00000000000069ac                EslSocketConnect
 .text.EslSocketCopyFragmentedBuffer
                0x000000000000704b      0x193 /home/student/nseiger/CS385/EFI/Sonoma_edk2/Build/AppPkg/DEBUG_GCC49/X64/StdLib/EfiSocketLib/EfiSocketLib/OUTPUT/EfiSocketLib.lib(Socket.obj)
                0x000000000000704b                EslSocketCopyFragmentedBuffer
 .text.EslSocketFree
                0x00000000000071de      0x5c5 /home/student/nseiger/CS385/EFI/Sonoma_edk2/Build/AppPkg/DEBUG_GCC49/X64/StdLib/EfiSocketLib/EfiSocketLib/OUTPUT/EfiSocketLib.lib(Socket.obj)
                0x00000000000071de                EslSocketFree
 .text.EslSocketGetLocalAddress
                0x00000000000077a3      0x38b /home/student/nseiger/CS385/EFI/Sonoma_edk2/Build/AppPkg/DEBUG_GCC49/X64/StdLib/EfiSocketLib/EfiSocketLib/OUTPUT/EfiSocketLib.lib(Socket.obj)
                0x00000000000077a3                EslSocketGetLocalAddress
 .text.EslSocketGetPeerAddress
                0x0000000000007b2e      0x3aa /home/student/nseiger/CS385/EFI/Sonoma_edk2/Build/AppPkg/DEBUG_GCC49/X64/StdLib/EfiSocketLib/EfiSocketLib/OUTPUT/EfiSocketLib.lib(Socket.obj)
                0x0000000000007b2e                EslSocketGetPeerAddress
 .text.EslSocketIoFree
                0x0000000000007ed8      0x1b2 /home/student/nseiger/CS385/EFI/Sonoma_edk2/Build/AppPkg/DEBUG_GCC49/X64/StdLib/EfiSocketLib/EfiSocketLib/OUTPUT/EfiSocketLib.lib(Socket.obj)
                0x0000000000007ed8                EslSocketIoFree
 .text.EslSocketIoInit
                0x000000000000808a      0x213 /home/student/nseiger/CS385/EFI/Sonoma_edk2/Build/AppPkg/DEBUG_GCC49/X64/StdLib/EfiSocketLib/EfiSocketLib/OUTPUT/EfiSocketLib.lib(Socket.obj)
                0x000000000000808a                EslSocketIoInit
 .text.EslSocketIsConfigured
                0x000000000000829d      0x1af /home/student/nseiger/CS385/EFI/Sonoma_edk2/Build/AppPkg/DEBUG_GCC49/X64/StdLib/EfiSocketLib/EfiSocketLib/OUTPUT/EfiSocketLib.lib(Socket.obj)
                0x000000000000829d                EslSocketIsConfigured
 .text.EslSocketListen
                0x000000000000844c      0x5e9 /home/student/nseiger/CS385/EFI/Sonoma_edk2/Build/AppPkg/DEBUG_GCC49/X64/StdLib/EfiSocketLib/EfiSocketLib/OUTPUT/EfiSocketLib.lib(Socket.obj)
                0x000000000000844c                EslSocketListen
 .text.EslSocketOptionGet
                0x0000000000008a35      0x5fb /home/student/nseiger/CS385/EFI/Sonoma_edk2/Build/AppPkg/DEBUG_GCC49/X64/StdLib/EfiSocketLib/EfiSocketLib/OUTPUT/EfiSocketLib.lib(Socket.obj)
                0x0000000000008a35                EslSocketOptionGet
 .text.EslSocketOptionSet
                0x0000000000009030      0x5a1 /home/student/nseiger/CS385/EFI/Sonoma_edk2/Build/AppPkg/DEBUG_GCC49/X64/StdLib/EfiSocketLib/EfiSocketLib/OUTPUT/EfiSocketLib.lib(Socket.obj)
                0x0000000000009030                EslSocketOptionSet
 .text.EslSocketPacketAllocate
                0x00000000000095d1      0x18e /home/student/nseiger/CS385/EFI/Sonoma_edk2/Build/AppPkg/DEBUG_GCC49/X64/StdLib/EfiSocketLib/EfiSocketLib/OUTPUT/EfiSocketLib.lib(Socket.obj)
                0x00000000000095d1                EslSocketPacketAllocate
 .text.EslSocketPacketFree
                0x000000000000975f      0x13f /home/student/nseiger/CS385/EFI/Sonoma_edk2/Build/AppPkg/DEBUG_GCC49/X64/StdLib/EfiSocketLib/EfiSocketLib/OUTPUT/EfiSocketLib.lib(Socket.obj)
                0x000000000000975f                EslSocketPacketFree
 .text.EslSocketPoll
                0x000000000000989e      0x470 /home/student/nseiger/CS385/EFI/Sonoma_edk2/Build/AppPkg/DEBUG_GCC49/X64/StdLib/EfiSocketLib/EfiSocketLib/OUTPUT/EfiSocketLib.lib(Socket.obj)
                0x000000000000989e                EslSocketPoll
 .text.EslSocketPortAllocate
                0x0000000000009d0e      0x88e /home/student/nseiger/CS385/EFI/Sonoma_edk2/Build/AppPkg/DEBUG_GCC49/X64/StdLib/EfiSocketLib/EfiSocketLib/OUTPUT/EfiSocketLib.lib(Socket.obj)
                0x0000000000009d0e                EslSocketPortAllocate
 .text.EslSocketPortClose
                0x000000000000a59c      0xa04 /home/student/nseiger/CS385/EFI/Sonoma_edk2/Build/AppPkg/DEBUG_GCC49/X64/StdLib/EfiSocketLib/EfiSocketLib/OUTPUT/EfiSocketLib.lib(Socket.obj)
                0x000000000000a59c                EslSocketPortClose
 .text.EslSocketPortCloseComplete
                0x000000000000afa0      0x1ba /home/student/nseiger/CS385/EFI/Sonoma_edk2/Build/AppPkg/DEBUG_GCC49/X64/StdLib/EfiSocketLib/EfiSocketLib/OUTPUT/EfiSocketLib.lib(Socket.obj)
                0x000000000000afa0                EslSocketPortCloseComplete
 .text.EslSocketPortCloseRxDone
                0x000000000000b15a      0x2bb /home/student/nseiger/CS385/EFI/Sonoma_edk2/Build/AppPkg/DEBUG_GCC49/X64/StdLib/EfiSocketLib/EfiSocketLib/OUTPUT/EfiSocketLib.lib(Socket.obj)
                0x000000000000b15a                EslSocketPortCloseRxDone
 .text.EslSocketPortCloseStart
                0x000000000000b415      0x1bf /home/student/nseiger/CS385/EFI/Sonoma_edk2/Build/AppPkg/DEBUG_GCC49/X64/StdLib/EfiSocketLib/EfiSocketLib/OUTPUT/EfiSocketLib.lib(Socket.obj)
                0x000000000000b415                EslSocketPortCloseStart
 .text.EslSocketPortCloseTxDone
                0x000000000000b5d4      0x5f3 /home/student/nseiger/CS385/EFI/Sonoma_edk2/Build/AppPkg/DEBUG_GCC49/X64/StdLib/EfiSocketLib/EfiSocketLib/OUTPUT/EfiSocketLib.lib(Socket.obj)
                0x000000000000b5d4                EslSocketPortCloseTxDone
 .text.EslSocketReceive
                0x000000000000bbc7      0xa1a /home/student/nseiger/CS385/EFI/Sonoma_edk2/Build/AppPkg/DEBUG_GCC49/X64/StdLib/EfiSocketLib/EfiSocketLib/OUTPUT/EfiSocketLib.lib(Socket.obj)
                0x000000000000bbc7                EslSocketReceive
 .text.EslSocketRxCancel
                0x000000000000c5e1      0x167 /home/student/nseiger/CS385/EFI/Sonoma_edk2/Build/AppPkg/DEBUG_GCC49/X64/StdLib/EfiSocketLib/EfiSocketLib/OUTPUT/EfiSocketLib.lib(Socket.obj)
                0x000000000000c5e1                EslSocketRxCancel
 .text.EslSocketRxComplete
                0x000000000000c748      0x5f1 /home/student/nseiger/CS385/EFI/Sonoma_edk2/Build/AppPkg/DEBUG_GCC49/X64/StdLib/EfiSocketLib/EfiSocketLib/OUTPUT/EfiSocketLib.lib(Socket.obj)
                0x000000000000c748                EslSocketRxComplete
 .text.EslSocketRxPoll
                0x000000000000cd39      0x106 /home/student/nseiger/CS385/EFI/Sonoma_edk2/Build/AppPkg/DEBUG_GCC49/X64/StdLib/EfiSocketLib/EfiSocketLib/OUTPUT/EfiSocketLib.lib(Socket.obj)
                0x000000000000cd39                EslSocketRxPoll
 .text.EslSocketRxStart
                0x000000000000ce3f      0x5c7 /home/student/nseiger/CS385/EFI/Sonoma_edk2/Build/AppPkg/DEBUG_GCC49/X64/StdLib/EfiSocketLib/EfiSocketLib/OUTPUT/EfiSocketLib.lib(Socket.obj)
                0x000000000000ce3f                EslSocketRxStart
 .text.EslSocketShutdown
                0x000000000000d406      0x2e6 /home/student/nseiger/CS385/EFI/Sonoma_edk2/Build/AppPkg/DEBUG_GCC49/X64/StdLib/EfiSocketLib/EfiSocketLib/OUTPUT/EfiSocketLib.lib(Socket.obj)
                0x000000000000d406                EslSocketShutdown
 .text.EslSocketTransmit
                0x000000000000d6ec      0x3b0 /home/student/nseiger/CS385/EFI/Sonoma_edk2/Build/AppPkg/DEBUG_GCC49/X64/StdLib/EfiSocketLib/EfiSocketLib/OUTPUT/EfiSocketLib.lib(Socket.obj)
                0x000000000000d6ec                EslSocketTransmit
 .text.EslSocketTxComplete
                0x000000000000da9c      0x422 /home/student/nseiger/CS385/EFI/Sonoma_edk2/Build/AppPkg/DEBUG_GCC49/X64/StdLib/EfiSocketLib/EfiSocketLib/OUTPUT/EfiSocketLib.lib(Socket.obj)
                0x000000000000da9c                EslSocketTxComplete
 .text.EslSocketTxStart
                0x000000000000debe      0x273 /home/student/nseiger/CS385/EFI/Sonoma_edk2/Build/AppPkg/DEBUG_GCC49/X64/StdLib/EfiSocketLib/EfiSocketLib/OUTPUT/EfiSocketLib.lib(Socket.obj)
                0x000000000000debe                EslSocketTxStart
 .text.EslTcp4Accept
                0x000000000000e131      0x189 /home/student/nseiger/CS385/EFI/Sonoma_edk2/Build/AppPkg/DEBUG_GCC49/X64/StdLib/EfiSocketLib/EfiSocketLib/OUTPUT/EfiSocketLib.lib(Tcp4.obj)
                0x000000000000e131                EslTcp4Accept
 .text.EslTcp4ConnectComplete
                0x000000000000e2ba      0x461 /home/student/nseiger/CS385/EFI/Sonoma_edk2/Build/AppPkg/DEBUG_GCC49/X64/StdLib/EfiSocketLib/EfiSocketLib/OUTPUT/EfiSocketLib.lib(Tcp4.obj)
                0x000000000000e2ba                EslTcp4ConnectComplete
 .text.EslTcp4ConnectPoll
                0x000000000000e71b      0x303 /home/student/nseiger/CS385/EFI/Sonoma_edk2/Build/AppPkg/DEBUG_GCC49/X64/StdLib/EfiSocketLib/EfiSocketLib/OUTPUT/EfiSocketLib.lib(Tcp4.obj)
                0x000000000000e71b                EslTcp4ConnectPoll
 .text.EslTcp4ConnectStart
                0x000000000000ea1e      0x397 /home/student/nseiger/CS385/EFI/Sonoma_edk2/Build/AppPkg/DEBUG_GCC49/X64/StdLib/EfiSocketLib/EfiSocketLib/OUTPUT/EfiSocketLib.lib(Tcp4.obj)
                0x000000000000ea1e                EslTcp4ConnectStart
 .text.EslTcp4Listen
                0x000000000000edb5      0x66c /home/student/nseiger/CS385/EFI/Sonoma_edk2/Build/AppPkg/DEBUG_GCC49/X64/StdLib/EfiSocketLib/EfiSocketLib/OUTPUT/EfiSocketLib.lib(Tcp4.obj)
                0x000000000000edb5                EslTcp4Listen
 .text.EslTcp4ListenComplete
                0x000000000000f421      0x713 /home/student/nseiger/CS385/EFI/Sonoma_edk2/Build/AppPkg/DEBUG_GCC49/X64/StdLib/EfiSocketLib/EfiSocketLib/OUTPUT/EfiSocketLib.lib(Tcp4.obj)
                0x000000000000f421                EslTcp4ListenComplete
 .text.EslTcp4LocalAddressGet
                0x000000000000fb34       0x89 /home/student/nseiger/CS385/EFI/Sonoma_edk2/Build/AppPkg/DEBUG_GCC49/X64/StdLib/EfiSocketLib/EfiSocketLib/OUTPUT/EfiSocketLib.lib(Tcp4.obj)
                0x000000000000fb34                EslTcp4LocalAddressGet
 .text.EslTcp4LocalAddressSet
                0x000000000000fbbd      0x26b /home/student/nseiger/CS385/EFI/Sonoma_edk2/Build/AppPkg/DEBUG_GCC49/X64/StdLib/EfiSocketLib/EfiSocketLib/OUTPUT/EfiSocketLib.lib(Tcp4.obj)
                0x000000000000fbbd                EslTcp4LocalAddressSet
 .text.EslTcp4PacketFree
                0x000000000000fe28       0x2d /home/student/nseiger/CS385/EFI/Sonoma_edk2/Build/AppPkg/DEBUG_GCC49/X64/StdLib/EfiSocketLib/EfiSocketLib/OUTPUT/EfiSocketLib.lib(Tcp4.obj)
                0x000000000000fe28                EslTcp4PacketFree
 .text.EslTcp4PortAllocate
                0x000000000000fe55      0x34c /home/student/nseiger/CS385/EFI/Sonoma_edk2/Build/AppPkg/DEBUG_GCC49/X64/StdLib/EfiSocketLib/EfiSocketLib/OUTPUT/EfiSocketLib.lib(Tcp4.obj)
                0x000000000000fe55                EslTcp4PortAllocate
 .text.EslTcp4PortClose
                0x00000000000101a1      0x49f /home/student/nseiger/CS385/EFI/Sonoma_edk2/Build/AppPkg/DEBUG_GCC49/X64/StdLib/EfiSocketLib/EfiSocketLib/OUTPUT/EfiSocketLib.lib(Tcp4.obj)
                0x00000000000101a1                EslTcp4PortClose
 .text.EslTcp4PortCloseOp
                0x0000000000010640      0x17e /home/student/nseiger/CS385/EFI/Sonoma_edk2/Build/AppPkg/DEBUG_GCC49/X64/StdLib/EfiSocketLib/EfiSocketLib/OUTPUT/EfiSocketLib.lib(Tcp4.obj)
                0x0000000000010640                EslTcp4PortCloseOp
 .text.EslTcp4Receive
                0x00000000000107be      0x2e3 /home/student/nseiger/CS385/EFI/Sonoma_edk2/Build/AppPkg/DEBUG_GCC49/X64/StdLib/EfiSocketLib/EfiSocketLib/OUTPUT/EfiSocketLib.lib(Tcp4.obj)
                0x00000000000107be                EslTcp4Receive
 .text.EslTcp4RemoteAddressGet
                0x0000000000010aa1       0x89 /home/student/nseiger/CS385/EFI/Sonoma_edk2/Build/AppPkg/DEBUG_GCC49/X64/StdLib/EfiSocketLib/EfiSocketLib/OUTPUT/EfiSocketLib.lib(Tcp4.obj)
                0x0000000000010aa1                EslTcp4RemoteAddressGet
 .text.EslTcp4RemoteAddressSet
                0x0000000000010b2a      0x12f /home/student/nseiger/CS385/EFI/Sonoma_edk2/Build/AppPkg/DEBUG_GCC49/X64/StdLib/EfiSocketLib/EfiSocketLib/OUTPUT/EfiSocketLib.lib(Tcp4.obj)
                0x0000000000010b2a                EslTcp4RemoteAddressSet
 .text.EslTcp4RxComplete
                0x0000000000010c59       0x7e /home/student/nseiger/CS385/EFI/Sonoma_edk2/Build/AppPkg/DEBUG_GCC49/X64/StdLib/EfiSocketLib/EfiSocketLib/OUTPUT/EfiSocketLib.lib(Tcp4.obj)
                0x0000000000010c59                EslTcp4RxComplete
 .text.EslTcp4RxStart
                0x0000000000010cd7       0x63 /home/student/nseiger/CS385/EFI/Sonoma_edk2/Build/AppPkg/DEBUG_GCC49/X64/StdLib/EfiSocketLib/EfiSocketLib/OUTPUT/EfiSocketLib.lib(Tcp4.obj)
                0x0000000000010cd7                EslTcp4RxStart
 .text.EslTcp4SocketIsConfigured
                0x0000000000010d3a       0x36 /home/student/nseiger/CS385/EFI/Sonoma_edk2/Build/AppPkg/DEBUG_GCC49/X64/StdLib/EfiSocketLib/EfiSocketLib/OUTPUT/EfiSocketLib.lib(Tcp4.obj)
                0x0000000000010d3a                EslTcp4SocketIsConfigured
 .text.EslTcp4TxBuffer
                0x0000000000010d70      0x699 /home/student/nseiger/CS385/EFI/Sonoma_edk2/Build/AppPkg/DEBUG_GCC49/X64/StdLib/EfiSocketLib/EfiSocketLib/OUTPUT/EfiSocketLib.lib(Tcp4.obj)
                0x0000000000010d70                EslTcp4TxBuffer
 .text.EslTcp4TxComplete
                0x0000000000011409       0xb9 /home/student/nseiger/CS385/EFI/Sonoma_edk2/Build/AppPkg/DEBUG_GCC49/X64/StdLib/EfiSocketLib/EfiSocketLib/OUTPUT/EfiSocketLib.lib(Tcp4.obj)
                0x0000000000011409                EslTcp4TxComplete
 .text.EslTcp4TxOobComplete
                0x00000000000114c2       0xbf /home/student/nseiger/CS385/EFI/Sonoma_edk2/Build/AppPkg/DEBUG_GCC49/X64/StdLib/EfiSocketLib/EfiSocketLib/OUTPUT/EfiSocketLib.lib(Tcp4.obj)
                0x00000000000114c2                EslTcp4TxOobComplete
 .text.EslTcp4VerifyLocalIpAddress
                0x0000000000011581      0x543 /home/student/nseiger/CS385/EFI/Sonoma_edk2/Build/AppPkg/DEBUG_GCC49/X64/StdLib/EfiSocketLib/EfiSocketLib/OUTPUT/EfiSocketLib.lib(Tcp4.obj)
                0x0000000000011581                EslTcp4VerifyLocalIpAddress
 .text.EslTcp6Accept
                0x0000000000011ac4      0x168 /home/student/nseiger/CS385/EFI/Sonoma_edk2/Build/AppPkg/DEBUG_GCC49/X64/StdLib/EfiSocketLib/EfiSocketLib/OUTPUT/EfiSocketLib.lib(Tcp6.obj)
                0x0000000000011ac4                EslTcp6Accept
 .text.EslTcp6ConnectComplete
                0x0000000000011c2c      0x5f6 /home/student/nseiger/CS385/EFI/Sonoma_edk2/Build/AppPkg/DEBUG_GCC49/X64/StdLib/EfiSocketLib/EfiSocketLib/OUTPUT/EfiSocketLib.lib(Tcp6.obj)
                0x0000000000011c2c                EslTcp6ConnectComplete
 .text.EslTcp6ConnectPoll
                0x0000000000012222      0x303 /home/student/nseiger/CS385/EFI/Sonoma_edk2/Build/AppPkg/DEBUG_GCC49/X64/StdLib/EfiSocketLib/EfiSocketLib/OUTPUT/EfiSocketLib.lib(Tcp6.obj)
                0x0000000000012222                EslTcp6ConnectPoll
 .text.EslTcp6ConnectStart
                0x0000000000012525      0x489 /home/student/nseiger/CS385/EFI/Sonoma_edk2/Build/AppPkg/DEBUG_GCC49/X64/StdLib/EfiSocketLib/EfiSocketLib/OUTPUT/EfiSocketLib.lib(Tcp6.obj)
                0x0000000000012525                EslTcp6ConnectStart
 .text.EslTcp6Listen
                0x00000000000129ae      0x66c /home/student/nseiger/CS385/EFI/Sonoma_edk2/Build/AppPkg/DEBUG_GCC49/X64/StdLib/EfiSocketLib/EfiSocketLib/OUTPUT/EfiSocketLib.lib(Tcp6.obj)
                0x00000000000129ae                EslTcp6Listen
 .text.EslTcp6ListenComplete
                0x000000000001301a      0x9c9 /home/student/nseiger/CS385/EFI/Sonoma_edk2/Build/AppPkg/DEBUG_GCC49/X64/StdLib/EfiSocketLib/EfiSocketLib/OUTPUT/EfiSocketLib.lib(Tcp6.obj)
                0x000000000001301a                EslTcp6ListenComplete
 .text.EslTcp6LocalAddressGet
                0x00000000000139e3       0x89 /home/student/nseiger/CS385/EFI/Sonoma_edk2/Build/AppPkg/DEBUG_GCC49/X64/StdLib/EfiSocketLib/EfiSocketLib/OUTPUT/EfiSocketLib.lib(Tcp6.obj)
                0x00000000000139e3                EslTcp6LocalAddressGet
 .text.EslTcp6LocalAddressSet
                0x0000000000013a6c      0x249 /home/student/nseiger/CS385/EFI/Sonoma_edk2/Build/AppPkg/DEBUG_GCC49/X64/StdLib/EfiSocketLib/EfiSocketLib/OUTPUT/EfiSocketLib.lib(Tcp6.obj)
                0x0000000000013a6c                EslTcp6LocalAddressSet
 .text.EslTcp6PacketFree
                0x0000000000013cb5       0x2d /home/student/nseiger/CS385/EFI/Sonoma_edk2/Build/AppPkg/DEBUG_GCC49/X64/StdLib/EfiSocketLib/EfiSocketLib/OUTPUT/EfiSocketLib.lib(Tcp6.obj)
                0x0000000000013cb5                EslTcp6PacketFree
 .text.EslTcp6PortAllocate
                0x0000000000013ce2      0x359 /home/student/nseiger/CS385/EFI/Sonoma_edk2/Build/AppPkg/DEBUG_GCC49/X64/StdLib/EfiSocketLib/EfiSocketLib/OUTPUT/EfiSocketLib.lib(Tcp6.obj)
                0x0000000000013ce2                EslTcp6PortAllocate
 .text.EslTcp6PortClose
                0x000000000001403b      0x4a8 /home/student/nseiger/CS385/EFI/Sonoma_edk2/Build/AppPkg/DEBUG_GCC49/X64/StdLib/EfiSocketLib/EfiSocketLib/OUTPUT/EfiSocketLib.lib(Tcp6.obj)
                0x000000000001403b                EslTcp6PortClose
 .text.EslTcp6PortCloseOp
                0x00000000000144e3      0x181 /home/student/nseiger/CS385/EFI/Sonoma_edk2/Build/AppPkg/DEBUG_GCC49/X64/StdLib/EfiSocketLib/EfiSocketLib/OUTPUT/EfiSocketLib.lib(Tcp6.obj)
                0x00000000000144e3                EslTcp6PortCloseOp
 .text.EslTcp6Receive
                0x0000000000014664      0x3c2 /home/student/nseiger/CS385/EFI/Sonoma_edk2/Build/AppPkg/DEBUG_GCC49/X64/StdLib/EfiSocketLib/EfiSocketLib/OUTPUT/EfiSocketLib.lib(Tcp6.obj)
                0x0000000000014664                EslTcp6Receive
 .text.EslTcp6RemoteAddressGet
                0x0000000000014a26       0x89 /home/student/nseiger/CS385/EFI/Sonoma_edk2/Build/AppPkg/DEBUG_GCC49/X64/StdLib/EfiSocketLib/EfiSocketLib/OUTPUT/EfiSocketLib.lib(Tcp6.obj)
                0x0000000000014a26                EslTcp6RemoteAddressGet
 .text.EslTcp6RemoteAddressSet
                0x0000000000014aaf       0x8f /home/student/nseiger/CS385/EFI/Sonoma_edk2/Build/AppPkg/DEBUG_GCC49/X64/StdLib/EfiSocketLib/EfiSocketLib/OUTPUT/EfiSocketLib.lib(Tcp6.obj)
                0x0000000000014aaf                EslTcp6RemoteAddressSet
 .text.EslTcp6RxComplete
                0x0000000000014b3e       0x7e /home/student/nseiger/CS385/EFI/Sonoma_edk2/Build/AppPkg/DEBUG_GCC49/X64/StdLib/EfiSocketLib/EfiSocketLib/OUTPUT/EfiSocketLib.lib(Tcp6.obj)
                0x0000000000014b3e                EslTcp6RxComplete
 .text.EslTcp6RxStart
                0x0000000000014bbc       0x63 /home/student/nseiger/CS385/EFI/Sonoma_edk2/Build/AppPkg/DEBUG_GCC49/X64/StdLib/EfiSocketLib/EfiSocketLib/OUTPUT/EfiSocketLib.lib(Tcp6.obj)
                0x0000000000014bbc                EslTcp6RxStart
 .text.EslTcp6SocketIsConfigured
                0x0000000000014c1f       0x36 /home/student/nseiger/CS385/EFI/Sonoma_edk2/Build/AppPkg/DEBUG_GCC49/X64/StdLib/EfiSocketLib/EfiSocketLib/OUTPUT/EfiSocketLib.lib(Tcp6.obj)
                0x0000000000014c1f                EslTcp6SocketIsConfigured
 .text.EslTcp6TxBuffer
                0x0000000000014c55      0x699 /home/student/nseiger/CS385/EFI/Sonoma_edk2/Build/AppPkg/DEBUG_GCC49/X64/StdLib/EfiSocketLib/EfiSocketLib/OUTPUT/EfiSocketLib.lib(Tcp6.obj)
                0x0000000000014c55                EslTcp6TxBuffer
 .text.EslTcp6TxComplete
                0x00000000000152ee       0xb9 /home/student/nseiger/CS385/EFI/Sonoma_edk2/Build/AppPkg/DEBUG_GCC49/X64/StdLib/EfiSocketLib/EfiSocketLib/OUTPUT/EfiSocketLib.lib(Tcp6.obj)
                0x00000000000152ee                EslTcp6TxComplete
 .text.EslTcp6TxOobComplete
                0x00000000000153a7       0xbf /home/student/nseiger/CS385/EFI/Sonoma_edk2/Build/AppPkg/DEBUG_GCC49/X64/StdLib/EfiSocketLib/EfiSocketLib/OUTPUT/EfiSocketLib.lib(Tcp6.obj)
                0x00000000000153a7                EslTcp6TxOobComplete
 .text.EslTcp6VerifyLocalIpAddress
                0x0000000000015466      0xb2c /home/student/nseiger/CS385/EFI/Sonoma_edk2/Build/AppPkg/DEBUG_GCC49/X64/StdLib/EfiSocketLib/EfiSocketLib/OUTPUT/EfiSocketLib.lib(Tcp6.obj)
                0x0000000000015466                EslTcp6VerifyLocalIpAddress
 .text.EslUdp4LocalAddressGet
                0x0000000000015f92       0x89 /home/student/nseiger/CS385/EFI/Sonoma_edk2/Build/AppPkg/DEBUG_GCC49/X64/StdLib/EfiSocketLib/EfiSocketLib/OUTPUT/EfiSocketLib.lib(Udp4.obj)
                0x0000000000015f92                EslUdp4LocalAddressGet
 .text.EslUdp4LocalAddressSet
                0x000000000001601b      0x266 /home/student/nseiger/CS385/EFI/Sonoma_edk2/Build/AppPkg/DEBUG_GCC49/X64/StdLib/EfiSocketLib/EfiSocketLib/OUTPUT/EfiSocketLib.lib(Udp4.obj)
                0x000000000001601b                EslUdp4LocalAddressSet
 .text.EslUdp4PacketFree
                0x0000000000016281       0x6b /home/student/nseiger/CS385/EFI/Sonoma_edk2/Build/AppPkg/DEBUG_GCC49/X64/StdLib/EfiSocketLib/EfiSocketLib/OUTPUT/EfiSocketLib.lib(Udp4.obj)
                0x0000000000016281                EslUdp4PacketFree
 .text.EslUdp4PortAllocate
                0x00000000000162ec      0x110 /home/student/nseiger/CS385/EFI/Sonoma_edk2/Build/AppPkg/DEBUG_GCC49/X64/StdLib/EfiSocketLib/EfiSocketLib/OUTPUT/EfiSocketLib.lib(Udp4.obj)
                0x00000000000162ec                EslUdp4PortAllocate
 .text.EslUdp4Receive
                0x00000000000163fc      0x202 /home/student/nseiger/CS385/EFI/Sonoma_edk2/Build/AppPkg/DEBUG_GCC49/X64/StdLib/EfiSocketLib/EfiSocketLib/OUTPUT/EfiSocketLib.lib(Udp4.obj)
                0x00000000000163fc                EslUdp4Receive
 .text.EslUdp4RemoteAddressGet
                0x00000000000165fe       0x89 /home/student/nseiger/CS385/EFI/Sonoma_edk2/Build/AppPkg/DEBUG_GCC49/X64/StdLib/EfiSocketLib/EfiSocketLib/OUTPUT/EfiSocketLib.lib(Udp4.obj)
                0x00000000000165fe                EslUdp4RemoteAddressGet
 .text.EslUdp4RemoteAddressSet
                0x0000000000016687       0xba /home/student/nseiger/CS385/EFI/Sonoma_edk2/Build/AppPkg/DEBUG_GCC49/X64/StdLib/EfiSocketLib/EfiSocketLib/OUTPUT/EfiSocketLib.lib(Udp4.obj)
                0x0000000000016687                EslUdp4RemoteAddressSet
 .text.EslUdp4RxComplete
                0x0000000000016741       0x70 /home/student/nseiger/CS385/EFI/Sonoma_edk2/Build/AppPkg/DEBUG_GCC49/X64/StdLib/EfiSocketLib/EfiSocketLib/OUTPUT/EfiSocketLib.lib(Udp4.obj)
                0x0000000000016741                EslUdp4RxComplete
 .text.EslUdp4SocketIsConfigured
                0x00000000000167b1      0x4ae /home/student/nseiger/CS385/EFI/Sonoma_edk2/Build/AppPkg/DEBUG_GCC49/X64/StdLib/EfiSocketLib/EfiSocketLib/OUTPUT/EfiSocketLib.lib(Udp4.obj)
                0x00000000000167b1                EslUdp4SocketIsConfigured
 .text.EslUdp4TxBuffer
                0x0000000000016c5f      0x615 /home/student/nseiger/CS385/EFI/Sonoma_edk2/Build/AppPkg/DEBUG_GCC49/X64/StdLib/EfiSocketLib/EfiSocketLib/OUTPUT/EfiSocketLib.lib(Udp4.obj)
                0x0000000000016c5f                EslUdp4TxBuffer
 .text.EslUdp4TxComplete
                0x0000000000017274      0x137 /home/student/nseiger/CS385/EFI/Sonoma_edk2/Build/AppPkg/DEBUG_GCC49/X64/StdLib/EfiSocketLib/EfiSocketLib/OUTPUT/EfiSocketLib.lib(Udp4.obj)
                0x0000000000017274                EslUdp4TxComplete
 .text.EslUdp4VerifyLocalIpAddress
                0x00000000000173ab      0x539 /home/student/nseiger/CS385/EFI/Sonoma_edk2/Build/AppPkg/DEBUG_GCC49/X64/StdLib/EfiSocketLib/EfiSocketLib/OUTPUT/EfiSocketLib.lib(Udp4.obj)
                0x00000000000173ab                EslUdp4VerifyLocalIpAddress
 .text.EslUdp6LocalAddressGet
                0x00000000000178e4       0x89 /home/student/nseiger/CS385/EFI/Sonoma_edk2/Build/AppPkg/DEBUG_GCC49/X64/StdLib/EfiSocketLib/EfiSocketLib/OUTPUT/EfiSocketLib.lib(Udp6.obj)
                0x00000000000178e4                EslUdp6LocalAddressGet
 .text.EslUdp6LocalAddressSet
                0x000000000001796d      0x256 /home/student/nseiger/CS385/EFI/Sonoma_edk2/Build/AppPkg/DEBUG_GCC49/X64/StdLib/EfiSocketLib/EfiSocketLib/OUTPUT/EfiSocketLib.lib(Udp6.obj)
                0x000000000001796d                EslUdp6LocalAddressSet
 .text.EslUdp6PacketFree
                0x0000000000017bc3       0x6b /home/student/nseiger/CS385/EFI/Sonoma_edk2/Build/AppPkg/DEBUG_GCC49/X64/StdLib/EfiSocketLib/EfiSocketLib/OUTPUT/EfiSocketLib.lib(Udp6.obj)
                0x0000000000017bc3                EslUdp6PacketFree
 .text.EslUdp6PortAllocate
                0x0000000000017c2e      0x121 /home/student/nseiger/CS385/EFI/Sonoma_edk2/Build/AppPkg/DEBUG_GCC49/X64/StdLib/EfiSocketLib/EfiSocketLib/OUTPUT/EfiSocketLib.lib(Udp6.obj)
                0x0000000000017c2e                EslUdp6PortAllocate
 .text.EslUdp6Receive
                0x0000000000017d4f      0x2e1 /home/student/nseiger/CS385/EFI/Sonoma_edk2/Build/AppPkg/DEBUG_GCC49/X64/StdLib/EfiSocketLib/EfiSocketLib/OUTPUT/EfiSocketLib.lib(Udp6.obj)
                0x0000000000017d4f                EslUdp6Receive
 .text.EslUdp6RemoteAddressGet
                0x0000000000018030       0x89 /home/student/nseiger/CS385/EFI/Sonoma_edk2/Build/AppPkg/DEBUG_GCC49/X64/StdLib/EfiSocketLib/EfiSocketLib/OUTPUT/EfiSocketLib.lib(Udp6.obj)
                0x0000000000018030                EslUdp6RemoteAddressGet
 .text.EslUdp6RemoteAddressSet
                0x00000000000180b9       0x8f /home/student/nseiger/CS385/EFI/Sonoma_edk2/Build/AppPkg/DEBUG_GCC49/X64/StdLib/EfiSocketLib/EfiSocketLib/OUTPUT/EfiSocketLib.lib(Udp6.obj)
                0x00000000000180b9                EslUdp6RemoteAddressSet
 .text.EslUdp6RxComplete
                0x0000000000018148       0x70 /home/student/nseiger/CS385/EFI/Sonoma_edk2/Build/AppPkg/DEBUG_GCC49/X64/StdLib/EfiSocketLib/EfiSocketLib/OUTPUT/EfiSocketLib.lib(Udp6.obj)
                0x0000000000018148                EslUdp6RxComplete
 .text.EslUdp6SocketIsConfigured
                0x00000000000181b8      0x8ed /home/student/nseiger/CS385/EFI/Sonoma_edk2/Build/AppPkg/DEBUG_GCC49/X64/StdLib/EfiSocketLib/EfiSocketLib/OUTPUT/EfiSocketLib.lib(Udp6.obj)
                0x00000000000181b8                EslUdp6SocketIsConfigured
 .text.EslUdp6TxBuffer
                0x0000000000018aa5      0x728 /home/student/nseiger/CS385/EFI/Sonoma_edk2/Build/AppPkg/DEBUG_GCC49/X64/StdLib/EfiSocketLib/EfiSocketLib/OUTPUT/EfiSocketLib.lib(Udp6.obj)
                0x0000000000018aa5                EslUdp6TxBuffer
 .text.EslUdp6TxComplete
                0x00000000000191cd      0x137 /home/student/nseiger/CS385/EFI/Sonoma_edk2/Build/AppPkg/DEBUG_GCC49/X64/StdLib/EfiSocketLib/EfiSocketLib/OUTPUT/EfiSocketLib.lib(Udp6.obj)
                0x00000000000191cd                EslUdp6TxComplete
 .text.EslUdp6VerifyLocalIpAddress
                0x0000000000019304      0xb24 /home/student/nseiger/CS385/EFI/Sonoma_edk2/Build/AppPkg/DEBUG_GCC49/X64/StdLib/EfiSocketLib/EfiSocketLib/OUTPUT/EfiSocketLib.lib(Udp6.obj)
                0x0000000000019304                EslUdp6VerifyLocalIpAddress
 .text.EslIp4LocalAddressGet
                0x0000000000019e28       0x5e /home/student/nseiger/CS385/EFI/Sonoma_edk2/Build/AppPkg/DEBUG_GCC49/X64/StdLib/EfiSocketLib/EfiSocketLib/OUTPUT/EfiSocketLib.lib(Ip4.obj)
                0x0000000000019e28                EslIp4LocalAddressGet
 .text.EslIp4LocalAddressSet
                0x0000000000019e86      0x1f7 /home/student/nseiger/CS385/EFI/Sonoma_edk2/Build/AppPkg/DEBUG_GCC49/X64/StdLib/EfiSocketLib/EfiSocketLib/OUTPUT/EfiSocketLib.lib(Ip4.obj)
                0x0000000000019e86                EslIp4LocalAddressSet
 .text.EslIp4OptionGet
                0x000000000001a07d       0x76 /home/student/nseiger/CS385/EFI/Sonoma_edk2/Build/AppPkg/DEBUG_GCC49/X64/StdLib/EfiSocketLib/EfiSocketLib/OUTPUT/EfiSocketLib.lib(Ip4.obj)
                0x000000000001a07d                EslIp4OptionGet
 .text.EslIp4OptionSet
                0x000000000001a0f3       0xd1 /home/student/nseiger/CS385/EFI/Sonoma_edk2/Build/AppPkg/DEBUG_GCC49/X64/StdLib/EfiSocketLib/EfiSocketLib/OUTPUT/EfiSocketLib.lib(Ip4.obj)
                0x000000000001a0f3                EslIp4OptionSet
 .text.EslIp4PacketFree
                0x000000000001a1c4       0x74 /home/student/nseiger/CS385/EFI/Sonoma_edk2/Build/AppPkg/DEBUG_GCC49/X64/StdLib/EfiSocketLib/EfiSocketLib/OUTPUT/EfiSocketLib.lib(Ip4.obj)
                0x000000000001a1c4                EslIp4PacketFree
 .text.EslIp4PortAllocate
                0x000000000001a238      0x156 /home/student/nseiger/CS385/EFI/Sonoma_edk2/Build/AppPkg/DEBUG_GCC49/X64/StdLib/EfiSocketLib/EfiSocketLib/OUTPUT/EfiSocketLib.lib(Ip4.obj)
                0x000000000001a238                EslIp4PortAllocate
 .text.EslIp4Receive
                0x000000000001a38e      0x2c9 /home/student/nseiger/CS385/EFI/Sonoma_edk2/Build/AppPkg/DEBUG_GCC49/X64/StdLib/EfiSocketLib/EfiSocketLib/OUTPUT/EfiSocketLib.lib(Ip4.obj)
                0x000000000001a38e                EslIp4Receive
 .text.EslIp4RemoteAddressGet
                0x000000000001a657       0x5e /home/student/nseiger/CS385/EFI/Sonoma_edk2/Build/AppPkg/DEBUG_GCC49/X64/StdLib/EfiSocketLib/EfiSocketLib/OUTPUT/EfiSocketLib.lib(Ip4.obj)
                0x000000000001a657                EslIp4RemoteAddressGet
 .text.EslIp4RemoteAddressSet
                0x000000000001a6b5       0x8f /home/student/nseiger/CS385/EFI/Sonoma_edk2/Build/AppPkg/DEBUG_GCC49/X64/StdLib/EfiSocketLib/EfiSocketLib/OUTPUT/EfiSocketLib.lib(Ip4.obj)
                0x000000000001a6b5                EslIp4RemoteAddressSet
 .text.EslIp4RxComplete
                0x000000000001a744       0x79 /home/student/nseiger/CS385/EFI/Sonoma_edk2/Build/AppPkg/DEBUG_GCC49/X64/StdLib/EfiSocketLib/EfiSocketLib/OUTPUT/EfiSocketLib.lib(Ip4.obj)
                0x000000000001a744                EslIp4RxComplete
 .text.EslIp4SocketIsConfigured
                0x000000000001a7bd      0x82d /home/student/nseiger/CS385/EFI/Sonoma_edk2/Build/AppPkg/DEBUG_GCC49/X64/StdLib/EfiSocketLib/EfiSocketLib/OUTPUT/EfiSocketLib.lib(Ip4.obj)
                0x000000000001a7bd                EslIp4SocketIsConfigured
 .text.EslIp4TxBuffer
                0x000000000001afea      0x695 /home/student/nseiger/CS385/EFI/Sonoma_edk2/Build/AppPkg/DEBUG_GCC49/X64/StdLib/EfiSocketLib/EfiSocketLib/OUTPUT/EfiSocketLib.lib(Ip4.obj)
                0x000000000001afea                EslIp4TxBuffer
 .text.EslIp4TxComplete
                0x000000000001b67f      0x137 /home/student/nseiger/CS385/EFI/Sonoma_edk2/Build/AppPkg/DEBUG_GCC49/X64/StdLib/EfiSocketLib/EfiSocketLib/OUTPUT/EfiSocketLib.lib(Ip4.obj)
                0x000000000001b67f                EslIp4TxComplete
 .text.EslIp4VerifyLocalIpAddress
                0x000000000001b7b6      0x539 /home/student/nseiger/CS385/EFI/Sonoma_edk2/Build/AppPkg/DEBUG_GCC49/X64/StdLib/EfiSocketLib/EfiSocketLib/OUTPUT/EfiSocketLib.lib(Ip4.obj)
                0x000000000001b7b6                EslIp4VerifyLocalIpAddress
 .text.ControlCCheck
                0x000000000001bcef       0x77 /home/student/nseiger/CS385/EFI/Sonoma_edk2/Build/AppPkg/DEBUG_GCC49/X64/AppPkg/Applications/Sockets/DataSource/DataSource/OUTPUT/DataSource.lib(DataSource.obj)
                0x000000000001bcef                ControlCCheck
 .text.IpAddress
                0x000000000001bd66      0x42f /home/student/nseiger/CS385/EFI/Sonoma_edk2/Build/AppPkg/DEBUG_GCC49/X64/AppPkg/Applications/Sockets/DataSource/DataSource/OUTPUT/DataSource.lib(DataSource.obj)
                0x000000000001bd66                IpAddress
 .text.SocketClose
                0x000000000001c195      0x140 /home/student/nseiger/CS385/EFI/Sonoma_edk2/Build/AppPkg/DEBUG_GCC49/X64/AppPkg/Applications/Sockets/DataSource/DataSource/OUTPUT/DataSource.lib(DataSource.obj)
                0x000000000001c195                SocketClose
 .text.SocketConnect
                0x000000000001c2d5      0x4a1 /home/student/nseiger/CS385/EFI/Sonoma_edk2/Build/AppPkg/DEBUG_GCC49/X64/AppPkg/Applications/Sockets/DataSource/DataSource/OUTPUT/DataSource.lib(DataSource.obj)
                0x000000000001c2d5                SocketConnect
 .text.SocketNew
                0x000000000001c776      0x14c /home/student/nseiger/CS385/EFI/Sonoma_edk2/Build/AppPkg/DEBUG_GCC49/X64/AppPkg/Applications/Sockets/DataSource/DataSource/OUTPUT/DataSource.lib(DataSource.obj)
                0x000000000001c776                SocketNew
 .text.SocketSend
                0x000000000001c8c2      0x19b /home/student/nseiger/CS385/EFI/Sonoma_edk2/Build/AppPkg/DEBUG_GCC49/X64/AppPkg/Applications/Sockets/DataSource/DataSource/OUTPUT/DataSource.lib(DataSource.obj)
                0x000000000001c8c2                SocketSend
 .text.SocketOpen
                0x000000000001ca5d       0xed /home/student/nseiger/CS385/EFI/Sonoma_edk2/Build/AppPkg/DEBUG_GCC49/X64/AppPkg/Applications/Sockets/DataSource/DataSource/OUTPUT/DataSource.lib(DataSource.obj)
                0x000000000001ca5d                SocketOpen
 .text.Tcp4Close
                0x000000000001cb4a      0xba6 /home/student/nseiger/CS385/EFI/Sonoma_edk2/Build/AppPkg/DEBUG_GCC49/X64/AppPkg/Applications/Sockets/DataSource/DataSource/OUTPUT/DataSource.lib(DataSource.obj)
                0x000000000001cb4a                Tcp4Close
 .text.Tcp4Locate
                0x000000000001d6f0      0x5b6 /home/student/nseiger/CS385/EFI/Sonoma_edk2/Build/AppPkg/DEBUG_GCC49/X64/AppPkg/Applications/Sockets/DataSource/DataSource/OUTPUT/DataSource.lib(DataSource.obj)
                0x000000000001d6f0                Tcp4Locate
 .text.Tcp4Send
                0x000000000001dca6      0x2dd /home/student/nseiger/CS385/EFI/Sonoma_edk2/Build/AppPkg/DEBUG_GCC49/X64/AppPkg/Applications/Sockets/DataSource/DataSource/OUTPUT/DataSource.lib(DataSource.obj)
                0x000000000001dca6                Tcp4Send
 .text.Tcp4Open
                0x000000000001df83      0xa70 /home/student/nseiger/CS385/EFI/Sonoma_edk2/Build/AppPkg/DEBUG_GCC49/X64/AppPkg/Applications/Sockets/DataSource/DataSource/OUTPUT/DataSource.lib(DataSource.obj)
                0x000000000001df83                Tcp4Open
 .text.TimerCallback
                0x000000000001e9f3      0x381 /home/student/nseiger/CS385/EFI/Sonoma_edk2/Build/AppPkg/DEBUG_GCC49/X64/AppPkg/Applications/Sockets/DataSource/DataSource/OUTPUT/DataSource.lib(DataSource.obj)
                0x000000000001e9f3                TimerCallback
 .text.TimerCreate
                0x000000000001ed74      0x130 /home/student/nseiger/CS385/EFI/Sonoma_edk2/Build/AppPkg/DEBUG_GCC49/X64/AppPkg/Applications/Sockets/DataSource/DataSource/OUTPUT/DataSource.lib(DataSource.obj)
                0x000000000001ed74                TimerCreate
 .text.TimerStop
                0x000000000001eea4      0x149 /home/student/nseiger/CS385/EFI/Sonoma_edk2/Build/AppPkg/DEBUG_GCC49/X64/AppPkg/Applications/Sockets/DataSource/DataSource/OUTPUT/DataSource.lib(DataSource.obj)
                0x000000000001eea4                TimerStop
 .text.TimerStart
                0x000000000001efed      0x183 /home/student/nseiger/CS385/EFI/Sonoma_edk2/Build/AppPkg/DEBUG_GCC49/X64/AppPkg/Applications/Sockets/DataSource/DataSource/OUTPUT/DataSource.lib(DataSource.obj)
                0x000000000001efed                TimerStart
 .text.TimerDestroy
                0x000000000001f170      0x179 /home/student/nseiger/CS385/EFI/Sonoma_edk2/Build/AppPkg/DEBUG_GCC49/X64/AppPkg/Applications/Sockets/DataSource/DataSource/OUTPUT/DataSource.lib(DataSource.obj)
                0x000000000001f170                TimerDestroy
 .text.main     0x000000000001f2e9      0x29b /home/student/nseiger/CS385/EFI/Sonoma_edk2/Build/AppPkg/DEBUG_GCC49/X64/AppPkg/Applications/Sockets/DataSource/DataSource/OUTPUT/DataSource.lib(DataSource.obj)
                0x000000000001f2e9                main
 .text.timesub  0x000000000001f584      0x51c /home/student/nseiger/CS385/EFI/Sonoma_edk2/Build/AppPkg/DEBUG_GCC49/X64/StdLib/LibC/Time/Time/OUTPUT/LibTime.lib(Time.obj)
 .text.increment_overflow
                0x000000000001faa0       0x42 /home/student/nseiger/CS385/EFI/Sonoma_edk2/Build/AppPkg/DEBUG_GCC49/X64/StdLib/LibC/Time/Time/OUTPUT/LibTime.lib(Time.obj)
 .text.normalize_overflow
                0x000000000001fae2       0x6a /home/student/nseiger/CS385/EFI/Sonoma_edk2/Build/AppPkg/DEBUG_GCC49/X64/StdLib/LibC/Time/Time/OUTPUT/LibTime.lib(Time.obj)
 .text.tmcomp   0x000000000001fb4c       0x98 /home/student/nseiger/CS385/EFI/Sonoma_edk2/Build/AppPkg/DEBUG_GCC49/X64/StdLib/LibC/Time/Time/OUTPUT/LibTime.lib(Time.obj)
 .text.time2sub
                0x000000000001fbe4      0x6e6 /home/student/nseiger/CS385/EFI/Sonoma_edk2/Build/AppPkg/DEBUG_GCC49/X64/StdLib/LibC/Time/Time/OUTPUT/LibTime.lib(Time.obj)
 .text.time2    0x00000000000202ca       0x76 /home/student/nseiger/CS385/EFI/Sonoma_edk2/Build/AppPkg/DEBUG_GCC49/X64/StdLib/LibC/Time/Time/OUTPUT/LibTime.lib(Time.obj)
                0x00000000000202ca                time2
 .text.time1    0x0000000000020340      0x34a /home/student/nseiger/CS385/EFI/Sonoma_edk2/Build/AppPkg/DEBUG_GCC49/X64/StdLib/LibC/Time/Time/OUTPUT/LibTime.lib(Time.obj)
 .text.mktime   0x000000000002068a       0x42 /home/student/nseiger/CS385/EFI/Sonoma_edk2/Build/AppPkg/DEBUG_GCC49/X64/StdLib/LibC/Time/Time/OUTPUT/LibTime.lib(Time.obj)
                0x000000000002068a                mktime
 .text.time     0x00000000000206cc       0xd5 /home/student/nseiger/CS385/EFI/Sonoma_edk2/Build/AppPkg/DEBUG_GCC49/X64/StdLib/LibC/Time/Time/OUTPUT/LibTime.lib(Time.obj)
                0x00000000000206cc                time
 .text.gmtsub   0x00000000000207a1       0xae /home/student/nseiger/CS385/EFI/Sonoma_edk2/Build/AppPkg/DEBUG_GCC49/X64/StdLib/LibC/Time/Time/OUTPUT/LibTime.lib(Time.obj)
                0x00000000000207a1                gmtsub
 .text.localsub
                0x000000000002084f      0x163 /home/student/nseiger/CS385/EFI/Sonoma_edk2/Build/AppPkg/DEBUG_GCC49/X64/StdLib/LibC/Time/Time/OUTPUT/LibTime.lib(Time.obj)
 .text.settzname
                0x00000000000209b2      0x1ae /home/student/nseiger/CS385/EFI/Sonoma_edk2/Build/AppPkg/DEBUG_GCC49/X64/StdLib/LibC/Time/Time/OUTPUT/LibTime.lib(ZoneProc.obj)
 .text.getzname
                0x0000000000020b60       0x32 /home/student/nseiger/CS385/EFI/Sonoma_edk2/Build/AppPkg/DEBUG_GCC49/X64/StdLib/LibC/Time/Time/OUTPUT/LibTime.lib(ZoneProc.obj)
 .text.getnum   0x0000000000020b92       0x89 /home/student/nseiger/CS385/EFI/Sonoma_edk2/Build/AppPkg/DEBUG_GCC49/X64/StdLib/LibC/Time/Time/OUTPUT/LibTime.lib(ZoneProc.obj)
 .text.getsecs  0x0000000000020c1b       0xe8 /home/student/nseiger/CS385/EFI/Sonoma_edk2/Build/AppPkg/DEBUG_GCC49/X64/StdLib/LibC/Time/Time/OUTPUT/LibTime.lib(ZoneProc.obj)
 .text.getoffset
                0x0000000000020d03       0x71 /home/student/nseiger/CS385/EFI/Sonoma_edk2/Build/AppPkg/DEBUG_GCC49/X64/StdLib/LibC/Time/Time/OUTPUT/LibTime.lib(ZoneProc.obj)
 .text.getrule  0x0000000000020d74      0x1cd /home/student/nseiger/CS385/EFI/Sonoma_edk2/Build/AppPkg/DEBUG_GCC49/X64/StdLib/LibC/Time/Time/OUTPUT/LibTime.lib(ZoneProc.obj)
 .text.tzload   0x0000000000020f41        0xb /home/student/nseiger/CS385/EFI/Sonoma_edk2/Build/AppPkg/DEBUG_GCC49/X64/StdLib/LibC/Time/Time/OUTPUT/LibTime.lib(ZoneProc.obj)
 .text.transtime
                0x0000000000020f4c      0x2d8 /home/student/nseiger/CS385/EFI/Sonoma_edk2/Build/AppPkg/DEBUG_GCC49/X64/StdLib/LibC/Time/Time/OUTPUT/LibTime.lib(ZoneProc.obj)
 .text.tzparse  0x0000000000021224      0x8ab /home/student/nseiger/CS385/EFI/Sonoma_edk2/Build/AppPkg/DEBUG_GCC49/X64/StdLib/LibC/Time/Time/OUTPUT/LibTime.lib(ZoneProc.obj)
 .text.gmtload  0x0000000000021acf       0x52 /home/student/nseiger/CS385/EFI/Sonoma_edk2/Build/AppPkg/DEBUG_GCC49/X64/StdLib/LibC/Time/Time/OUTPUT/LibTime.lib(ZoneProc.obj)
                0x0000000000021acf                gmtload
 .text.tzsetwall
                0x0000000000021b21       0xcd /home/student/nseiger/CS385/EFI/Sonoma_edk2/Build/AppPkg/DEBUG_GCC49/X64/StdLib/LibC/Time/Time/OUTPUT/LibTime.lib(ZoneProc.obj)
 .text.tzset    0x0000000000021bee      0x256 /home/student/nseiger/CS385/EFI/Sonoma_edk2/Build/AppPkg/DEBUG_GCC49/X64/StdLib/LibC/Time/Time/OUTPUT/LibTime.lib(ZoneProc.obj)
                0x0000000000021bee                tzset
 .text.Efi2Tm   0x0000000000021e44       0xc3 /home/student/nseiger/CS385/EFI/Sonoma_edk2/Build/AppPkg/DEBUG_GCC49/X64/StdLib/LibC/Time/Time/OUTPUT/LibTime.lib(TimeEfi.obj)
                0x0000000000021e44                Efi2Tm
 .text.ProcessOneByte
                0x0000000000021f07      0x403 /home/student/nseiger/CS385/EFI/Sonoma_edk2/Build/AppPkg/DEBUG_GCC49/X64/StdLib/LibC/Locale/Locale/OUTPUT/LibLocale.lib(multibyte_Utf8.obj)
 .text.DecodeOneStateful
                0x000000000002230a       0xe4 /home/student/nseiger/CS385/EFI/Sonoma_edk2/Build/AppPkg/DEBUG_GCC49/X64/StdLib/LibC/Locale/Locale/OUTPUT/LibLocale.lib(multibyte_Utf8.obj)
                0x000000000002230a                DecodeOneStateful
 .text.OneWcToMcLen
                0x00000000000223ee       0x6a /home/student/nseiger/CS385/EFI/Sonoma_edk2/Build/AppPkg/DEBUG_GCC49/X64/StdLib/LibC/Locale/Locale/OUTPUT/LibLocale.lib(multibyte_Utf8.obj)
                0x00000000000223ee                OneWcToMcLen
 .text.EstimateWtoM
                0x0000000000022458       0xa1 /home/student/nseiger/CS385/EFI/Sonoma_edk2/Build/AppPkg/DEBUG_GCC49/X64/StdLib/LibC/Locale/Locale/OUTPUT/LibLocale.lib(multibyte_Utf8.obj)
                0x0000000000022458                EstimateWtoM
 .text.CountMbcsChars
                0x00000000000224f9       0x39 /home/student/nseiger/CS385/EFI/Sonoma_edk2/Build/AppPkg/DEBUG_GCC49/X64/StdLib/LibC/Locale/Locale/OUTPUT/LibLocale.lib(multibyte_Utf8.obj)
                0x00000000000224f9                CountMbcsChars
 .text.EncodeUtf8
                0x0000000000022532      0x139 /home/student/nseiger/CS385/EFI/Sonoma_edk2/Build/AppPkg/DEBUG_GCC49/X64/StdLib/LibC/Locale/Locale/OUTPUT/LibLocale.lib(multibyte_Utf8.obj)
                0x0000000000022532                EncodeUtf8
 .text.mbrtowc  0x000000000002266b       0x41 /home/student/nseiger/CS385/EFI/Sonoma_edk2/Build/AppPkg/DEBUG_GCC49/X64/StdLib/LibC/Locale/Locale/OUTPUT/LibLocale.lib(multibyte_Utf8.obj)
                0x000000000002266b                mbrtowc
 .text.wcrtomb  0x00000000000226ac       0x81 /home/student/nseiger/CS385/EFI/Sonoma_edk2/Build/AppPkg/DEBUG_GCC49/X64/StdLib/LibC/Locale/Locale/OUTPUT/LibLocale.lib(multibyte_Utf8.obj)
                0x00000000000226ac                wcrtomb
 .text.wcsrtombs
                0x000000000002272d      0x14f /home/student/nseiger/CS385/EFI/Sonoma_edk2/Build/AppPkg/DEBUG_GCC49/X64/StdLib/LibC/Locale/Locale/OUTPUT/LibLocale.lib(multibyte_Utf8.obj)
                0x000000000002272d                wcsrtombs
 .text.wcstombs
                0x000000000002287c       0x36 /home/student/nseiger/CS385/EFI/Sonoma_edk2/Build/AppPkg/DEBUG_GCC49/X64/StdLib/LibC/Locale/Locale/OUTPUT/LibLocale.lib(multibyte_Utf8.obj)
                0x000000000002287c                wcstombs
 .text.wctob    0x00000000000228b2       0x52 /home/student/nseiger/CS385/EFI/Sonoma_edk2/Build/AppPkg/DEBUG_GCC49/X64/StdLib/LibC/Locale/Locale/OUTPUT/LibLocale.lib(multibyte_Utf8.obj)
                0x00000000000228b2                wctob
 .text.fnullop_fcntl
                0x0000000000022904       0x1a /home/student/nseiger/CS385/EFI/Sonoma_edk2/Build/AppPkg/DEBUG_GCC49/X64/StdLib/LibC/Uefi/Devices/daUtility/OUTPUT/DevUtility.lib(DevGenisis.obj)
                0x0000000000022904                fnullop_fcntl
 .text.fnullop_flush
                0x000000000002291e        0xf /home/student/nseiger/CS385/EFI/Sonoma_edk2/Build/AppPkg/DEBUG_GCC49/X64/StdLib/LibC/Uefi/Devices/daUtility/OUTPUT/DevUtility.lib(DevGenisis.obj)
                0x000000000002291e                fnullop_flush
 .text.fbadop_stat
                0x000000000002292d       0x27 /home/student/nseiger/CS385/EFI/Sonoma_edk2/Build/AppPkg/DEBUG_GCC49/X64/StdLib/LibC/Uefi/Devices/daUtility/OUTPUT/DevUtility.lib(DevGenisis.obj)
                0x000000000002292d                fbadop_stat
 .text.fbadop_ioctl
                0x0000000000022954       0x27 /home/student/nseiger/CS385/EFI/Sonoma_edk2/Build/AppPkg/DEBUG_GCC49/X64/StdLib/LibC/Uefi/Devices/daUtility/OUTPUT/DevUtility.lib(DevGenisis.obj)
                0x0000000000022954                fbadop_ioctl
 .text.fbadop_delete
                0x000000000002297b       0x1f /home/student/nseiger/CS385/EFI/Sonoma_edk2/Build/AppPkg/DEBUG_GCC49/X64/StdLib/LibC/Uefi/Devices/daUtility/OUTPUT/DevUtility.lib(DevGenisis.obj)
                0x000000000002297b                fbadop_delete
 .text.fbadop_mkdir
                0x000000000002299a       0x22 /home/student/nseiger/CS385/EFI/Sonoma_edk2/Build/AppPkg/DEBUG_GCC49/X64/StdLib/LibC/Uefi/Devices/daUtility/OUTPUT/DevUtility.lib(DevGenisis.obj)
                0x000000000002299a                fbadop_mkdir
 .text.fbadop_rename
                0x00000000000229bc       0x23 /home/student/nseiger/CS385/EFI/Sonoma_edk2/Build/AppPkg/DEBUG_GCC49/X64/StdLib/LibC/Uefi/Devices/daUtility/OUTPUT/DevUtility.lib(DevGenisis.obj)
                0x00000000000229bc                fbadop_rename
 .text.fbadop_rmdir
                0x00000000000229df       0x1f /home/student/nseiger/CS385/EFI/Sonoma_edk2/Build/AppPkg/DEBUG_GCC49/X64/StdLib/LibC/Uefi/Devices/daUtility/OUTPUT/DevUtility.lib(DevGenisis.obj)
                0x00000000000229df                fbadop_rmdir
 .text.__DevRegister
                0x00000000000229fe      0x196 /home/student/nseiger/CS385/EFI/Sonoma_edk2/Build/AppPkg/DEBUG_GCC49/X64/StdLib/LibC/Uefi/Devices/daUtility/OUTPUT/DevUtility.lib(DevGenisis.obj)
                0x00000000000229fe                __DevRegister
 .text.ValidateFD
                0x0000000000022b94       0x8f /home/student/nseiger/CS385/EFI/Sonoma_edk2/Build/AppPkg/DEBUG_GCC49/X64/StdLib/LibC/Uefi/Uefi/OUTPUT/LibUefi.lib(SysCalls.obj)
                0x0000000000022b94                ValidateFD
 .text.FindFreeFD
                0x0000000000022c23       0x8a /home/student/nseiger/CS385/EFI/Sonoma_edk2/Build/AppPkg/DEBUG_GCC49/X64/StdLib/LibC/Uefi/Uefi/OUTPUT/LibUefi.lib(SysCalls.obj)
                0x0000000000022c23                FindFreeFD
 .text.isatty   0x0000000000022cad       0x81 /home/student/nseiger/CS385/EFI/Sonoma_edk2/Build/AppPkg/DEBUG_GCC49/X64/StdLib/LibC/Uefi/Uefi/OUTPUT/LibUefi.lib(SysCalls.obj)
                0x0000000000022cad                isatty
 .text.IsDupFd  0x0000000000022d2e      0x136 /home/student/nseiger/CS385/EFI/Sonoma_edk2/Build/AppPkg/DEBUG_GCC49/X64/StdLib/LibC/Uefi/Uefi/OUTPUT/LibUefi.lib(SysCalls.obj)
 .text._closeX  0x0000000000022e64      0x127 /home/student/nseiger/CS385/EFI/Sonoma_edk2/Build/AppPkg/DEBUG_GCC49/X64/StdLib/LibC/Uefi/Uefi/OUTPUT/LibUefi.lib(SysCalls.obj)
 .text.close    0x0000000000022f8b       0x23 /home/student/nseiger/CS385/EFI/Sonoma_edk2/Build/AppPkg/DEBUG_GCC49/X64/StdLib/LibC/Uefi/Uefi/OUTPUT/LibUefi.lib(SysCalls.obj)
                0x0000000000022f8b                close
 .text.lseek    0x0000000000022fae       0xe9 /home/student/nseiger/CS385/EFI/Sonoma_edk2/Build/AppPkg/DEBUG_GCC49/X64/StdLib/LibC/Uefi/Uefi/OUTPUT/LibUefi.lib(SysCalls.obj)
                0x0000000000022fae                lseek
 .text.open     0x0000000000023097      0x255 /home/student/nseiger/CS385/EFI/Sonoma_edk2/Build/AppPkg/DEBUG_GCC49/X64/StdLib/LibC/Uefi/Uefi/OUTPUT/LibUefi.lib(SysCalls.obj)
                0x0000000000023097                open
 .text.fstat    0x00000000000232ec       0x95 /home/student/nseiger/CS385/EFI/Sonoma_edk2/Build/AppPkg/DEBUG_GCC49/X64/StdLib/LibC/Uefi/Uefi/OUTPUT/LibUefi.lib(SysCalls.obj)
                0x00000000000232ec                fstat
 .text.read     0x0000000000023381      0x10a /home/student/nseiger/CS385/EFI/Sonoma_edk2/Build/AppPkg/DEBUG_GCC49/X64/StdLib/LibC/Uefi/Uefi/OUTPUT/LibUefi.lib(SysCalls.obj)
                0x0000000000023381                read
 .text.write    0x000000000002348b      0x12b /home/student/nseiger/CS385/EFI/Sonoma_edk2/Build/AppPkg/DEBUG_GCC49/X64/StdLib/LibC/Uefi/Uefi/OUTPUT/LibUefi.lib(SysCalls.obj)
                0x000000000002348b                write
 .text.memset   0x00000000000235b6       0x3d /home/student/nseiger/CS385/EFI/Sonoma_edk2/Build/AppPkg/DEBUG_GCC49/X64/StdLib/LibC/String/String/OUTPUT/LibString.lib(Misc.obj)
                0x00000000000235b6                memset
 .text.strerror_r
                0x00000000000235f3       0xc7 /home/student/nseiger/CS385/EFI/Sonoma_edk2/Build/AppPkg/DEBUG_GCC49/X64/StdLib/LibC/String/String/OUTPUT/LibString.lib(Misc.obj)
                0x00000000000235f3                strerror_r
 .text.strerror
                0x00000000000236ba       0x4f /home/student/nseiger/CS385/EFI/Sonoma_edk2/Build/AppPkg/DEBUG_GCC49/X64/StdLib/LibC/String/String/OUTPUT/LibString.lib(Misc.obj)
                0x00000000000236ba                strerror
 .text.strlen   0x0000000000023709       0x29 /home/student/nseiger/CS385/EFI/Sonoma_edk2/Build/AppPkg/DEBUG_GCC49/X64/StdLib/LibC/String/String/OUTPUT/LibString.lib(Misc.obj)
                0x0000000000023709                strlen
 .text.memcpy   0x0000000000023732       0x3c /home/student/nseiger/CS385/EFI/Sonoma_edk2/Build/AppPkg/DEBUG_GCC49/X64/StdLib/LibC/String/String/OUTPUT/LibString.lib(Copying.obj)
                0x0000000000023732                memcpy
 .text.strncpy  0x000000000002376e       0x3c /home/student/nseiger/CS385/EFI/Sonoma_edk2/Build/AppPkg/DEBUG_GCC49/X64/StdLib/LibC/String/String/OUTPUT/LibString.lib(Copying.obj)
                0x000000000002376e                strncpy
 .text.strncpyX
                0x00000000000237aa       0x77 /home/student/nseiger/CS385/EFI/Sonoma_edk2/Build/AppPkg/DEBUG_GCC49/X64/StdLib/LibC/String/String/OUTPUT/LibString.lib(Copying.obj)
                0x00000000000237aa                strncpyX
 .text.strdup   0x0000000000023821       0x70 /home/student/nseiger/CS385/EFI/Sonoma_edk2/Build/AppPkg/DEBUG_GCC49/X64/StdLib/LibC/String/String/OUTPUT/LibString.lib(Copying.obj)
                0x0000000000023821                strdup
 .text.strcmp   0x0000000000023891       0x31 /home/student/nseiger/CS385/EFI/Sonoma_edk2/Build/AppPkg/DEBUG_GCC49/X64/StdLib/LibC/String/String/OUTPUT/LibString.lib(Comparison.obj)
                0x0000000000023891                strcmp
 .text.strcoll  0x00000000000238c2       0x2c /home/student/nseiger/CS385/EFI/Sonoma_edk2/Build/AppPkg/DEBUG_GCC49/X64/StdLib/LibC/String/String/OUTPUT/LibString.lib(Comparison.obj)
                0x00000000000238c2                strcoll
 .text.eofread  0x00000000000238ee       0x1a /home/student/nseiger/CS385/EFI/Sonoma_edk2/Build/AppPkg/DEBUG_GCC49/X64/StdLib/LibC/Stdio/Stdio/OUTPUT/LibStdio.lib(sscanf.obj)
 .text.sscanf   0x0000000000023908      0x140 /home/student/nseiger/CS385/EFI/Sonoma_edk2/Build/AppPkg/DEBUG_GCC49/X64/StdLib/LibC/Stdio/Stdio/OUTPUT/LibStdio.lib(sscanf.obj)
                0x0000000000023908                sscanf
 .text.__collate_range_cmp
                0x0000000000023a48       0x52 /home/student/nseiger/CS385/EFI/Sonoma_edk2/Build/AppPkg/DEBUG_GCC49/X64/StdLib/LibC/Stdio/Stdio/OUTPUT/LibStdio.lib(vfscanf.obj)
 .text.__svfscanf_unlocked
                0x0000000000023a9a     0x20f2 /home/student/nseiger/CS385/EFI/Sonoma_edk2/Build/AppPkg/DEBUG_GCC49/X64/StdLib/LibC/Stdio/Stdio/OUTPUT/LibStdio.lib(vfscanf.obj)
                0x0000000000023a9a                __svfscanf_unlocked
 .text.__sccl   0x0000000000025b8c      0x18e /home/student/nseiger/CS385/EFI/Sonoma_edk2/Build/AppPkg/DEBUG_GCC49/X64/StdLib/LibC/Stdio/Stdio/OUTPUT/LibStdio.lib(vfscanf.obj)
 .text.parsefloat
                0x0000000000025d1a      0x4d1 /home/student/nseiger/CS385/EFI/Sonoma_edk2/Build/AppPkg/DEBUG_GCC49/X64/StdLib/LibC/Stdio/Stdio/OUTPUT/LibStdio.lib(vfscanf.obj)
 .text.fread    0x00000000000261eb      0x15f /home/student/nseiger/CS385/EFI/Sonoma_edk2/Build/AppPkg/DEBUG_GCC49/X64/StdLib/LibC/Stdio/Stdio/OUTPUT/LibStdio.lib(fread.obj)
                0x00000000000261eb                fread
 .text.__submore
                0x000000000002634a      0x183 /home/student/nseiger/CS385/EFI/Sonoma_edk2/Build/AppPkg/DEBUG_GCC49/X64/StdLib/LibC/Stdio/Stdio/OUTPUT/LibStdio.lib(ungetc.obj)
 .text.ungetc   0x00000000000264cd      0x291 /home/student/nseiger/CS385/EFI/Sonoma_edk2/Build/AppPkg/DEBUG_GCC49/X64/StdLib/LibC/Stdio/Stdio/OUTPUT/LibStdio.lib(ungetc.obj)
                0x00000000000264cd                ungetc
 .text.__sbprintf
                0x000000000002675e      0x152 /home/student/nseiger/CS385/EFI/Sonoma_edk2/Build/AppPkg/DEBUG_GCC49/X64/StdLib/LibC/Stdio/Stdio/OUTPUT/LibStdio.lib(vfprintf.obj)
 .text.__sprint
                0x00000000000268b0       0x83 /home/student/nseiger/CS385/EFI/Sonoma_edk2/Build/AppPkg/DEBUG_GCC49/X64/StdLib/LibC/Stdio/Stdio/OUTPUT/LibStdio.lib(vfprintf.obj)
 .text.__ultoa  0x0000000000026933      0x23a /home/student/nseiger/CS385/EFI/Sonoma_edk2/Build/AppPkg/DEBUG_GCC49/X64/StdLib/LibC/Stdio/Stdio/OUTPUT/LibStdio.lib(vfprintf.obj)
 .text.__ujtoa  0x0000000000026b6d       0x5f /home/student/nseiger/CS385/EFI/Sonoma_edk2/Build/AppPkg/DEBUG_GCC49/X64/StdLib/LibC/Stdio/Stdio/OUTPUT/LibStdio.lib(vfprintf.obj)
 .text.__wcsconv
                0x0000000000026bcc      0x1a8 /home/student/nseiger/CS385/EFI/Sonoma_edk2/Build/AppPkg/DEBUG_GCC49/X64/StdLib/LibC/Stdio/Stdio/OUTPUT/LibStdio.lib(vfprintf.obj)
 .text.vfprintf
                0x0000000000026d74       0x58 /home/student/nseiger/CS385/EFI/Sonoma_edk2/Build/AppPkg/DEBUG_GCC49/X64/StdLib/LibC/Stdio/Stdio/OUTPUT/LibStdio.lib(vfprintf.obj)
                0x0000000000026d74                vfprintf
 .text.__vfprintf_unlocked
                0x0000000000026dcc     0x479f /home/student/nseiger/CS385/EFI/Sonoma_edk2/Build/AppPkg/DEBUG_GCC49/X64/StdLib/LibC/Stdio/Stdio/OUTPUT/LibStdio.lib(vfprintf.obj)
                0x0000000000026dcc                __vfprintf_unlocked
 .text.__find_arguments
                0x000000000002b56b     0x1ce5 /home/student/nseiger/CS385/EFI/Sonoma_edk2/Build/AppPkg/DEBUG_GCC49/X64/StdLib/LibC/Stdio/Stdio/OUTPUT/LibStdio.lib(vfprintf.obj)
 .text.__grow_type_table
                0x000000000002d250      0x130 /home/student/nseiger/CS385/EFI/Sonoma_edk2/Build/AppPkg/DEBUG_GCC49/X64/StdLib/LibC/Stdio/Stdio/OUTPUT/LibStdio.lib(vfprintf.obj)
 .text.cvt      0x000000000002d380      0x178 /home/student/nseiger/CS385/EFI/Sonoma_edk2/Build/AppPkg/DEBUG_GCC49/X64/StdLib/LibC/Stdio/Stdio/OUTPUT/LibStdio.lib(vfprintf.obj)
 .text.exponent
                0x000000000002d4f8      0x141 /home/student/nseiger/CS385/EFI/Sonoma_edk2/Build/AppPkg/DEBUG_GCC49/X64/StdLib/LibC/Stdio/Stdio/OUTPUT/LibStdio.lib(vfprintf.obj)
 .text._cleanup
                0x000000000002d639       0x18 /home/student/nseiger/CS385/EFI/Sonoma_edk2/Build/AppPkg/DEBUG_GCC49/X64/StdLib/LibC/Stdio/Stdio/OUTPUT/LibStdio.lib(findfp.obj)
                0x000000000002d639                _cleanup
 .text.__sinit  0x000000000002d651       0x9d /home/student/nseiger/CS385/EFI/Sonoma_edk2/Build/AppPkg/DEBUG_GCC49/X64/StdLib/LibC/Stdio/Stdio/OUTPUT/LibStdio.lib(findfp.obj)
                0x000000000002d651                __sinit
 .text.__sfvwrite
                0x000000000002d6ee      0x6ad /home/student/nseiger/CS385/EFI/Sonoma_edk2/Build/AppPkg/DEBUG_GCC49/X64/StdLib/LibC/Stdio/Stdio/OUTPUT/LibStdio.lib(fvwrite.obj)
                0x000000000002d6ee                __sfvwrite
 .text.lflush   0x000000000002dd9b       0x59 /home/student/nseiger/CS385/EFI/Sonoma_edk2/Build/AppPkg/DEBUG_GCC49/X64/StdLib/LibC/Stdio/Stdio/OUTPUT/LibStdio.lib(refill.obj)
 .text.__srefill
                0x000000000002ddf4      0x2b5 /home/student/nseiger/CS385/EFI/Sonoma_edk2/Build/AppPkg/DEBUG_GCC49/X64/StdLib/LibC/Stdio/Stdio/OUTPUT/LibStdio.lib(refill.obj)
                0x000000000002ddf4                __srefill
 .text.__sread  0x000000000002e0a9       0xa0 /home/student/nseiger/CS385/EFI/Sonoma_edk2/Build/AppPkg/DEBUG_GCC49/X64/StdLib/LibC/Stdio/Stdio/OUTPUT/LibStdio.lib(stdio.obj)
                0x000000000002e0a9                __sread
 .text.__swrite
                0x000000000002e149       0xa9 /home/student/nseiger/CS385/EFI/Sonoma_edk2/Build/AppPkg/DEBUG_GCC49/X64/StdLib/LibC/Stdio/Stdio/OUTPUT/LibStdio.lib(stdio.obj)
                0x000000000002e149                __swrite
 .text.__sseek  0x000000000002e1f2       0xa8 /home/student/nseiger/CS385/EFI/Sonoma_edk2/Build/AppPkg/DEBUG_GCC49/X64/StdLib/LibC/Stdio/Stdio/OUTPUT/LibStdio.lib(stdio.obj)
                0x000000000002e1f2                __sseek
 .text.__sclose
                0x000000000002e29a       0x43 /home/student/nseiger/CS385/EFI/Sonoma_edk2/Build/AppPkg/DEBUG_GCC49/X64/StdLib/LibC/Stdio/Stdio/OUTPUT/LibStdio.lib(stdio.obj)
                0x000000000002e29a                __sclose
 .text.__swsetup
                0x000000000002e2dd      0x1a5 /home/student/nseiger/CS385/EFI/Sonoma_edk2/Build/AppPkg/DEBUG_GCC49/X64/StdLib/LibC/Stdio/Stdio/OUTPUT/LibStdio.lib(wsetup.obj)
                0x000000000002e2dd                __swsetup
 .text.fflush   0x000000000002e482       0x77 /home/student/nseiger/CS385/EFI/Sonoma_edk2/Build/AppPkg/DEBUG_GCC49/X64/StdLib/LibC/Stdio/Stdio/OUTPUT/LibStdio.lib(fflush.obj)
                0x000000000002e482                fflush
 .text.__sflush
                0x000000000002e4f9      0x116 /home/student/nseiger/CS385/EFI/Sonoma_edk2/Build/AppPkg/DEBUG_GCC49/X64/StdLib/LibC/Stdio/Stdio/OUTPUT/LibStdio.lib(fflush.obj)
                0x000000000002e4f9                __sflush
 .text._fwalk   0x000000000002e60f       0x81 /home/student/nseiger/CS385/EFI/Sonoma_edk2/Build/AppPkg/DEBUG_GCC49/X64/StdLib/LibC/Stdio/Stdio/OUTPUT/LibStdio.lib(fwalk.obj)
                0x000000000002e60f                _fwalk
 .text.__smakebuf
                0x000000000002e690      0x16c /home/student/nseiger/CS385/EFI/Sonoma_edk2/Build/AppPkg/DEBUG_GCC49/X64/StdLib/LibC/Stdio/Stdio/OUTPUT/LibStdio.lib(makebuf.obj)
                0x000000000002e690                __smakebuf
 .text.__swhatbuf
                0x000000000002e7fc       0xf5 /home/student/nseiger/CS385/EFI/Sonoma_edk2/Build/AppPkg/DEBUG_GCC49/X64/StdLib/LibC/Stdio/Stdio/OUTPUT/LibStdio.lib(makebuf.obj)
                0x000000000002e7fc                __swhatbuf
 .text.abort    0x000000000002e8f1       0x81 /home/student/nseiger/CS385/EFI/Sonoma_edk2/Build/AppPkg/DEBUG_GCC49/X64/StdLib/LibC/StdLib/StdLib/OUTPUT/LibStdLib.lib(Environs.obj)
                0x000000000002e8f1                abort
 .text.exit     0x000000000002e972       0x30 /home/student/nseiger/CS385/EFI/Sonoma_edk2/Build/AppPkg/DEBUG_GCC49/X64/StdLib/LibC/StdLib/StdLib/OUTPUT/LibStdLib.lib(Environs.obj)
                0x000000000002e972                exit
 .text._Exit    0x000000000002e9a2       0x48 /home/student/nseiger/CS385/EFI/Sonoma_edk2/Build/AppPkg/DEBUG_GCC49/X64/StdLib/LibC/StdLib/StdLib/OUTPUT/LibStdLib.lib(Environs.obj)
                0x000000000002e9a2                _Exit
 .text.getenv   0x000000000002e9ea       0xb1 /home/student/nseiger/CS385/EFI/Sonoma_edk2/Build/AppPkg/DEBUG_GCC49/X64/StdLib/LibC/StdLib/StdLib/OUTPUT/LibStdLib.lib(Environs.obj)
                0x000000000002e9ea                getenv
 .text.malloc   0x000000000002ea9b      0x2a1 /home/student/nseiger/CS385/EFI/Sonoma_edk2/Build/AppPkg/DEBUG_GCC49/X64/StdLib/LibC/StdLib/StdLib/OUTPUT/LibStdLib.lib(Malloc.obj)
                0x000000000002ea9b                malloc
 .text.calloc   0x000000000002ed3c       0xdc /home/student/nseiger/CS385/EFI/Sonoma_edk2/Build/AppPkg/DEBUG_GCC49/X64/StdLib/LibC/StdLib/StdLib/OUTPUT/LibStdLib.lib(Malloc.obj)
                0x000000000002ed3c                calloc
 .text.free     0x000000000002ee18      0x1ec /home/student/nseiger/CS385/EFI/Sonoma_edk2/Build/AppPkg/DEBUG_GCC49/X64/StdLib/LibC/StdLib/StdLib/OUTPUT/LibStdLib.lib(Malloc.obj)
                0x000000000002ee18                free
 .text.realloc  0x000000000002f004      0x252 /home/student/nseiger/CS385/EFI/Sonoma_edk2/Build/AppPkg/DEBUG_GCC49/X64/StdLib/LibC/StdLib/StdLib/OUTPUT/LibStdLib.lib(Malloc.obj)
                0x000000000002f004                realloc
 .text._strtoimax
                0x000000000002f256      0x38b /home/student/nseiger/CS385/EFI/Sonoma_edk2/Build/AppPkg/DEBUG_GCC49/X64/StdLib/LibC/StdLib/StdLib/OUTPUT/LibStdLib.lib(strtoimax.obj)
                0x000000000002f256                _strtoimax
 .text._strtoumax
                0x000000000002f5e1      0x2e7 /home/student/nseiger/CS385/EFI/Sonoma_edk2/Build/AppPkg/DEBUG_GCC49/X64/StdLib/LibC/StdLib/StdLib/OUTPUT/LibStdLib.lib(strtoumax.obj)
                0x000000000002f5e1                _strtoumax
 .text.SwapBytes16
                0x000000000002f8c8       0x1f /home/student/nseiger/CS385/EFI/Sonoma_edk2/Build/AppPkg/DEBUG_GCC49/X64/MdePkg/Library/BaseLib/BaseLib/OUTPUT/BaseLib.lib(SwapBytes16.obj)
                0x000000000002f8c8                SwapBytes16
 .text.RShiftU64
                0x000000000002f8e7       0x65 /home/student/nseiger/CS385/EFI/Sonoma_edk2/Build/AppPkg/DEBUG_GCC49/X64/MdePkg/Library/BaseLib/BaseLib/OUTPUT/BaseLib.lib(RShiftU64.obj)
                0x000000000002f8e7                RShiftU64
 .text.ModU64x32
                0x000000000002f94c       0x61 /home/student/nseiger/CS385/EFI/Sonoma_edk2/Build/AppPkg/DEBUG_GCC49/X64/MdePkg/Library/BaseLib/BaseLib/OUTPUT/BaseLib.lib(ModU64x32.obj)
                0x000000000002f94c                ModU64x32
 .text.DivU64x32
                0x000000000002f9ad       0x61 /home/student/nseiger/CS385/EFI/Sonoma_edk2/Build/AppPkg/DEBUG_GCC49/X64/MdePkg/Library/BaseLib/BaseLib/OUTPUT/BaseLib.lib(DivU64x32.obj)
                0x000000000002f9ad                DivU64x32
 .text.InternalBaseLibIsNodeInList
                0x000000000002fa0e      0x287 /home/student/nseiger/CS385/EFI/Sonoma_edk2/Build/AppPkg/DEBUG_GCC49/X64/MdePkg/Library/BaseLib/BaseLib/OUTPUT/BaseLib.lib(LinkedList.obj)
                0x000000000002fa0e                InternalBaseLibIsNodeInList
 .text.InsertTailList
                0x000000000002fc95       0xa2 /home/student/nseiger/CS385/EFI/Sonoma_edk2/Build/AppPkg/DEBUG_GCC49/X64/MdePkg/Library/BaseLib/BaseLib/OUTPUT/BaseLib.lib(LinkedList.obj)
                0x000000000002fc95                InsertTailList
 .text.GetFirstNode
                0x000000000002fd37       0x68 /home/student/nseiger/CS385/EFI/Sonoma_edk2/Build/AppPkg/DEBUG_GCC49/X64/MdePkg/Library/BaseLib/BaseLib/OUTPUT/BaseLib.lib(LinkedList.obj)
                0x000000000002fd37                GetFirstNode
 .text.GetNextNode
                0x000000000002fd9f       0x6f /home/student/nseiger/CS385/EFI/Sonoma_edk2/Build/AppPkg/DEBUG_GCC49/X64/MdePkg/Library/BaseLib/BaseLib/OUTPUT/BaseLib.lib(LinkedList.obj)
                0x000000000002fd9f                GetNextNode
 .text.IsListEmpty
                0x000000000002fe0e       0x6f /home/student/nseiger/CS385/EFI/Sonoma_edk2/Build/AppPkg/DEBUG_GCC49/X64/MdePkg/Library/BaseLib/BaseLib/OUTPUT/BaseLib.lib(LinkedList.obj)
                0x000000000002fe0e                IsListEmpty
 .text.RemoveEntryList
                0x000000000002fe7d       0x83 /home/student/nseiger/CS385/EFI/Sonoma_edk2/Build/AppPkg/DEBUG_GCC49/X64/MdePkg/Library/BaseLib/BaseLib/OUTPUT/BaseLib.lib(LinkedList.obj)
                0x000000000002fe7d                RemoveEntryList
 .text.StrLen   0x000000000002ff00      0x108 /home/student/nseiger/CS385/EFI/Sonoma_edk2/Build/AppPkg/DEBUG_GCC49/X64/MdePkg/Library/BaseLib/BaseLib/OUTPUT/BaseLib.lib(String.obj)
                0x000000000002ff00                StrLen
 .text.StrSize  0x0000000000030008       0x25 /home/student/nseiger/CS385/EFI/Sonoma_edk2/Build/AppPkg/DEBUG_GCC49/X64/MdePkg/Library/BaseLib/BaseLib/OUTPUT/BaseLib.lib(String.obj)
                0x0000000000030008                StrSize
 .text.StrnCmp  0x000000000003002d      0x168 /home/student/nseiger/CS385/EFI/Sonoma_edk2/Build/AppPkg/DEBUG_GCC49/X64/MdePkg/Library/BaseLib/BaseLib/OUTPUT/BaseLib.lib(String.obj)
                0x000000000003002d                StrnCmp
 .text.UnicodeStrToAsciiStr
                0x0000000000030195      0x221 /home/student/nseiger/CS385/EFI/Sonoma_edk2/Build/AppPkg/DEBUG_GCC49/X64/MdePkg/Library/BaseLib/BaseLib/OUTPUT/BaseLib.lib(String.obj)
                0x0000000000030195                UnicodeStrToAsciiStr
 .text.AsciiStrnCpy
                0x00000000000303b6      0x1c1 /home/student/nseiger/CS385/EFI/Sonoma_edk2/Build/AppPkg/DEBUG_GCC49/X64/MdePkg/Library/BaseLib/BaseLib/OUTPUT/BaseLib.lib(String.obj)
                0x00000000000303b6                AsciiStrnCpy
 .text.AsciiStrLen
                0x0000000000030577       0xc6 /home/student/nseiger/CS385/EFI/Sonoma_edk2/Build/AppPkg/DEBUG_GCC49/X64/MdePkg/Library/BaseLib/BaseLib/OUTPUT/BaseLib.lib(String.obj)
                0x0000000000030577                AsciiStrLen
 .text.AsciiStrSize
                0x000000000003063d       0x22 /home/student/nseiger/CS385/EFI/Sonoma_edk2/Build/AppPkg/DEBUG_GCC49/X64/MdePkg/Library/BaseLib/BaseLib/OUTPUT/BaseLib.lib(String.obj)
                0x000000000003063d                AsciiStrSize
 .text.AsciiStrCmp
                0x000000000003065f       0xec /home/student/nseiger/CS385/EFI/Sonoma_edk2/Build/AppPkg/DEBUG_GCC49/X64/MdePkg/Library/BaseLib/BaseLib/OUTPUT/BaseLib.lib(String.obj)
                0x000000000003065f                AsciiStrCmp
 .text.AsciiStrToUnicodeStr
                0x000000000003074b      0x1e8 /home/student/nseiger/CS385/EFI/Sonoma_edk2/Build/AppPkg/DEBUG_GCC49/X64/MdePkg/Library/BaseLib/BaseLib/OUTPUT/BaseLib.lib(String.obj)
                0x000000000003074b                AsciiStrToUnicodeStr
 .text.InternalMathRShiftU64
                0x0000000000030933       0x1d /home/student/nseiger/CS385/EFI/Sonoma_edk2/Build/AppPkg/DEBUG_GCC49/X64/MdePkg/Library/BaseLib/BaseLib/OUTPUT/BaseLib.lib(Math64.obj)
                0x0000000000030933                InternalMathRShiftU64
 .text.InternalMathDivU64x32
                0x0000000000030950       0x1c /home/student/nseiger/CS385/EFI/Sonoma_edk2/Build/AppPkg/DEBUG_GCC49/X64/MdePkg/Library/BaseLib/BaseLib/OUTPUT/BaseLib.lib(Math64.obj)
                0x0000000000030950                InternalMathDivU64x32
 .text.InternalMathModU64x32
                0x000000000003096c       0x1f /home/student/nseiger/CS385/EFI/Sonoma_edk2/Build/AppPkg/DEBUG_GCC49/X64/MdePkg/Library/BaseLib/BaseLib/OUTPUT/BaseLib.lib(Math64.obj)
                0x000000000003096c                InternalMathModU64x32
 .text.InternalMathDivRemU64x32
                0x000000000003098b       0x41 /home/student/nseiger/CS385/EFI/Sonoma_edk2/Build/AppPkg/DEBUG_GCC49/X64/MdePkg/Library/BaseLib/BaseLib/OUTPUT/BaseLib.lib(Math64.obj)
                0x000000000003098b                InternalMathDivRemU64x32
 .text.ReadUnaligned16
                0x00000000000309cc       0x51 /home/student/nseiger/CS385/EFI/Sonoma_edk2/Build/AppPkg/DEBUG_GCC49/X64/MdePkg/Library/BaseLib/BaseLib/OUTPUT/BaseLib.lib(Unaligned.obj)
                0x00000000000309cc                ReadUnaligned16
 .text.ReadUnaligned32
                0x0000000000030a1d       0x50 /home/student/nseiger/CS385/EFI/Sonoma_edk2/Build/AppPkg/DEBUG_GCC49/X64/MdePkg/Library/BaseLib/BaseLib/OUTPUT/BaseLib.lib(Unaligned.obj)
                0x0000000000030a1d                ReadUnaligned32
 .text.ReadUnaligned64
                0x0000000000030a6d       0x51 /home/student/nseiger/CS385/EFI/Sonoma_edk2/Build/AppPkg/DEBUG_GCC49/X64/MdePkg/Library/BaseLib/BaseLib/OUTPUT/BaseLib.lib(Unaligned.obj)
                0x0000000000030a6d                ReadUnaligned64
 .text          0x0000000000030abe       0x8f /home/student/nseiger/CS385/EFI/Sonoma_edk2/Build/AppPkg/DEBUG_GCC49/X64/MdePkg/Library/BaseLib/BaseLib/OUTPUT/BaseLib.lib(SetJump.obj)
                0x0000000000030abe                SetJump
 .text.InternalAssertJumpBuffer
                0x0000000000030b4d       0x8c /home/student/nseiger/CS385/EFI/Sonoma_edk2/Build/AppPkg/DEBUG_GCC49/X64/MdePkg/Library/BaseLib/BaseLib/OUTPUT/BaseLib.lib(SetJump.obj)
                0x0000000000030b4d                InternalAssertJumpBuffer
 .text.InternalAllocatePool
                0x0000000000030bd9       0x53 /home/student/nseiger/CS385/EFI/Sonoma_edk2/Build/AppPkg/DEBUG_GCC49/X64/MdePkg/Library/UefiMemoryAllocationLib/UefiMemoryAllocationLib/OUTPUT/UefiMemoryAllocationLib.lib(MemoryAllocationLib.obj)
                0x0000000000030bd9                InternalAllocatePool
 .text.AllocatePool
                0x0000000000030c2c       0x95 /home/student/nseiger/CS385/EFI/Sonoma_edk2/Build/AppPkg/DEBUG_GCC49/X64/MdePkg/Library/UefiMemoryAllocationLib/UefiMemoryAllocationLib/OUTPUT/UefiMemoryAllocationLib.lib(MemoryAllocationLib.obj)
                0x0000000000030c2c                AllocatePool
 .text.InternalAllocateZeroPool
                0x0000000000030cc1       0x5b /home/student/nseiger/CS385/EFI/Sonoma_edk2/Build/AppPkg/DEBUG_GCC49/X64/MdePkg/Library/UefiMemoryAllocationLib/UefiMemoryAllocationLib/OUTPUT/UefiMemoryAllocationLib.lib(MemoryAllocationLib.obj)
                0x0000000000030cc1                InternalAllocateZeroPool
 .text.AllocateZeroPool
                0x0000000000030d1c       0x95 /home/student/nseiger/CS385/EFI/Sonoma_edk2/Build/AppPkg/DEBUG_GCC49/X64/MdePkg/Library/UefiMemoryAllocationLib/UefiMemoryAllocationLib/OUTPUT/UefiMemoryAllocationLib.lib(MemoryAllocationLib.obj)
                0x0000000000030d1c                AllocateZeroPool
 .text.FreePool
                0x0000000000030db1       0xaf /home/student/nseiger/CS385/EFI/Sonoma_edk2/Build/AppPkg/DEBUG_GCC49/X64/MdePkg/Library/UefiMemoryAllocationLib/UefiMemoryAllocationLib/OUTPUT/UefiMemoryAllocationLib.lib(MemoryAllocationLib.obj)
                0x0000000000030db1                FreePool
 .text.UnicodeVSPrint
                0x0000000000030e60      0x146 /home/student/nseiger/CS385/EFI/Sonoma_edk2/Build/AppPkg/DEBUG_GCC49/X64/MdePkg/Library/BasePrintLib/BasePrintLib/OUTPUT/BasePrintLib.lib(PrintLib.obj)
                0x0000000000030e60                UnicodeVSPrint
 .text.AsciiVSPrint
                0x0000000000030fa6       0xbc /home/student/nseiger/CS385/EFI/Sonoma_edk2/Build/AppPkg/DEBUG_GCC49/X64/MdePkg/Library/BasePrintLib/BasePrintLib/OUTPUT/BasePrintLib.lib(PrintLib.obj)
                0x0000000000030fa6                AsciiVSPrint
 .text.AsciiSPrint
                0x0000000000031062       0x5b /home/student/nseiger/CS385/EFI/Sonoma_edk2/Build/AppPkg/DEBUG_GCC49/X64/MdePkg/Library/BasePrintLib/BasePrintLib/OUTPUT/BasePrintLib.lib(PrintLib.obj)
                0x0000000000031062                AsciiSPrint
 .text.BasePrintLibFillBuffer
                0x00000000000310bd       0x72 /home/student/nseiger/CS385/EFI/Sonoma_edk2/Build/AppPkg/DEBUG_GCC49/X64/MdePkg/Library/BasePrintLib/BasePrintLib/OUTPUT/BasePrintLib.lib(PrintLibInternal.obj)
                0x00000000000310bd                BasePrintLibFillBuffer
 .text.BasePrintLibValueToString
                0x000000000003112f       0x74 /home/student/nseiger/CS385/EFI/Sonoma_edk2/Build/AppPkg/DEBUG_GCC49/X64/MdePkg/Library/BasePrintLib/BasePrintLib/OUTPUT/BasePrintLib.lib(PrintLibInternal.obj)
                0x000000000003112f                BasePrintLibValueToString
 .text.BasePrintLibSPrintMarker
                0x00000000000311a3     0x1656 /home/student/nseiger/CS385/EFI/Sonoma_edk2/Build/AppPkg/DEBUG_GCC49/X64/MdePkg/Library/BasePrintLib/BasePrintLib/OUTPUT/BasePrintLib.lib(PrintLibInternal.obj)
                0x00000000000311a3                BasePrintLibSPrintMarker
 .text.BasePrintLibSPrint
                0x00000000000327f9       0xe2 /home/student/nseiger/CS385/EFI/Sonoma_edk2/Build/AppPkg/DEBUG_GCC49/X64/MdePkg/Library/BasePrintLib/BasePrintLib/OUTPUT/BasePrintLib.lib(PrintLibInternal.obj)
                0x00000000000327f9                BasePrintLibSPrint
 .text.__assert
                0x00000000000328db       0x87 /home/student/nseiger/CS385/EFI/Sonoma_edk2/Build/AppPkg/DEBUG_GCC49/X64/StdLib/LibC/LibC/OUTPUT/LibC.lib(assert.obj)
                0x00000000000328db                __assert
 .text.__isinfd
                0x0000000000032962       0x46 /home/student/nseiger/CS385/EFI/Sonoma_edk2/Build/AppPkg/DEBUG_GCC49/X64/StdLib/LibC/LibC/OUTPUT/LibC.lib(isinfd_ieee754.obj)
                0x0000000000032962                __isinfd
 .text.__isnand
                0x00000000000329a8       0x46 /home/student/nseiger/CS385/EFI/Sonoma_edk2/Build/AppPkg/DEBUG_GCC49/X64/StdLib/LibC/LibC/OUTPUT/LibC.lib(isnand_ieee754.obj)
                0x00000000000329a8                __isnand
 .text.bswap16  0x00000000000329ee       0x2a /home/student/nseiger/CS385/EFI/Sonoma_edk2/Build/AppPkg/DEBUG_GCC49/X64/StdLib/LibC/LibC/OUTPUT/LibC.lib(ByteSwap.obj)
                0x00000000000329ee                bswap16