Archive member included to satisfy reference by file (symbol)

/home/student/nseiger/CS385/EFI/Sonoma_edk2/Build/AppPkg/DEBUG_GCC49/X64/MdePkg/Library/UefiApplicationEntryPoint/UefiApplicationEntryPoint/OUTPUT/UefiApplicationEntryPoint.lib(ApplicationEntryPoint.obj)
                              (_ModuleEntryPoint)
/home/student/nseiger/CS385/EFI/Sonoma_edk2/Build/AppPkg/DEBUG_GCC49/X64/MdePkg/Library/UefiBootServicesTableLib/UefiBootServicesTableLib/OUTPUT/UefiBootServicesTableLib.lib(UefiBootServicesTableLib.obj)
                              /home/student/nseiger/CS385/EFI/Sonoma_edk2/Build/AppPkg/DEBUG_GCC49/X64/MdePkg/Library/UefiApplicationEntryPoint/UefiApplicationEntryPoint/OUTPUT/UefiApplicationEntryPoint.lib(ApplicationEntryPoint.obj) (gImageHandle)
/home/student/nseiger/CS385/EFI/Sonoma_edk2/Build/AppPkg/DEBUG_GCC49/X64/AppPkg/Applications/Main/Main/OUTPUT/Main.lib(AutoGen.obj)
                              /home/student/nseiger/CS385/EFI/Sonoma_edk2/Build/AppPkg/DEBUG_GCC49/X64/MdePkg/Library/UefiApplicationEntryPoint/UefiApplicationEntryPoint/OUTPUT/UefiApplicationEntryPoint.lib(ApplicationEntryPoint.obj) (ProcessLibraryConstructorList)
/home/student/nseiger/CS385/EFI/Sonoma_edk2/Build/AppPkg/DEBUG_GCC49/X64/ShellPkg/Library/UefiShellCEntryLib/UefiShellCEntryLib/OUTPUT/UefiShellCEntryLib.lib(UefiShellCEntryLib.obj)
                              /home/student/nseiger/CS385/EFI/Sonoma_edk2/Build/AppPkg/DEBUG_GCC49/X64/AppPkg/Applications/Main/Main/OUTPUT/Main.lib(AutoGen.obj) (ShellCEntryLib)
/home/student/nseiger/CS385/EFI/Sonoma_edk2/Build/AppPkg/DEBUG_GCC49/X64/MdePkg/Library/BaseDebugLibNull/BaseDebugLibNull/OUTPUT/BaseDebugLibNull.lib(DebugLib.obj)
                              /home/student/nseiger/CS385/EFI/Sonoma_edk2/Build/AppPkg/DEBUG_GCC49/X64/AppPkg/Applications/Main/Main/OUTPUT/Main.lib(AutoGen.obj) (DebugPrint)
/home/student/nseiger/CS385/EFI/Sonoma_edk2/Build/AppPkg/DEBUG_GCC49/X64/StdLib/LibC/LibC/OUTPUT/LibC.lib(Main.obj)
                              /home/student/nseiger/CS385/EFI/Sonoma_edk2/Build/AppPkg/DEBUG_GCC49/X64/ShellPkg/Library/UefiShellCEntryLib/UefiShellCEntryLib/OUTPUT/UefiShellCEntryLib.lib(UefiShellCEntryLib.obj) (ShellAppMain)
/home/student/nseiger/CS385/EFI/Sonoma_edk2/Build/AppPkg/DEBUG_GCC49/X64/StdLib/LibC/LibC/OUTPUT/LibC.lib(errno.obj)
                              /home/student/nseiger/CS385/EFI/Sonoma_edk2/Build/AppPkg/DEBUG_GCC49/X64/StdLib/LibC/LibC/OUTPUT/LibC.lib(Main.obj) (errno)
/home/student/nseiger/CS385/EFI/Sonoma_edk2/Build/AppPkg/DEBUG_GCC49/X64/StdLib/LibC/Wchar/Wchar/OUTPUT/LibWchar.lib(ConsDecons.obj)
                              /home/student/nseiger/CS385/EFI/Sonoma_edk2/Build/AppPkg/DEBUG_GCC49/X64/AppPkg/Applications/Main/Main/OUTPUT/Main.lib(AutoGen.obj) (__wchar_construct)
/home/student/nseiger/CS385/EFI/Sonoma_edk2/Build/AppPkg/DEBUG_GCC49/X64/StdLib/LibC/Uefi/Devices/daConsole/OUTPUT/DevConsole.lib(daConsole.obj)
                              /home/student/nseiger/CS385/EFI/Sonoma_edk2/Build/AppPkg/DEBUG_GCC49/X64/AppPkg/Applications/Main/Main/OUTPUT/Main.lib(AutoGen.obj) (__Cons_construct)
/home/student/nseiger/CS385/EFI/Sonoma_edk2/Build/AppPkg/DEBUG_GCC49/X64/MdePkg/Library/UefiRuntimeServicesTableLib/UefiRuntimeServicesTableLib/OUTPUT/UefiRuntimeServicesTableLib.lib(UefiRuntimeServicesTableLib.obj)
                              /home/student/nseiger/CS385/EFI/Sonoma_edk2/Build/AppPkg/DEBUG_GCC49/X64/AppPkg/Applications/Main/Main/OUTPUT/Main.lib(AutoGen.obj) (UefiRuntimeServicesTableLibConstructor)
/home/student/nseiger/CS385/EFI/Sonoma_edk2/Build/AppPkg/DEBUG_GCC49/X64/MdePkg/Library/UefiLib/UefiLib/OUTPUT/UefiLib.lib(UefiLibPrint.obj)
                              /home/student/nseiger/CS385/EFI/Sonoma_edk2/Build/AppPkg/DEBUG_GCC49/X64/StdLib/LibC/LibC/OUTPUT/LibC.lib(Main.obj) (Print)
/home/student/nseiger/CS385/EFI/Sonoma_edk2/Build/AppPkg/DEBUG_GCC49/X64/MdePkg/Library/UefiLib/UefiLib/OUTPUT/UefiLib.lib(UefiLib.obj)
                              /home/student/nseiger/CS385/EFI/Sonoma_edk2/Build/AppPkg/DEBUG_GCC49/X64/AppPkg/Applications/Main/Main/OUTPUT/Main.lib(AutoGen.obj) (UefiLibConstructor)
/home/student/nseiger/CS385/EFI/Sonoma_edk2/Build/AppPkg/DEBUG_GCC49/X64/ShellPkg/Library/UefiShellLib/UefiShellLib/OUTPUT/UefiShellLib.lib(UefiShellLib.obj)
                              /home/student/nseiger/CS385/EFI/Sonoma_edk2/Build/AppPkg/DEBUG_GCC49/X64/AppPkg/Applications/Main/Main/OUTPUT/Main.lib(AutoGen.obj) (ShellLibConstructor)
/home/student/nseiger/CS385/EFI/Sonoma_edk2/Build/AppPkg/DEBUG_GCC49/X64/MdeModulePkg/Library/UefiHiiServicesLib/UefiHiiServicesLib/OUTPUT/UefiHiiServicesLib.lib(UefiHiiServicesLib.obj)
                              /home/student/nseiger/CS385/EFI/Sonoma_edk2/Build/AppPkg/DEBUG_GCC49/X64/AppPkg/Applications/Main/Main/OUTPUT/Main.lib(AutoGen.obj) (UefiHiiServicesLibConstructor)
[...]
Memory Configuration

Name             Origin             Length             Attributes
*default*        0x0000000000000000 0xffffffffffffffff

Linker script and memory map

START GROUP
LOAD /home/student/nseiger/CS385/EFI/Sonoma_edk2/Build/AppPkg/DEBUG_GCC49/X64/MdePkg/Library/UefiApplicationEntryPoint/UefiApplicationEntryPoint/OUTPUT/UefiApplicationEntryPoint.lib
LOAD /home/student/nseiger/CS385/EFI/Sonoma_edk2/Build/AppPkg/DEBUG_GCC49/X64/ShellPkg/Library/UefiShellCEntryLib/UefiShellCEntryLib/OUTPUT/UefiShellCEntryLib.lib
LOAD /home/student/nseiger/CS385/EFI/Sonoma_edk2/Build/AppPkg/DEBUG_GCC49/X64/StdLib/LibC/Signal/Signal/OUTPUT/LibSignal.lib
LOAD /home/student/nseiger/CS385/EFI/Sonoma_edk2/Build/AppPkg/DEBUG_GCC49/X64/MdePkg/Library/BasePrintLib/BasePrintLib/OUTPUT/BasePrintLib.lib
LOAD /home/student/nseiger/CS385/EFI/Sonoma_edk2/Build/AppPkg/DEBUG_GCC49/X64/StdLib/LibC/Uefi/Devices/daUtility/OUTPUT/DevUtility.lib
LOAD /home/student/nseiger/CS385/EFI/Sonoma_edk2/Build/AppPkg/DEBUG_GCC49/X64/StdLib/PosixLib/Gen/LibGen/OUTPUT/LibGen.lib
LOAD /home/student/nseiger/CS385/EFI/Sonoma_edk2/Build/AppPkg/DEBUG_GCC49/X64/MdePkg/Library/BasePcdLibNull/BasePcdLibNull/OUTPUT/BasePcdLibNull.lib
LOAD /home/student/nseiger/CS385/EFI/Sonoma_edk2/Build/AppPkg/DEBUG_GCC49/X64/MdePkg/Library/BaseDebugLibNull/BaseDebugLibNull/OUTPUT/BaseDebugLibNull.lib
LOAD /home/student/nseiger/CS385/EFI/Sonoma_edk2/Build/AppPkg/DEBUG_GCC49/X64/MdePkg/Library/UefiMemoryAllocationLib/UefiMemoryAllocationLib/OUTPUT/UefiMemoryAllocationLib.lib
LOAD /home/student/nseiger/CS385/EFI/Sonoma_edk2/Build/AppPkg/DEBUG_GCC49/X64/MdePkg/Library/BaseMemoryLib/BaseMemoryLib/OUTPUT/BaseMemoryLib.lib
LOAD /home/student/nseiger/CS385/EFI/Sonoma_edk2/Build/AppPkg/DEBUG_GCC49/X64/MdePkg/Library/BaseLib/BaseLib/OUTPUT/BaseLib.lib
LOAD /home/student/nseiger/CS385/EFI/Sonoma_edk2/Build/AppPkg/DEBUG_GCC49/X64/StdLib/LibC/Uefi/Uefi/OUTPUT/LibUefi.lib
LOAD /home/student/nseiger/CS385/EFI/Sonoma_edk2/Build/AppPkg/DEBUG_GCC49/X64/StdLib/LibC/Time/Time/OUTPUT/LibTime.lib
LOAD /home/student/nseiger/CS385/EFI/Sonoma_edk2/Build/AppPkg/DEBUG_GCC49/X64/StdLib/LibC/String/String/OUTPUT/LibString.lib
LOAD /home/student/nseiger/CS385/EFI/Sonoma_edk2/Build/AppPkg/DEBUG_GCC49/X64/StdLib/LibC/StdLib/StdLib/OUTPUT/LibStdLib.lib
LOAD /home/student/nseiger/CS385/EFI/Sonoma_edk2/Build/AppPkg/DEBUG_GCC49/X64/StdLib/LibC/Locale/Locale/OUTPUT/LibLocale.lib
LOAD /home/student/nseiger/CS385/EFI/Sonoma_edk2/Build/AppPkg/DEBUG_GCC49/X64/StdLib/LibC/gdtoa/gdtoa/OUTPUT/LibGdtoa.lib
LOAD /home/student/nseiger/CS385/EFI/Sonoma_edk2/Build/AppPkg/DEBUG_GCC49/X64/StdLib/LibC/Ctype/Ctype/OUTPUT/LibCtype.lib
LOAD /home/student/nseiger/CS385/EFI/Sonoma_edk2/Build/AppPkg/DEBUG_GCC49/X64/StdLib/LibC/Stdio/Stdio/OUTPUT/LibStdio.lib
LOAD /home/student/nseiger/CS385/EFI/Sonoma_edk2/Build/AppPkg/DEBUG_GCC49/X64/StdLib/LibC/LibC/OUTPUT/LibC.lib
LOAD /home/student/nseiger/CS385/EFI/Sonoma_edk2/Build/AppPkg/DEBUG_GCC49/X64/StdLib/LibC/Containers/ContainerLib/OUTPUT/LibContainer.lib
LOAD /home/student/nseiger/CS385/EFI/Sonoma_edk2/Build/AppPkg/DEBUG_GCC49/X64/StdLib/LibC/Uefi/InteractiveIO/IIO/OUTPUT/LibIIO.lib
LOAD /home/student/nseiger/CS385/EFI/Sonoma_edk2/Build/AppPkg/DEBUG_GCC49/X64/MdePkg/Library/UefiBootServicesTableLib/UefiBootServicesTableLib/OUTPUT/UefiBootServicesTableLib.lib
LOAD /home/student/nseiger/CS385/EFI/Sonoma_edk2/Build/AppPkg/DEBUG_GCC49/X64/StdLib/LibC/Wchar/Wchar/OUTPUT/LibWchar.lib
LOAD /home/student/nseiger/CS385/EFI/Sonoma_edk2/Build/AppPkg/DEBUG_GCC49/X64/StdLib/LibC/Uefi/Devices/daConsole/OUTPUT/DevConsole.lib
LOAD /home/student/nseiger/CS385/EFI/Sonoma_edk2/Build/AppPkg/DEBUG_GCC49/X64/MdePkg/Library/UefiRuntimeServicesTableLib/UefiRuntimeServicesTableLib/OUTPUT/UefiRuntimeServicesTableLib.lib
LOAD /home/student/nseiger/CS385/EFI/Sonoma_edk2/Build/AppPkg/DEBUG_GCC49/X64/MdePkg/Library/UefiDevicePathLib/UefiDevicePathLib/OUTPUT/UefiDevicePathLib.lib
LOAD /home/student/nseiger/CS385/EFI/Sonoma_edk2/Build/AppPkg/DEBUG_GCC49/X64/MdePkg/Library/UefiLib/UefiLib/OUTPUT/UefiLib.lib
LOAD /home/student/nseiger/CS385/EFI/Sonoma_edk2/Build/AppPkg/DEBUG_GCC49/X64/MdeModulePkg/Library/UefiSortLib/UefiSortLib/OUTPUT/UefiSortLib.lib
LOAD /home/student/nseiger/CS385/EFI/Sonoma_edk2/Build/AppPkg/DEBUG_GCC49/X64/MdeModulePkg/Library/UefiHiiLib/UefiHiiLib/OUTPUT/UefiHiiLib.lib
LOAD /home/student/nseiger/CS385/EFI/Sonoma_edk2/Build/AppPkg/DEBUG_GCC49/X64/MdePkg/Library/UefiFileHandleLib/UefiFileHandleLib/OUTPUT/UefiFileHandleLib.lib
LOAD /home/student/nseiger/CS385/EFI/Sonoma_edk2/Build/AppPkg/DEBUG_GCC49/X64/ShellPkg/Library/UefiShellLib/UefiShellLib/OUTPUT/UefiShellLib.lib
LOAD /home/student/nseiger/CS385/EFI/Sonoma_edk2/Build/AppPkg/DEBUG_GCC49/X64/MdeModulePkg/Library/UefiHiiServicesLib/UefiHiiServicesLib/OUTPUT/UefiHiiServicesLib.lib
LOAD /home/student/nseiger/CS385/EFI/Sonoma_edk2/Build/AppPkg/DEBUG_GCC49/X64/AppPkg/Applications/Main/Main/OUTPUT/Main.lib
END GROUP
                0x0000000000000228                PECOFF_HEADER_SIZE = 0x228
                0x0000000000000228                . = PECOFF_HEADER_SIZE

.text           0x0000000000000240    0x1f820
 *(.text .text.* .stub .gnu.linkonce.t.*)
 .text._ModuleEntryPoint
                0x0000000000000240       0x92 /home/student/nseiger/CS385/EFI/Sonoma_edk2/Build/AppPkg/DEBUG_GCC49/X64/MdePkg/Library/UefiApplicationEntryPoint/UefiApplicationEntryPoint/OUTPUT/UefiApplicationEntryPoint.lib(ApplicationEntryPoint.obj)
                0x0000000000000240                _ModuleEntryPoint
 .text.UefiBootServicesTableLibConstructor
                0x00000000000002d2      0x123 /home/student/nseiger/CS385/EFI/Sonoma_edk2/Build/AppPkg/DEBUG_GCC49/X64/MdePkg/Library/UefiBootServicesTableLib/UefiBootServicesTableLib/OUTPUT/UefiBootServicesTableLib.lib(UefiBootServicesTableLib.obj)
                0x00000000000002d2                UefiBootServicesTableLibConstructor
 .text.ProcessLibraryConstructorList
                0x00000000000003f5      0x473 /home/student/nseiger/CS385/EFI/Sonoma_edk2/Build/AppPkg/DEBUG_GCC49/X64/AppPkg/Applications/Main/Main/OUTPUT/Main.lib(AutoGen.obj)
                0x00000000000003f5                ProcessLibraryConstructorList
 .text.ProcessLibraryDestructorList
                0x0000000000000868      0x1f3 /home/student/nseiger/CS385/EFI/Sonoma_edk2/Build/AppPkg/DEBUG_GCC49/X64/AppPkg/Applications/Main/Main/OUTPUT/Main.lib(AutoGen.obj)
                0x0000000000000868                ProcessLibraryDestructorList
 .text.ProcessModuleEntryPointList
                0x0000000000000a5b       0x29 /home/student/nseiger/CS385/EFI/Sonoma_edk2/Build/AppPkg/DEBUG_GCC49/X64/AppPkg/Applications/Main/Main/OUTPUT/Main.lib(AutoGen.obj)
                0x0000000000000a5b                ProcessModuleEntryPointList
 .text.ShellCEntryLib
                0x0000000000000a84      0x13f /home/student/nseiger/CS385/EFI/Sonoma_edk2/Build/AppPkg/DEBUG_GCC49/X64/ShellPkg/Library/UefiShellCEntryLib/UefiShellCEntryLib/OUTPUT/UefiShellCEntryLib.lib(UefiShellCEntryLib.obj)
                0x0000000000000a84                ShellCEntryLib
 .text.DebugPrint
                0x0000000000000bc3       0x17 /home/student/nseiger/CS385/EFI/Sonoma_edk2/Build/AppPkg/DEBUG_GCC49/X64/MdePkg/Library/BaseDebugLibNull/BaseDebugLibNull/OUTPUT/BaseDebugLibNull.lib(DebugLib.obj)
                0x0000000000000bc3                DebugPrint
 .text.DebugAssert
                0x0000000000000bda       0x13 /home/student/nseiger/CS385/EFI/Sonoma_edk2/Build/AppPkg/DEBUG_GCC49/X64/MdePkg/Library/BaseDebugLibNull/BaseDebugLibNull/OUTPUT/BaseDebugLibNull.lib(DebugLib.obj)
                0x0000000000000bda                DebugAssert
 .text.DebugAssertEnabled
                0x0000000000000bed        0xb /home/student/nseiger/CS385/EFI/Sonoma_edk2/Build/AppPkg/DEBUG_GCC49/X64/MdePkg/Library/BaseDebugLibNull/BaseDebugLibNull/OUTPUT/BaseDebugLibNull.lib(DebugLib.obj)
                0x0000000000000bed                DebugAssertEnabled
 .text.DebugPrintEnabled
                0x0000000000000bf8        0xb /home/student/nseiger/CS385/EFI/Sonoma_edk2/Build/AppPkg/DEBUG_GCC49/X64/MdePkg/Library/BaseDebugLibNull/BaseDebugLibNull/OUTPUT/BaseDebugLibNull.lib(DebugLib.obj)
                0x0000000000000bf8                DebugPrintEnabled
 .text.DebugCodeEnabled
                0x0000000000000c03        0xb /home/student/nseiger/CS385/EFI/Sonoma_edk2/Build/AppPkg/DEBUG_GCC49/X64/MdePkg/Library/BaseDebugLibNull/BaseDebugLibNull/OUTPUT/BaseDebugLibNull.lib(DebugLib.obj)
                0x0000000000000c03                DebugCodeEnabled
 .text.DebugPrintLevelEnabled
                0x0000000000000c0e        0xf /home/student/nseiger/CS385/EFI/Sonoma_edk2/Build/AppPkg/DEBUG_GCC49/X64/MdePkg/Library/BaseDebugLibNull/BaseDebugLibNull/OUTPUT/BaseDebugLibNull.lib(DebugLib.obj)
                0x0000000000000c0e                DebugPrintLevelEnabled
 .text.exitCleanup
                0x0000000000000c1d       0xa8 /home/student/nseiger/CS385/EFI/Sonoma_edk2/Build/AppPkg/DEBUG_GCC49/X64/StdLib/LibC/LibC/OUTPUT/LibC.lib(Main.obj)
                0x0000000000000c1d                exitCleanup
 .text.ArgvConvert
                0x0000000000000cc5      0x4a0 /home/student/nseiger/CS385/EFI/Sonoma_edk2/Build/AppPkg/DEBUG_GCC49/X64/StdLib/LibC/LibC/OUTPUT/LibC.lib(Main.obj)
 .text.ShellAppMain
                0x0000000000001165      0x45f /home/student/nseiger/CS385/EFI/Sonoma_edk2/Build/AppPkg/DEBUG_GCC49/X64/StdLib/LibC/LibC/OUTPUT/LibC.lib(Main.obj)
                0x0000000000001165                ShellAppMain
 .text.__wchar_construct
                0x00000000000015c4       0xdf /home/student/nseiger/CS385/EFI/Sonoma_edk2/Build/AppPkg/DEBUG_GCC49/X64/StdLib/LibC/Wchar/Wchar/OUTPUT/LibWchar.lib(ConsDecons.obj)
                0x00000000000015c4                __wchar_construct
 .text.__wchar_deconstruct
                0x00000000000016a3       0xec /home/student/nseiger/CS385/EFI/Sonoma_edk2/Build/AppPkg/DEBUG_GCC49/X64/StdLib/LibC/Wchar/Wchar/OUTPUT/LibWchar.lib(ConsDecons.obj)
                0x00000000000016a3                __wchar_deconstruct
 .text.da_ConSeek
                0x000000000000178f       0xdd /home/student/nseiger/CS385/EFI/Sonoma_edk2/Build/AppPkg/DEBUG_GCC49/X64/StdLib/LibC/Uefi/Devices/daConsole/OUTPUT/DevConsole.lib(daConsole.obj)
 .text.da_ConWrite
                0x000000000000186c      0x135 /home/student/nseiger/CS385/EFI/Sonoma_edk2/Build/AppPkg/DEBUG_GCC49/X64/StdLib/LibC/Uefi/Devices/daConsole/OUTPUT/DevConsole.lib(daConsole.obj)
 .text.da_ConRawRead
                0x00000000000019a1      0x114 /home/student/nseiger/CS385/EFI/Sonoma_edk2/Build/AppPkg/DEBUG_GCC49/X64/StdLib/LibC/Uefi/Devices/daConsole/OUTPUT/DevConsole.lib(daConsole.obj)
 .text.da_ConRead
                0x0000000000001ab5      0x265 /home/student/nseiger/CS385/EFI/Sonoma_edk2/Build/AppPkg/DEBUG_GCC49/X64/StdLib/LibC/Uefi/Devices/daConsole/OUTPUT/DevConsole.lib(daConsole.obj)
 .text.da_ConStat
                0x0000000000001d1a      0x189 /home/student/nseiger/CS385/EFI/Sonoma_edk2/Build/AppPkg/DEBUG_GCC49/X64/StdLib/LibC/Uefi/Devices/daConsole/OUTPUT/DevConsole.lib(daConsole.obj)
 .text.da_ConIoctl
                0x0000000000001ea3       0x27 /home/student/nseiger/CS385/EFI/Sonoma_edk2/Build/AppPkg/DEBUG_GCC49/X64/StdLib/LibC/Uefi/Devices/daConsole/OUTPUT/DevConsole.lib(daConsole.obj)
 .text.da_ConOpen
                0x0000000000001eca       0xf8 /home/student/nseiger/CS385/EFI/Sonoma_edk2/Build/AppPkg/DEBUG_GCC49/X64/StdLib/LibC/Uefi/Devices/daConsole/OUTPUT/DevConsole.lib(daConsole.obj)
                0x0000000000001eca                da_ConOpen
 .text.da_ConFlush
                0x0000000000001fc2      0x12f /home/student/nseiger/CS385/EFI/Sonoma_edk2/Build/AppPkg/DEBUG_GCC49/X64/StdLib/LibC/Uefi/Devices/daConsole/OUTPUT/DevConsole.lib(daConsole.obj)
 .text.da_ConClose
                0x00000000000020f1       0x9c /home/student/nseiger/CS385/EFI/Sonoma_edk2/Build/AppPkg/DEBUG_GCC49/X64/StdLib/LibC/Uefi/Devices/daConsole/OUTPUT/DevConsole.lib(daConsole.obj)
 .text.da_ConPoll
                0x000000000000218d      0x1c1 /home/student/nseiger/CS385/EFI/Sonoma_edk2/Build/AppPkg/DEBUG_GCC49/X64/StdLib/LibC/Uefi/Devices/daConsole/OUTPUT/DevConsole.lib(daConsole.obj)
 .text.__Cons_construct
                0x000000000000234e      0x395 /home/student/nseiger/CS385/EFI/Sonoma_edk2/Build/AppPkg/DEBUG_GCC49/X64/StdLib/LibC/Uefi/Devices/daConsole/OUTPUT/DevConsole.lib(daConsole.obj)
                0x000000000000234e                __Cons_construct
 .text.__Cons_deconstruct
                0x00000000000026e3       0xd9 /home/student/nseiger/CS385/EFI/Sonoma_edk2/Build/AppPkg/DEBUG_GCC49/X64/StdLib/LibC/Uefi/Devices/daConsole/OUTPUT/DevConsole.lib(daConsole.obj)
                0x00000000000026e3                __Cons_deconstruct
 .text.UefiRuntimeServicesTableLibConstructor
                0x00000000000027bc       0x73 /home/student/nseiger/CS385/EFI/Sonoma_edk2/Build/AppPkg/DEBUG_GCC49/X64/MdePkg/Library/UefiRuntimeServicesTableLib/UefiRuntimeServicesTableLib/OUTPUT/UefiRuntimeServicesTableLib.lib(UefiRuntimeServicesTableLib.obj)
                0x00000000000027bc                UefiRuntimeServicesTableLibConstructor
 .text.InternalPrint
                0x000000000000282f      0x20f /home/student/nseiger/CS385/EFI/Sonoma_edk2/Build/AppPkg/DEBUG_GCC49/X64/MdePkg/Library/UefiLib/UefiLib/OUTPUT/UefiLib.lib(UefiLibPrint.obj)
                0x000000000000282f                InternalPrint
 .text.Print    0x0000000000002a3e       0xe4 /home/student/nseiger/CS385/EFI/Sonoma_edk2/Build/AppPkg/DEBUG_GCC49/X64/MdePkg/Library/UefiLib/UefiLib/OUTPUT/UefiLib.lib(UefiLibPrint.obj)
                0x0000000000002a3e                Print
 .text.UefiLibConstructor
                0x0000000000002b22       0x13 /home/student/nseiger/CS385/EFI/Sonoma_edk2/Build/AppPkg/DEBUG_GCC49/X64/MdePkg/Library/UefiLib/UefiLib/OUTPUT/UefiLib.lib(UefiLib.obj)
                0x0000000000002b22                UefiLibConstructor
 .text.ShellFindSE2
                0x0000000000002b35      0x277 /home/student/nseiger/CS385/EFI/Sonoma_edk2/Build/AppPkg/DEBUG_GCC49/X64/ShellPkg/Library/UefiShellLib/UefiShellLib/OUTPUT/UefiShellLib.lib(UefiShellLib.obj)
                0x0000000000002b35                ShellFindSE2
 .text.ShellLibConstructorWorker
                0x0000000000002dac      0x4cc /home/student/nseiger/CS385/EFI/Sonoma_edk2/Build/AppPkg/DEBUG_GCC49/X64/ShellPkg/Library/UefiShellLib/UefiShellLib/OUTPUT/UefiShellLib.lib(UefiShellLib.obj)
                0x0000000000002dac                ShellLibConstructorWorker
 .text.ShellLibConstructor
                0x0000000000003278       0x96 /home/student/nseiger/CS385/EFI/Sonoma_edk2/Build/AppPkg/DEBUG_GCC49/X64/ShellPkg/Library/UefiShellLib/UefiShellLib/OUTPUT/UefiShellLib.lib(UefiShellLib.obj)
                0x0000000000003278                ShellLibConstructor
 .text.ShellLibDestructor
                0x000000000000330e      0x191 /home/student/nseiger/CS385/EFI/Sonoma_edk2/Build/AppPkg/DEBUG_GCC49/X64/ShellPkg/Library/UefiShellLib/UefiShellLib/OUTPUT/UefiShellLib.lib(UefiShellLib.obj)
                0x000000000000330e                ShellLibDestructor
 .text.ShellGetEnvironmentVariable
                0x000000000000349f       0x69 /home/student/nseiger/CS385/EFI/Sonoma_edk2/Build/AppPkg/DEBUG_GCC49/X64/ShellPkg/Library/UefiShellLib/UefiShellLib/OUTPUT/UefiShellLib.lib(UefiShellLib.obj)
                0x000000000000349f                ShellGetEnvironmentVariable
 .text.UefiHiiServicesLibConstructor
                0x0000000000003508      0x29d /home/student/nseiger/CS385/EFI/Sonoma_edk2/Build/AppPkg/DEBUG_GCC49/X64/MdeModulePkg/Library/UefiHiiServicesLib/UefiHiiServicesLib/OUTPUT/UefiHiiServicesLib.lib(UefiHiiServicesLib.obj)
                0x0000000000003508                UefiHiiServicesLibConstructor
 .text.main     0x00000000000037a5       0x42 /home/student/nseiger/CS385/EFI/Sonoma_edk2/Build/AppPkg/DEBUG_GCC49/X64/AppPkg/Applications/Main/Main/OUTPUT/Main.lib(Main.obj)
                0x00000000000037a5                main
 .text.UnicodeVSPrint
                0x00000000000037e7      0x146 /home/student/nseiger/CS385/EFI/Sonoma_edk2/Build/AppPkg/DEBUG_GCC49/X64/MdePkg/Library/BasePrintLib/BasePrintLib/OUTPUT/BasePrintLib.lib(PrintLib.obj)
                0x00000000000037e7                UnicodeVSPrint
 .text.AsciiVSPrint
                0x000000000000392d       0xbc /home/student/nseiger/CS385/EFI/Sonoma_edk2/Build/AppPkg/DEBUG_GCC49/X64/MdePkg/Library/BasePrintLib/BasePrintLib/OUTPUT/BasePrintLib.lib(PrintLib.obj)
                0x000000000000392d                AsciiVSPrint
 .text.AsciiSPrint
                0x00000000000039e9       0x5b /home/student/nseiger/CS385/EFI/Sonoma_edk2/Build/AppPkg/DEBUG_GCC49/X64/MdePkg/Library/BasePrintLib/BasePrintLib/OUTPUT/BasePrintLib.lib(PrintLib.obj)
                0x00000000000039e9                AsciiSPrint
 .text.BasePrintLibFillBuffer
                0x0000000000003a44       0x72 /home/student/nseiger/CS385/EFI/Sonoma_edk2/Build/AppPkg/DEBUG_GCC49/X64/MdePkg/Library/BasePrintLib/BasePrintLib/OUTPUT/BasePrintLib.lib(PrintLibInternal.obj)
                0x0000000000003a44                BasePrintLibFillBuffer
 .text.BasePrintLibValueToString
                0x0000000000003ab6       0x74 /home/student/nseiger/CS385/EFI/Sonoma_edk2/Build/AppPkg/DEBUG_GCC49/X64/MdePkg/Library/BasePrintLib/BasePrintLib/OUTPUT/BasePrintLib.lib(PrintLibInternal.obj)
                0x0000000000003ab6                BasePrintLibValueToString
 .text.BasePrintLibSPrintMarker
                0x0000000000003b2a     0x1656 /home/student/nseiger/CS385/EFI/Sonoma_edk2/Build/AppPkg/DEBUG_GCC49/X64/MdePkg/Library/BasePrintLib/BasePrintLib/OUTPUT/BasePrintLib.lib(PrintLibInternal.obj)
                0x0000000000003b2a                BasePrintLibSPrintMarker
 .text.BasePrintLibSPrint
                0x0000000000005180       0xe2 /home/student/nseiger/CS385/EFI/Sonoma_edk2/Build/AppPkg/DEBUG_GCC49/X64/MdePkg/Library/BasePrintLib/BasePrintLib/OUTPUT/BasePrintLib.lib(PrintLibInternal.obj)
                0x0000000000005180                BasePrintLibSPrint
 .text.fnullop_fcntl
                0x0000000000005262       0x1a /home/student/nseiger/CS385/EFI/Sonoma_edk2/Build/AppPkg/DEBUG_GCC49/X64/StdLib/LibC/Uefi/Devices/daUtility/OUTPUT/DevUtility.lib(DevGenisis.obj)
                0x0000000000005262                fnullop_fcntl
 .text.fbadop_delete
                0x000000000000527c       0x1f /home/student/nseiger/CS385/EFI/Sonoma_edk2/Build/AppPkg/DEBUG_GCC49/X64/StdLib/LibC/Uefi/Devices/daUtility/OUTPUT/DevUtility.lib(DevGenisis.obj)
                0x000000000000527c                fbadop_delete
 .text.fbadop_mkdir
                0x000000000000529b       0x22 /home/student/nseiger/CS385/EFI/Sonoma_edk2/Build/AppPkg/DEBUG_GCC49/X64/StdLib/LibC/Uefi/Devices/daUtility/OUTPUT/DevUtility.lib(DevGenisis.obj)
                0x000000000000529b                fbadop_mkdir
 .text.fbadop_rename
                0x00000000000052bd       0x23 /home/student/nseiger/CS385/EFI/Sonoma_edk2/Build/AppPkg/DEBUG_GCC49/X64/StdLib/LibC/Uefi/Devices/daUtility/OUTPUT/DevUtility.lib(DevGenisis.obj)
                0x00000000000052bd                fbadop_rename
 .text.fbadop_rmdir
                0x00000000000052e0       0x1f /home/student/nseiger/CS385/EFI/Sonoma_edk2/Build/AppPkg/DEBUG_GCC49/X64/StdLib/LibC/Uefi/Devices/daUtility/OUTPUT/DevUtility.lib(DevGenisis.obj)
                0x00000000000052e0                fbadop_rmdir
 .text.__DevRegister
                0x00000000000052ff      0x196 /home/student/nseiger/CS385/EFI/Sonoma_edk2/Build/AppPkg/DEBUG_GCC49/X64/StdLib/LibC/Uefi/Devices/daUtility/OUTPUT/DevUtility.lib(DevGenisis.obj)
                0x00000000000052ff                __DevRegister
 .text.InternalAllocatePool
                0x0000000000005495       0x53 /home/student/nseiger/CS385/EFI/Sonoma_edk2/Build/AppPkg/DEBUG_GCC49/X64/MdePkg/Library/UefiMemoryAllocationLib/UefiMemoryAllocationLib/OUTPUT/UefiMemoryAllocationLib.lib(MemoryAllocationLib.obj)
                0x0000000000005495                InternalAllocatePool
 .text.AllocatePool
                0x00000000000054e8       0x95 /home/student/nseiger/CS385/EFI/Sonoma_edk2/Build/AppPkg/DEBUG_GCC49/X64/MdePkg/Library/UefiMemoryAllocationLib/UefiMemoryAllocationLib/OUTPUT/UefiMemoryAllocationLib.lib(MemoryAllocationLib.obj)
                0x00000000000054e8                AllocatePool
 .text.InternalAllocateZeroPool
                0x000000000000557d       0x5b /home/student/nseiger/CS385/EFI/Sonoma_edk2/Build/AppPkg/DEBUG_GCC49/X64/MdePkg/Library/UefiMemoryAllocationLib/UefiMemoryAllocationLib/OUTPUT/UefiMemoryAllocationLib.lib(MemoryAllocationLib.obj)
                0x000000000000557d                InternalAllocateZeroPool
 .text.AllocateZeroPool
                0x00000000000055d8       0x95 /home/student/nseiger/CS385/EFI/Sonoma_edk2/Build/AppPkg/DEBUG_GCC49/X64/MdePkg/Library/UefiMemoryAllocationLib/UefiMemoryAllocationLib/OUTPUT/UefiMemoryAllocationLib.lib(MemoryAllocationLib.obj)
                0x00000000000055d8                AllocateZeroPool
 .text.FreePool
                0x000000000000566d       0xaf /home/student/nseiger/CS385/EFI/Sonoma_edk2/Build/AppPkg/DEBUG_GCC49/X64/MdePkg/Library/UefiMemoryAllocationLib/UefiMemoryAllocationLib/OUTPUT/UefiMemoryAllocationLib.lib(MemoryAllocationLib.obj)
                0x000000000000566d                FreePool
 .text.ZeroMem  0x000000000000571c       0xae /home/student/nseiger/CS385/EFI/Sonoma_edk2/Build/AppPkg/DEBUG_GCC49/X64/MdePkg/Library/BaseMemoryLib/BaseMemoryLib/OUTPUT/BaseMemoryLib.lib(ZeroMemWrapper.obj)
                0x000000000000571c                ZeroMem
 .text.CopyMem  0x00000000000057ca       0xe6 /home/student/nseiger/CS385/EFI/Sonoma_edk2/Build/AppPkg/DEBUG_GCC49/X64/MdePkg/Library/BaseMemoryLib/BaseMemoryLib/OUTPUT/BaseMemoryLib.lib(CopyMemWrapper.obj)
                0x00000000000057ca                CopyMem
 .text.InternalMemSetMem16
                0x00000000000058b0       0x3b /home/student/nseiger/CS385/EFI/Sonoma_edk2/Build/AppPkg/DEBUG_GCC49/X64/MdePkg/Library/BaseMemoryLib/BaseMemoryLib/OUTPUT/BaseMemoryLib.lib(MemLibGeneric.obj)
                0x00000000000058b0                InternalMemSetMem16
 .text.InternalMemZeroMem
                0x00000000000058eb       0x2f /home/student/nseiger/CS385/EFI/Sonoma_edk2/Build/AppPkg/DEBUG_GCC49/X64/MdePkg/Library/BaseMemoryLib/BaseMemoryLib/OUTPUT/BaseMemoryLib.lib(MemLibGeneric.obj)
                0x00000000000058eb                InternalMemZeroMem
 .text.InternalMemScanMem8
                0x000000000000591a       0x48 /home/student/nseiger/CS385/EFI/Sonoma_edk2/Build/AppPkg/DEBUG_GCC49/X64/MdePkg/Library/BaseMemoryLib/BaseMemoryLib/OUTPUT/BaseMemoryLib.lib(MemLibGeneric.obj)
                0x000000000000591a                InternalMemScanMem8
 .text.CompareGuid
                0x0000000000005962       0x93 /home/student/nseiger/CS385/EFI/Sonoma_edk2/Build/AppPkg/DEBUG_GCC49/X64/MdePkg/Library/BaseMemoryLib/BaseMemoryLib/OUTPUT/BaseMemoryLib.lib(MemLibGuid.obj)
                0x0000000000005962                CompareGuid
 .text.InternalMemCopyMem
                0x00000000000059f5       0xb8 /home/student/nseiger/CS385/EFI/Sonoma_edk2/Build/AppPkg/DEBUG_GCC49/X64/MdePkg/Library/BaseMemoryLib/BaseMemoryLib/OUTPUT/BaseMemoryLib.lib(CopyMem.obj)
                0x00000000000059f5                InternalMemCopyMem
 .text.InternalMemSetMem
                0x0000000000005aad       0x49 /home/student/nseiger/CS385/EFI/Sonoma_edk2/Build/AppPkg/DEBUG_GCC49/X64/MdePkg/Library/BaseMemoryLib/BaseMemoryLib/OUTPUT/BaseMemoryLib.lib(SetMem.obj)
                0x0000000000005aad                InternalMemSetMem
 .text.DivU64x32Remainder
                0x0000000000005af6       0x6c /home/student/nseiger/CS385/EFI/Sonoma_edk2/Build/AppPkg/DEBUG_GCC49/X64/MdePkg/Library/BaseLib/BaseLib/OUTPUT/BaseLib.lib(DivU64x32Remainder.obj)
                0x0000000000005af6                DivU64x32Remainder
 .text.InternalBaseLibIsNodeInList
                0x0000000000005b62      0x287 /home/student/nseiger/CS385/EFI/Sonoma_edk2/Build/AppPkg/DEBUG_GCC49/X64/MdePkg/Library/BaseLib/BaseLib/OUTPUT/BaseLib.lib(LinkedList.obj)
                0x0000000000005b62                InternalBaseLibIsNodeInList
 .text.InsertTailList
                0x0000000000005de9       0xa2 /home/student/nseiger/CS385/EFI/Sonoma_edk2/Build/AppPkg/DEBUG_GCC49/X64/MdePkg/Library/BaseLib/BaseLib/OUTPUT/BaseLib.lib(LinkedList.obj)
                0x0000000000005de9                InsertTailList
 .text.GetFirstNode
                0x0000000000005e8b       0x68 /home/student/nseiger/CS385/EFI/Sonoma_edk2/Build/AppPkg/DEBUG_GCC49/X64/MdePkg/Library/BaseLib/BaseLib/OUTPUT/BaseLib.lib(LinkedList.obj)
                0x0000000000005e8b                GetFirstNode
 .text.GetNextNode
                0x0000000000005ef3       0x6f /home/student/nseiger/CS385/EFI/Sonoma_edk2/Build/AppPkg/DEBUG_GCC49/X64/MdePkg/Library/BaseLib/BaseLib/OUTPUT/BaseLib.lib(LinkedList.obj)
                0x0000000000005ef3                GetNextNode
 .text.IsListEmpty
                0x0000000000005f62       0x6f /home/student/nseiger/CS385/EFI/Sonoma_edk2/Build/AppPkg/DEBUG_GCC49/X64/MdePkg/Library/BaseLib/BaseLib/OUTPUT/BaseLib.lib(LinkedList.obj)
                0x0000000000005f62                IsListEmpty
 .text.RemoveEntryList
                0x0000000000005fd1       0x83 /home/student/nseiger/CS385/EFI/Sonoma_edk2/Build/AppPkg/DEBUG_GCC49/X64/MdePkg/Library/BaseLib/BaseLib/OUTPUT/BaseLib.lib(LinkedList.obj)
                0x0000000000005fd1                RemoveEntryList
 .text.StrLen   0x0000000000006054      0x108 /home/student/nseiger/CS385/EFI/Sonoma_edk2/Build/AppPkg/DEBUG_GCC49/X64/MdePkg/Library/BaseLib/BaseLib/OUTPUT/BaseLib.lib(String.obj)
                0x0000000000006054                StrLen
 .text.StrSize  0x000000000000615c       0x25 /home/student/nseiger/CS385/EFI/Sonoma_edk2/Build/AppPkg/DEBUG_GCC49/X64/MdePkg/Library/BaseLib/BaseLib/OUTPUT/BaseLib.lib(String.obj)
                0x000000000000615c                StrSize
 .text.StrnCmp  0x0000000000006181      0x168 /home/student/nseiger/CS385/EFI/Sonoma_edk2/Build/AppPkg/DEBUG_GCC49/X64/MdePkg/Library/BaseLib/BaseLib/OUTPUT/BaseLib.lib(String.obj)
                0x0000000000006181                StrnCmp
 .text.UnicodeStrToAsciiStr
                0x00000000000062e9      0x221 /home/student/nseiger/CS385/EFI/Sonoma_edk2/Build/AppPkg/DEBUG_GCC49/X64/MdePkg/Library/BaseLib/BaseLib/OUTPUT/BaseLib.lib(String.obj)
                0x00000000000062e9                UnicodeStrToAsciiStr
 .text.AsciiStrnCpy
                0x000000000000650a      0x1c1 /home/student/nseiger/CS385/EFI/Sonoma_edk2/Build/AppPkg/DEBUG_GCC49/X64/MdePkg/Library/BaseLib/BaseLib/OUTPUT/BaseLib.lib(String.obj)
                0x000000000000650a                AsciiStrnCpy
 .text.AsciiStrLen
                0x00000000000066cb       0xc6 /home/student/nseiger/CS385/EFI/Sonoma_edk2/Build/AppPkg/DEBUG_GCC49/X64/MdePkg/Library/BaseLib/BaseLib/OUTPUT/BaseLib.lib(String.obj)
                0x00000000000066cb                AsciiStrLen
 .text.AsciiStrSize
                0x0000000000006791       0x22 /home/student/nseiger/CS385/EFI/Sonoma_edk2/Build/AppPkg/DEBUG_GCC49/X64/MdePkg/Library/BaseLib/BaseLib/OUTPUT/BaseLib.lib(String.obj)
                0x0000000000006791                AsciiStrSize
 .text.AsciiStrCmp
                0x00000000000067b3       0xec /home/student/nseiger/CS385/EFI/Sonoma_edk2/Build/AppPkg/DEBUG_GCC49/X64/MdePkg/Library/BaseLib/BaseLib/OUTPUT/BaseLib.lib(String.obj)
                0x00000000000067b3                AsciiStrCmp
 .text.AsciiStrToUnicodeStr
                0x000000000000689f      0x1e8 /home/student/nseiger/CS385/EFI/Sonoma_edk2/Build/AppPkg/DEBUG_GCC49/X64/MdePkg/Library/BaseLib/BaseLib/OUTPUT/BaseLib.lib(String.obj)
                0x000000000000689f                AsciiStrToUnicodeStr
 .text.InternalMathDivRemU64x32
                0x0000000000006a87       0x41 /home/student/nseiger/CS385/EFI/Sonoma_edk2/Build/AppPkg/DEBUG_GCC49/X64/MdePkg/Library/BaseLib/BaseLib/OUTPUT/BaseLib.lib(Math64.obj)
                0x0000000000006a87                InternalMathDivRemU64x32
 .text.ReadUnaligned16
                0x0000000000006ac8       0x51 /home/student/nseiger/CS385/EFI/Sonoma_edk2/Build/AppPkg/DEBUG_GCC49/X64/MdePkg/Library/BaseLib/BaseLib/OUTPUT/BaseLib.lib(Unaligned.obj)
                0x0000000000006ac8                ReadUnaligned16
 .text.ReadUnaligned32
                0x0000000000006b19       0x50 /home/student/nseiger/CS385/EFI/Sonoma_edk2/Build/AppPkg/DEBUG_GCC49/X64/MdePkg/Library/BaseLib/BaseLib/OUTPUT/BaseLib.lib(Unaligned.obj)
                0x0000000000006b19                ReadUnaligned32
 .text.ReadUnaligned64
                0x0000000000006b69       0x51 /home/student/nseiger/CS385/EFI/Sonoma_edk2/Build/AppPkg/DEBUG_GCC49/X64/MdePkg/Library/BaseLib/BaseLib/OUTPUT/BaseLib.lib(Unaligned.obj)
                0x0000000000006b69                ReadUnaligned64
 .text          0x0000000000006bba       0x8f /home/student/nseiger/CS385/EFI/Sonoma_edk2/Build/AppPkg/DEBUG_GCC49/X64/MdePkg/Library/BaseLib/BaseLib/OUTPUT/BaseLib.lib(SetJump.obj)
                0x0000000000006bba                SetJump
 .text.InternalAssertJumpBuffer
                0x0000000000006c49       0x8c /home/student/nseiger/CS385/EFI/Sonoma_edk2/Build/AppPkg/DEBUG_GCC49/X64/MdePkg/Library/BaseLib/BaseLib/OUTPUT/BaseLib.lib(SetJump.obj)
                0x0000000000006c49                InternalAssertJumpBuffer
 .text.ValidateFD
                0x0000000000006cd5       0x8f /home/student/nseiger/CS385/EFI/Sonoma_edk2/Build/AppPkg/DEBUG_GCC49/X64/StdLib/LibC/Uefi/Uefi/OUTPUT/LibUefi.lib(SysCalls.obj)
                0x0000000000006cd5                ValidateFD
 .text.FindFreeFD
                0x0000000000006d64       0x8a /home/student/nseiger/CS385/EFI/Sonoma_edk2/Build/AppPkg/DEBUG_GCC49/X64/StdLib/LibC/Uefi/Uefi/OUTPUT/LibUefi.lib(SysCalls.obj)
                0x0000000000006d64                FindFreeFD
 .text.isatty   0x0000000000006dee       0x81 /home/student/nseiger/CS385/EFI/Sonoma_edk2/Build/AppPkg/DEBUG_GCC49/X64/StdLib/LibC/Uefi/Uefi/OUTPUT/LibUefi.lib(SysCalls.obj)
                0x0000000000006dee                isatty
 .text.IsDupFd  0x0000000000006e6f      0x136 /home/student/nseiger/CS385/EFI/Sonoma_edk2/Build/AppPkg/DEBUG_GCC49/X64/StdLib/LibC/Uefi/Uefi/OUTPUT/LibUefi.lib(SysCalls.obj)
 .text._closeX  0x0000000000006fa5      0x127 /home/student/nseiger/CS385/EFI/Sonoma_edk2/Build/AppPkg/DEBUG_GCC49/X64/StdLib/LibC/Uefi/Uefi/OUTPUT/LibUefi.lib(SysCalls.obj)
 .text.close    0x00000000000070cc       0x23 /home/student/nseiger/CS385/EFI/Sonoma_edk2/Build/AppPkg/DEBUG_GCC49/X64/StdLib/LibC/Uefi/Uefi/OUTPUT/LibUefi.lib(SysCalls.obj)
                0x00000000000070cc                close
 .text.lseek    0x00000000000070ef       0xe9 /home/student/nseiger/CS385/EFI/Sonoma_edk2/Build/AppPkg/DEBUG_GCC49/X64/StdLib/LibC/Uefi/Uefi/OUTPUT/LibUefi.lib(SysCalls.obj)
                0x00000000000070ef                lseek
 .text.open     0x00000000000071d8      0x255 /home/student/nseiger/CS385/EFI/Sonoma_edk2/Build/AppPkg/DEBUG_GCC49/X64/StdLib/LibC/Uefi/Uefi/OUTPUT/LibUefi.lib(SysCalls.obj)
                0x00000000000071d8                open
 .text.fstat    0x000000000000742d       0x95 /home/student/nseiger/CS385/EFI/Sonoma_edk2/Build/AppPkg/DEBUG_GCC49/X64/StdLib/LibC/Uefi/Uefi/OUTPUT/LibUefi.lib(SysCalls.obj)
                0x000000000000742d                fstat
 .text.read     0x00000000000074c2      0x10a /home/student/nseiger/CS385/EFI/Sonoma_edk2/Build/AppPkg/DEBUG_GCC49/X64/StdLib/LibC/Uefi/Uefi/OUTPUT/LibUefi.lib(SysCalls.obj)
                0x00000000000074c2                read
 .text.write    0x00000000000075cc      0x12b /home/student/nseiger/CS385/EFI/Sonoma_edk2/Build/AppPkg/DEBUG_GCC49/X64/StdLib/LibC/Uefi/Uefi/OUTPUT/LibUefi.lib(SysCalls.obj)
                0x00000000000075cc                write
 .text.timesub  0x00000000000076f7      0x51c /home/student/nseiger/CS385/EFI/Sonoma_edk2/Build/AppPkg/DEBUG_GCC49/X64/StdLib/LibC/Time/Time/OUTPUT/LibTime.lib(Time.obj)
 .text.increment_overflow
                0x0000000000007c13       0x42 /home/student/nseiger/CS385/EFI/Sonoma_edk2/Build/AppPkg/DEBUG_GCC49/X64/StdLib/LibC/Time/Time/OUTPUT/LibTime.lib(Time.obj)
 .text.normalize_overflow
                0x0000000000007c55       0x6a /home/student/nseiger/CS385/EFI/Sonoma_edk2/Build/AppPkg/DEBUG_GCC49/X64/StdLib/LibC/Time/Time/OUTPUT/LibTime.lib(Time.obj)
 .text.tmcomp   0x0000000000007cbf       0x98 /home/student/nseiger/CS385/EFI/Sonoma_edk2/Build/AppPkg/DEBUG_GCC49/X64/StdLib/LibC/Time/Time/OUTPUT/LibTime.lib(Time.obj)
 .text.time2sub
                0x0000000000007d57      0x6e6 /home/student/nseiger/CS385/EFI/Sonoma_edk2/Build/AppPkg/DEBUG_GCC49/X64/StdLib/LibC/Time/Time/OUTPUT/LibTime.lib(Time.obj)
 .text.time2    0x000000000000843d       0x76 /home/student/nseiger/CS385/EFI/Sonoma_edk2/Build/AppPkg/DEBUG_GCC49/X64/StdLib/LibC/Time/Time/OUTPUT/LibTime.lib(Time.obj)
                0x000000000000843d                time2
 .text.time1    0x00000000000084b3      0x34a /home/student/nseiger/CS385/EFI/Sonoma_edk2/Build/AppPkg/DEBUG_GCC49/X64/StdLib/LibC/Time/Time/OUTPUT/LibTime.lib(Time.obj)
 .text.mktime   0x00000000000087fd       0x42 /home/student/nseiger/CS385/EFI/Sonoma_edk2/Build/AppPkg/DEBUG_GCC49/X64/StdLib/LibC/Time/Time/OUTPUT/LibTime.lib(Time.obj)
                0x00000000000087fd                mktime
 .text.time     0x000000000000883f       0xd5 /home/student/nseiger/CS385/EFI/Sonoma_edk2/Build/AppPkg/DEBUG_GCC49/X64/StdLib/LibC/Time/Time/OUTPUT/LibTime.lib(Time.obj)
                0x000000000000883f                time
 .text.gmtsub   0x0000000000008914       0xae /home/student/nseiger/CS385/EFI/Sonoma_edk2/Build/AppPkg/DEBUG_GCC49/X64/StdLib/LibC/Time/Time/OUTPUT/LibTime.lib(Time.obj)
                0x0000000000008914                gmtsub
 .text.localsub
                0x00000000000089c2      0x163 /home/student/nseiger/CS385/EFI/Sonoma_edk2/Build/AppPkg/DEBUG_GCC49/X64/StdLib/LibC/Time/Time/OUTPUT/LibTime.lib(Time.obj)
 .text.settzname
                0x0000000000008b25      0x1ae /home/student/nseiger/CS385/EFI/Sonoma_edk2/Build/AppPkg/DEBUG_GCC49/X64/StdLib/LibC/Time/Time/OUTPUT/LibTime.lib(ZoneProc.obj)
 .text.getzname
                0x0000000000008cd3       0x32 /home/student/nseiger/CS385/EFI/Sonoma_edk2/Build/AppPkg/DEBUG_GCC49/X64/StdLib/LibC/Time/Time/OUTPUT/LibTime.lib(ZoneProc.obj)
 .text.getnum   0x0000000000008d05       0x89 /home/student/nseiger/CS385/EFI/Sonoma_edk2/Build/AppPkg/DEBUG_GCC49/X64/StdLib/LibC/Time/Time/OUTPUT/LibTime.lib(ZoneProc.obj)
 .text.getsecs  0x0000000000008d8e       0xe8 /home/student/nseiger/CS385/EFI/Sonoma_edk2/Build/AppPkg/DEBUG_GCC49/X64/StdLib/LibC/Time/Time/OUTPUT/LibTime.lib(ZoneProc.obj)
 .text.getoffset
                0x0000000000008e76       0x71 /home/student/nseiger/CS385/EFI/Sonoma_edk2/Build/AppPkg/DEBUG_GCC49/X64/StdLib/LibC/Time/Time/OUTPUT/LibTime.lib(ZoneProc.obj)
 .text.getrule  0x0000000000008ee7      0x1cd /home/student/nseiger/CS385/EFI/Sonoma_edk2/Build/AppPkg/DEBUG_GCC49/X64/StdLib/LibC/Time/Time/OUTPUT/LibTime.lib(ZoneProc.obj)
 .text.tzload   0x00000000000090b4        0xb /home/student/nseiger/CS385/EFI/Sonoma_edk2/Build/AppPkg/DEBUG_GCC49/X64/StdLib/LibC/Time/Time/OUTPUT/LibTime.lib(ZoneProc.obj)
 .text.transtime
                0x00000000000090bf      0x2d8 /home/student/nseiger/CS385/EFI/Sonoma_edk2/Build/AppPkg/DEBUG_GCC49/X64/StdLib/LibC/Time/Time/OUTPUT/LibTime.lib(ZoneProc.obj)
 .text.tzparse  0x0000000000009397      0x8ab /home/student/nseiger/CS385/EFI/Sonoma_edk2/Build/AppPkg/DEBUG_GCC49/X64/StdLib/LibC/Time/Time/OUTPUT/LibTime.lib(ZoneProc.obj)
 .text.gmtload  0x0000000000009c42       0x52 /home/student/nseiger/CS385/EFI/Sonoma_edk2/Build/AppPkg/DEBUG_GCC49/X64/StdLib/LibC/Time/Time/OUTPUT/LibTime.lib(ZoneProc.obj)
                0x0000000000009c42                gmtload
 .text.tzsetwall
                0x0000000000009c94       0xcd /home/student/nseiger/CS385/EFI/Sonoma_edk2/Build/AppPkg/DEBUG_GCC49/X64/StdLib/LibC/Time/Time/OUTPUT/LibTime.lib(ZoneProc.obj)
 .text.tzset    0x0000000000009d61      0x256 /home/student/nseiger/CS385/EFI/Sonoma_edk2/Build/AppPkg/DEBUG_GCC49/X64/StdLib/LibC/Time/Time/OUTPUT/LibTime.lib(ZoneProc.obj)
                0x0000000000009d61                tzset
 .text.Efi2Tm   0x0000000000009fb7       0xc3 /home/student/nseiger/CS385/EFI/Sonoma_edk2/Build/AppPkg/DEBUG_GCC49/X64/StdLib/LibC/Time/Time/OUTPUT/LibTime.lib(TimeEfi.obj)
                0x0000000000009fb7                Efi2Tm
 .text.strerror_r
                0x000000000000a07a       0xc7 /home/student/nseiger/CS385/EFI/Sonoma_edk2/Build/AppPkg/DEBUG_GCC49/X64/StdLib/LibC/String/String/OUTPUT/LibString.lib(Misc.obj)
                0x000000000000a07a                strerror_r
 .text.strerror
                0x000000000000a141       0x4f /home/student/nseiger/CS385/EFI/Sonoma_edk2/Build/AppPkg/DEBUG_GCC49/X64/StdLib/LibC/String/String/OUTPUT/LibString.lib(Misc.obj)
                0x000000000000a141                strerror
 .text.strlen   0x000000000000a190       0x29 /home/student/nseiger/CS385/EFI/Sonoma_edk2/Build/AppPkg/DEBUG_GCC49/X64/StdLib/LibC/String/String/OUTPUT/LibString.lib(Misc.obj)
                0x000000000000a190                strlen
 .text.memcpy   0x000000000000a1b9       0x3c /home/student/nseiger/CS385/EFI/Sonoma_edk2/Build/AppPkg/DEBUG_GCC49/X64/StdLib/LibC/String/String/OUTPUT/LibString.lib(Copying.obj)
                0x000000000000a1b9                memcpy
 .text.strncpy  0x000000000000a1f5       0x3c /home/student/nseiger/CS385/EFI/Sonoma_edk2/Build/AppPkg/DEBUG_GCC49/X64/StdLib/LibC/String/String/OUTPUT/LibString.lib(Copying.obj)
                0x000000000000a1f5                strncpy
 .text.strncpyX
                0x000000000000a231       0x77 /home/student/nseiger/CS385/EFI/Sonoma_edk2/Build/AppPkg/DEBUG_GCC49/X64/StdLib/LibC/String/String/OUTPUT/LibString.lib(Copying.obj)
                0x000000000000a231                strncpyX
 .text.strdup   0x000000000000a2a8       0x70 /home/student/nseiger/CS385/EFI/Sonoma_edk2/Build/AppPkg/DEBUG_GCC49/X64/StdLib/LibC/String/String/OUTPUT/LibString.lib(Copying.obj)
                0x000000000000a2a8                strdup
 .text.strcmp   0x000000000000a318       0x31 /home/student/nseiger/CS385/EFI/Sonoma_edk2/Build/AppPkg/DEBUG_GCC49/X64/StdLib/LibC/String/String/OUTPUT/LibString.lib(Comparison.obj)
                0x000000000000a318                strcmp
 .text.abort    0x000000000000a349       0x81 /home/student/nseiger/CS385/EFI/Sonoma_edk2/Build/AppPkg/DEBUG_GCC49/X64/StdLib/LibC/StdLib/StdLib/OUTPUT/LibStdLib.lib(Environs.obj)
                0x000000000000a349                abort
 .text.exit     0x000000000000a3ca       0x30 /home/student/nseiger/CS385/EFI/Sonoma_edk2/Build/AppPkg/DEBUG_GCC49/X64/StdLib/LibC/StdLib/StdLib/OUTPUT/LibStdLib.lib(Environs.obj)
                0x000000000000a3ca                exit
 .text._Exit    0x000000000000a3fa       0x48 /home/student/nseiger/CS385/EFI/Sonoma_edk2/Build/AppPkg/DEBUG_GCC49/X64/StdLib/LibC/StdLib/StdLib/OUTPUT/LibStdLib.lib(Environs.obj)
                0x000000000000a3fa                _Exit
 .text.getenv   0x000000000000a442       0xb1 /home/student/nseiger/CS385/EFI/Sonoma_edk2/Build/AppPkg/DEBUG_GCC49/X64/StdLib/LibC/StdLib/StdLib/OUTPUT/LibStdLib.lib(Environs.obj)
                0x000000000000a442                getenv
 .text.malloc   0x000000000000a4f3      0x2a1 /home/student/nseiger/CS385/EFI/Sonoma_edk2/Build/AppPkg/DEBUG_GCC49/X64/StdLib/LibC/StdLib/StdLib/OUTPUT/LibStdLib.lib(Malloc.obj)
                0x000000000000a4f3                malloc
 .text.calloc   0x000000000000a794       0xdc /home/student/nseiger/CS385/EFI/Sonoma_edk2/Build/AppPkg/DEBUG_GCC49/X64/StdLib/LibC/StdLib/StdLib/OUTPUT/LibStdLib.lib(Malloc.obj)
                0x000000000000a794                calloc
 .text.free     0x000000000000a870      0x1ec /home/student/nseiger/CS385/EFI/Sonoma_edk2/Build/AppPkg/DEBUG_GCC49/X64/StdLib/LibC/StdLib/StdLib/OUTPUT/LibStdLib.lib(Malloc.obj)
                0x000000000000a870                free
 .text.realloc  0x000000000000aa5c      0x252 /home/student/nseiger/CS385/EFI/Sonoma_edk2/Build/AppPkg/DEBUG_GCC49/X64/StdLib/LibC/StdLib/StdLib/OUTPUT/LibStdLib.lib(Malloc.obj)
                0x000000000000aa5c                realloc
 .text.ProcessOneByte
                0x000000000000acae      0x403 /home/student/nseiger/CS385/EFI/Sonoma_edk2/Build/AppPkg/DEBUG_GCC49/X64/StdLib/LibC/Locale/Locale/OUTPUT/LibLocale.lib(multibyte_Utf8.obj)
 .text.DecodeOneStateful
                0x000000000000b0b1       0xe4 /home/student/nseiger/CS385/EFI/Sonoma_edk2/Build/AppPkg/DEBUG_GCC49/X64/StdLib/LibC/Locale/Locale/OUTPUT/LibLocale.lib(multibyte_Utf8.obj)
                0x000000000000b0b1                DecodeOneStateful
 .text.OneWcToMcLen
                0x000000000000b195       0x6a /home/student/nseiger/CS385/EFI/Sonoma_edk2/Build/AppPkg/DEBUG_GCC49/X64/StdLib/LibC/Locale/Locale/OUTPUT/LibLocale.lib(multibyte_Utf8.obj)
                0x000000000000b195                OneWcToMcLen
 .text.EstimateWtoM
                0x000000000000b1ff       0xa1 /home/student/nseiger/CS385/EFI/Sonoma_edk2/Build/AppPkg/DEBUG_GCC49/X64/StdLib/LibC/Locale/Locale/OUTPUT/LibLocale.lib(multibyte_Utf8.obj)
                0x000000000000b1ff                EstimateWtoM
 .text.CountMbcsChars
                0x000000000000b2a0       0x39 /home/student/nseiger/CS385/EFI/Sonoma_edk2/Build/AppPkg/DEBUG_GCC49/X64/StdLib/LibC/Locale/Locale/OUTPUT/LibLocale.lib(multibyte_Utf8.obj)
                0x000000000000b2a0                CountMbcsChars
 .text.EncodeUtf8
                0x000000000000b2d9      0x139 /home/student/nseiger/CS385/EFI/Sonoma_edk2/Build/AppPkg/DEBUG_GCC49/X64/StdLib/LibC/Locale/Locale/OUTPUT/LibLocale.lib(multibyte_Utf8.obj)
                0x000000000000b2d9                EncodeUtf8
 .text.mbrtowc  0x000000000000b412       0x41 /home/student/nseiger/CS385/EFI/Sonoma_edk2/Build/AppPkg/DEBUG_GCC49/X64/StdLib/LibC/Locale/Locale/OUTPUT/LibLocale.lib(multibyte_Utf8.obj)
                0x000000000000b412                mbrtowc
 .text.wcrtomb  0x000000000000b453       0x81 /home/student/nseiger/CS385/EFI/Sonoma_edk2/Build/AppPkg/DEBUG_GCC49/X64/StdLib/LibC/Locale/Locale/OUTPUT/LibLocale.lib(multibyte_Utf8.obj)
                0x000000000000b453                wcrtomb
 .text.wcsrtombs
                0x000000000000b4d4      0x14f /home/student/nseiger/CS385/EFI/Sonoma_edk2/Build/AppPkg/DEBUG_GCC49/X64/StdLib/LibC/Locale/Locale/OUTPUT/LibLocale.lib(multibyte_Utf8.obj)
                0x000000000000b4d4                wcsrtombs
 .text.wcstombs
                0x000000000000b623       0x36 /home/student/nseiger/CS385/EFI/Sonoma_edk2/Build/AppPkg/DEBUG_GCC49/X64/StdLib/LibC/Locale/Locale/OUTPUT/LibLocale.lib(multibyte_Utf8.obj)
                0x000000000000b623                wcstombs
 .text.puts     0x000000000000b659       0xab /home/student/nseiger/CS385/EFI/Sonoma_edk2/Build/AppPkg/DEBUG_GCC49/X64/StdLib/LibC/Stdio/Stdio/OUTPUT/LibStdio.lib(puts.obj)
                0x000000000000b659                puts
 .text._cleanup
                0x000000000000b704       0x18 /home/student/nseiger/CS385/EFI/Sonoma_edk2/Build/AppPkg/DEBUG_GCC49/X64/StdLib/LibC/Stdio/Stdio/OUTPUT/LibStdio.lib(findfp.obj)
                0x000000000000b704                _cleanup
 .text.__sinit  0x000000000000b71c       0x9d /home/student/nseiger/CS385/EFI/Sonoma_edk2/Build/AppPkg/DEBUG_GCC49/X64/StdLib/LibC/Stdio/Stdio/OUTPUT/LibStdio.lib(findfp.obj)
                0x000000000000b71c                __sinit
 .text.__sfvwrite
                0x000000000000b7b9      0x6ad /home/student/nseiger/CS385/EFI/Sonoma_edk2/Build/AppPkg/DEBUG_GCC49/X64/StdLib/LibC/Stdio/Stdio/OUTPUT/LibStdio.lib(fvwrite.obj)
                0x000000000000b7b9                __sfvwrite
 .text.__sread  0x000000000000be66       0xa0 /home/student/nseiger/CS385/EFI/Sonoma_edk2/Build/AppPkg/DEBUG_GCC49/X64/StdLib/LibC/Stdio/Stdio/OUTPUT/LibStdio.lib(stdio.obj)
                0x000000000000be66                __sread
 .text.__swrite
                0x000000000000bf06       0xa9 /home/student/nseiger/CS385/EFI/Sonoma_edk2/Build/AppPkg/DEBUG_GCC49/X64/StdLib/LibC/Stdio/Stdio/OUTPUT/LibStdio.lib(stdio.obj)
                0x000000000000bf06                __swrite
 .text.__sseek  0x000000000000bfaf       0xa8 /home/student/nseiger/CS385/EFI/Sonoma_edk2/Build/AppPkg/DEBUG_GCC49/X64/StdLib/LibC/Stdio/Stdio/OUTPUT/LibStdio.lib(stdio.obj)
                0x000000000000bfaf                __sseek
 .text.__sclose
                0x000000000000c057       0x43 /home/student/nseiger/CS385/EFI/Sonoma_edk2/Build/AppPkg/DEBUG_GCC49/X64/StdLib/LibC/Stdio/Stdio/OUTPUT/LibStdio.lib(stdio.obj)
                0x000000000000c057                __sclose
 .text.__swsetup
                0x000000000000c09a      0x1a5 /home/student/nseiger/CS385/EFI/Sonoma_edk2/Build/AppPkg/DEBUG_GCC49/X64/StdLib/LibC/Stdio/Stdio/OUTPUT/LibStdio.lib(wsetup.obj)
                0x000000000000c09a                __swsetup
 .text.fflush   0x000000000000c23f       0x77 /home/student/nseiger/CS385/EFI/Sonoma_edk2/Build/AppPkg/DEBUG_GCC49/X64/StdLib/LibC/Stdio/Stdio/OUTPUT/LibStdio.lib(fflush.obj)
                0x000000000000c23f                fflush
 .text.__sflush
                0x000000000000c2b6      0x116 /home/student/nseiger/CS385/EFI/Sonoma_edk2/Build/AppPkg/DEBUG_GCC49/X64/StdLib/LibC/Stdio/Stdio/OUTPUT/LibStdio.lib(fflush.obj)
                0x000000000000c2b6                __sflush
 .text.__sbprintf
                0x000000000000c3cc      0x152 /home/student/nseiger/CS385/EFI/Sonoma_edk2/Build/AppPkg/DEBUG_GCC49/X64/StdLib/LibC/Stdio/Stdio/OUTPUT/LibStdio.lib(vfprintf.obj)
 .text.__sprint
                0x000000000000c51e       0x83 /home/student/nseiger/CS385/EFI/Sonoma_edk2/Build/AppPkg/DEBUG_GCC49/X64/StdLib/LibC/Stdio/Stdio/OUTPUT/LibStdio.lib(vfprintf.obj)
 .text.__ultoa  0x000000000000c5a1      0x23a /home/student/nseiger/CS385/EFI/Sonoma_edk2/Build/AppPkg/DEBUG_GCC49/X64/StdLib/LibC/Stdio/Stdio/OUTPUT/LibStdio.lib(vfprintf.obj)
 .text.__ujtoa  0x000000000000c7db       0x5f /home/student/nseiger/CS385/EFI/Sonoma_edk2/Build/AppPkg/DEBUG_GCC49/X64/StdLib/LibC/Stdio/Stdio/OUTPUT/LibStdio.lib(vfprintf.obj)
 .text.__wcsconv
                0x000000000000c83a      0x1a8 /home/student/nseiger/CS385/EFI/Sonoma_edk2/Build/AppPkg/DEBUG_GCC49/X64/StdLib/LibC/Stdio/Stdio/OUTPUT/LibStdio.lib(vfprintf.obj)
 .text.vfprintf
                0x000000000000c9e2       0x58 /home/student/nseiger/CS385/EFI/Sonoma_edk2/Build/AppPkg/DEBUG_GCC49/X64/StdLib/LibC/Stdio/Stdio/OUTPUT/LibStdio.lib(vfprintf.obj)
                0x000000000000c9e2                vfprintf
 .text.__vfprintf_unlocked
                0x000000000000ca3a     0x479f /home/student/nseiger/CS385/EFI/Sonoma_edk2/Build/AppPkg/DEBUG_GCC49/X64/StdLib/LibC/Stdio/Stdio/OUTPUT/LibStdio.lib(vfprintf.obj)
                0x000000000000ca3a                __vfprintf_unlocked
 .text.__find_arguments
                0x00000000000111d9     0x1ce5 /home/student/nseiger/CS385/EFI/Sonoma_edk2/Build/AppPkg/DEBUG_GCC49/X64/StdLib/LibC/Stdio/Stdio/OUTPUT/LibStdio.lib(vfprintf.obj)
 .text.__grow_type_table
                0x0000000000012ebe      0x130 /home/student/nseiger/CS385/EFI/Sonoma_edk2/Build/AppPkg/DEBUG_GCC49/X64/StdLib/LibC/Stdio/Stdio/OUTPUT/LibStdio.lib(vfprintf.obj)
 .text.cvt      0x0000000000012fee      0x178 /home/student/nseiger/CS385/EFI/Sonoma_edk2/Build/AppPkg/DEBUG_GCC49/X64/StdLib/LibC/Stdio/Stdio/OUTPUT/LibStdio.lib(vfprintf.obj)
 .text.exponent
                0x0000000000013166      0x141 /home/student/nseiger/CS385/EFI/Sonoma_edk2/Build/AppPkg/DEBUG_GCC49/X64/StdLib/LibC/Stdio/Stdio/OUTPUT/LibStdio.lib(vfprintf.obj)
 .text._fwalk   0x00000000000132a7       0x81 /home/student/nseiger/CS385/EFI/Sonoma_edk2/Build/AppPkg/DEBUG_GCC49/X64/StdLib/LibC/Stdio/Stdio/OUTPUT/LibStdio.lib(fwalk.obj)
                0x00000000000132a7                _fwalk
 .text.__smakebuf
                0x0000000000013328      0x16c /home/student/nseiger/CS385/EFI/Sonoma_edk2/Build/AppPkg/DEBUG_GCC49/X64/StdLib/LibC/Stdio/Stdio/OUTPUT/LibStdio.lib(makebuf.obj)
                0x0000000000013328                __smakebuf
 .text.__swhatbuf
                0x0000000000013494       0xf5 /home/student/nseiger/CS385/EFI/Sonoma_edk2/Build/AppPkg/DEBUG_GCC49/X64/StdLib/LibC/Stdio/Stdio/OUTPUT/LibStdio.lib(makebuf.obj)
                0x0000000000013494                __swhatbuf
 .text.__assert
                0x0000000000013589       0x87 /home/student/nseiger/CS385/EFI/Sonoma_edk2/Build/AppPkg/DEBUG_GCC49/X64/StdLib/LibC/LibC/OUTPUT/LibC.lib(assert.obj)
                0x0000000000013589                __assert
 .text.__isinfd
                0x0000000000013610       0x46 /home/student/nseiger/CS385/EFI/Sonoma_edk2/Build/AppPkg/DEBUG_GCC49/X64/StdLib/LibC/LibC/OUTPUT/LibC.lib(isinfd_ieee754.obj)
                0x0000000000013610                __isinfd
 .text.__isnand
                0x0000000000013656       0x46 /home/student/nseiger/CS385/EFI/Sonoma_edk2/Build/AppPkg/DEBUG_GCC49/X64/StdLib/LibC/LibC/OUTPUT/LibC.lib(isnand_ieee754.obj)
                0x0000000000013656                __isnand
 .text.longjmp  0x000000000001369c       0x3f /home/student/nseiger/CS385/EFI/Sonoma_edk2/Build/AppPkg/DEBUG_GCC49/X64/StdLib/LibC/LibC/OUTPUT/LibC.lib(longjmp.obj)
                0x000000000001369c                longjmp
 .text.IIO_Read
                0x00000000000136db      0x245 /home/student/nseiger/CS385/EFI/Sonoma_edk2/Build/AppPkg/DEBUG_GCC49/X64/StdLib/LibC/Uefi/InteractiveIO/IIO/OUTPUT/LibIIO.lib(IIO.obj)
 .text.IIO_Write
                0x0000000000013920      0x4c6 /home/student/nseiger/CS385/EFI/Sonoma_edk2/Build/AppPkg/DEBUG_GCC49/X64/StdLib/LibC/Uefi/InteractiveIO/IIO/OUTPUT/LibIIO.lib(IIO.obj)
 .text.IIO_Echo
                0x0000000000013de6      0x39c /home/student/nseiger/CS385/EFI/Sonoma_edk2/Build/AppPkg/DEBUG_GCC49/X64/StdLib/LibC/Uefi/InteractiveIO/IIO/OUTPUT/LibIIO.lib(IIO.obj)
 .text.FifoDelete
                0x0000000000014182       0x2f /home/student/nseiger/CS385/EFI/Sonoma_edk2/Build/AppPkg/DEBUG_GCC49/X64/StdLib/LibC/Uefi/InteractiveIO/IIO/OUTPUT/LibIIO.lib(IIO.obj)
 .text.IIO_Delete
                0x00000000000141b1      0x103 /home/student/nseiger/CS385/EFI/Sonoma_edk2/Build/AppPkg/DEBUG_GCC49/X64/StdLib/LibC/Uefi/InteractiveIO/IIO/OUTPUT/LibIIO.lib(IIO.obj)
 .text.New_cIIO
                0x00000000000142b4      0x1e3 /home/student/nseiger/CS385/EFI/Sonoma_edk2/Build/AppPkg/DEBUG_GCC49/X64/StdLib/LibC/Uefi/InteractiveIO/IIO/OUTPUT/LibIIO.lib(IIO.obj)
                0x00000000000142b4                New_cIIO
 .text.IIO_NonCanonRead
                0x0000000000014497       0xec /home/student/nseiger/CS385/EFI/Sonoma_edk2/Build/AppPkg/DEBUG_GCC49/X64/StdLib/LibC/Uefi/InteractiveIO/IIO/OUTPUT/LibIIO.lib(NonCanonRead.obj)
                0x0000000000014497                IIO_NonCanonRead
 .text.IIO_CanonRead
                0x0000000000014583      0x305 /home/student/nseiger/CS385/EFI/Sonoma_edk2/Build/AppPkg/DEBUG_GCC49/X64/StdLib/LibC/Uefi/InteractiveIO/IIO/OUTPUT/LibIIO.lib(CanonRead.obj)
                0x0000000000014583                IIO_CanonRead
 .text.IIO_GetDeviceProto
                0x0000000000014888      0x116 /home/student/nseiger/CS385/EFI/Sonoma_edk2/Build/AppPkg/DEBUG_GCC49/X64/StdLib/LibC/Uefi/InteractiveIO/IIO/OUTPUT/LibIIO.lib(IIOutilities.obj)
                0x0000000000014888                IIO_GetDeviceProto
 .text.IIO_GetInChar
                0x000000000001499e      0x103 /home/student/nseiger/CS385/EFI/Sonoma_edk2/Build/AppPkg/DEBUG_GCC49/X64/StdLib/LibC/Uefi/InteractiveIO/IIO/OUTPUT/LibIIO.lib(IIOutilities.obj)
                0x000000000001499e                IIO_GetInChar
 .text.IIO_GetCursorPosition
                0x0000000000014aa1       0xa4 /home/student/nseiger/CS385/EFI/Sonoma_edk2/Build/AppPkg/DEBUG_GCC49/X64/StdLib/LibC/Uefi/InteractiveIO/IIO/OUTPUT/LibIIO.lib(IIOutilities.obj)
                0x0000000000014aa1                IIO_GetCursorPosition
 .text.IIO_SetCursorPosition
                0x0000000000014b45       0xbc /home/student/nseiger/CS385/EFI/Sonoma_edk2/Build/AppPkg/DEBUG_GCC49/X64/StdLib/LibC/Uefi/InteractiveIO/IIO/OUTPUT/LibIIO.lib(IIOutilities.obj)
                0x0000000000014b45                IIO_SetCursorPosition
 .text.IIO_GetOutputSize
                0x0000000000014c01       0xf0 /home/student/nseiger/CS385/EFI/Sonoma_edk2/Build/AppPkg/DEBUG_GCC49/X64/StdLib/LibC/Uefi/InteractiveIO/IIO/OUTPUT/LibIIO.lib(IIOutilities.obj)
                0x0000000000014c01                IIO_GetOutputSize
 .text.IIO_CursorDelta
                0x0000000000014cf1      0x111 /home/student/nseiger/CS385/EFI/Sonoma_edk2/Build/AppPkg/DEBUG_GCC49/X64/StdLib/LibC/Uefi/InteractiveIO/IIO/OUTPUT/LibIIO.lib(IIOutilities.obj)
                0x0000000000014cf1                IIO_CursorDelta
 .text.IIO_WriteOne
                0x0000000000014e02      0x389 /home/student/nseiger/CS385/EFI/Sonoma_edk2/Build/AppPkg/DEBUG_GCC49/X64/StdLib/LibC/Uefi/InteractiveIO/IIO/OUTPUT/LibIIO.lib(IIOwrite.obj)
                0x0000000000014e02                IIO_WriteOne
 .text.IIO_EchoOne
                0x000000000001518b      0x356 /home/student/nseiger/CS385/EFI/Sonoma_edk2/Build/AppPkg/DEBUG_GCC49/X64/StdLib/LibC/Uefi/InteractiveIO/IIO/OUTPUT/LibIIO.lib(IIOecho.obj)
                0x000000000001518b                IIO_EchoOne
 .text.FileHandleGetInfo
                0x00000000000154e1       0xd8 /home/student/nseiger/CS385/EFI/Sonoma_edk2/Build/AppPkg/DEBUG_GCC49/X64/MdePkg/Library/UefiFileHandleLib/UefiFileHandleLib/OUTPUT/UefiFileHandleLib.lib(UefiFileHandleLib.obj)
                0x00000000000154e1                FileHandleGetInfo
 .text.FileHandleSetInfo
                0x00000000000155b9       0x55 /home/student/nseiger/CS385/EFI/Sonoma_edk2/Build/AppPkg/DEBUG_GCC49/X64/MdePkg/Library/UefiFileHandleLib/UefiFileHandleLib/OUTPUT/UefiFileHandleLib.lib(UefiFileHandleLib.obj)
                0x00000000000155b9                FileHandleSetInfo
 .text.FileHandleRead
                0x000000000001560e       0x42 /home/student/nseiger/CS385/EFI/Sonoma_edk2/Build/AppPkg/DEBUG_GCC49/X64/MdePkg/Library/UefiFileHandleLib/UefiFileHandleLib/OUTPUT/UefiFileHandleLib.lib(UefiFileHandleLib.obj)
                0x000000000001560e                FileHandleRead
 .text.FileHandleWrite
                0x0000000000015650       0x42 /home/student/nseiger/CS385/EFI/Sonoma_edk2/Build/AppPkg/DEBUG_GCC49/X64/MdePkg/Library/UefiFileHandleLib/UefiFileHandleLib/OUTPUT/UefiFileHandleLib.lib(UefiFileHandleLib.obj)
                0x0000000000015650                FileHandleWrite
 .text.FileHandleClose
                0x0000000000015692       0x37 /home/student/nseiger/CS385/EFI/Sonoma_edk2/Build/AppPkg/DEBUG_GCC49/X64/MdePkg/Library/UefiFileHandleLib/UefiFileHandleLib/OUTPUT/UefiFileHandleLib.lib(UefiFileHandleLib.obj)
                0x0000000000015692                FileHandleClose
 .text.FileHandleDelete
                0x00000000000156c9       0x37 /home/student/nseiger/CS385/EFI/Sonoma_edk2/Build/AppPkg/DEBUG_GCC49/X64/MdePkg/Library/UefiFileHandleLib/UefiFileHandleLib/OUTPUT/UefiFileHandleLib.lib(UefiFileHandleLib.obj)
                0x00000000000156c9                FileHandleDelete
 .text.FileHandleSetPosition
                0x0000000000015700       0x37 /home/student/nseiger/CS385/EFI/Sonoma_edk2/Build/AppPkg/DEBUG_GCC49/X64/MdePkg/Library/UefiFileHandleLib/UefiFileHandleLib/OUTPUT/UefiFileHandleLib.lib(UefiFileHandleLib.obj)
                0x0000000000015700                FileHandleSetPosition
 .text.FileHandleGetPosition
                0x0000000000015737       0x3e /home/student/nseiger/CS385/EFI/Sonoma_edk2/Build/AppPkg/DEBUG_GCC49/X64/MdePkg/Library/UefiFileHandleLib/UefiFileHandleLib/OUTPUT/UefiFileHandleLib.lib(UefiFileHandleLib.obj)
                0x0000000000015737                FileHandleGetPosition
 .text.FileHandleFlush
                0x0000000000015775       0x2f /home/student/nseiger/CS385/EFI/Sonoma_edk2/Build/AppPkg/DEBUG_GCC49/X64/MdePkg/Library/UefiFileHandleLib/UefiFileHandleLib/OUTPUT/UefiFileHandleLib.lib(UefiFileHandleLib.obj)
                0x0000000000015775                FileHandleFlush
 .text.FileHandleGetSize
                0x00000000000157a4       0x7a /home/student/nseiger/CS385/EFI/Sonoma_edk2/Build/AppPkg/DEBUG_GCC49/X64/MdePkg/Library/UefiFileHandleLib/UefiFileHandleLib/OUTPUT/UefiFileHandleLib.lib(UefiFileHandleLib.obj)
                0x00000000000157a4                FileHandleGetSize
 .text._defaultSignalHandler
                0x000000000001581e       0x31 /home/student/nseiger/CS385/EFI/Sonoma_edk2/Build/AppPkg/DEBUG_GCC49/X64/StdLib/LibC/Signal/Signal/OUTPUT/LibSignal.lib(Signal.obj)
 .text.raise    0x000000000001584f       0x71 /home/student/nseiger/CS385/EFI/Sonoma_edk2/Build/AppPkg/DEBUG_GCC49/X64/StdLib/LibC/Signal/Signal/OUTPUT/LibSignal.lib(Signal.obj)
                0x000000000001584f                raise
 .text.ClassifyPath
                0x00000000000158c0      0x17a /home/student/nseiger/CS385/EFI/Sonoma_edk2/Build/AppPkg/DEBUG_GCC49/X64/StdLib/LibC/Uefi/Devices/daUtility/OUTPUT/DevUtility.lib(Path.obj)
                0x00000000000158c0                ClassifyPath
 .text.NormalizePath
                0x0000000000015a3a       0xf2 /home/student/nseiger/CS385/EFI/Sonoma_edk2/Build/AppPkg/DEBUG_GCC49/X64/StdLib/LibC/Uefi/Devices/daUtility/OUTPUT/DevUtility.lib(Path.obj)
                0x0000000000015a3a                NormalizePath
 .text.PathInstance
                0x0000000000015b2c      0x13d /home/student/nseiger/CS385/EFI/Sonoma_edk2/Build/AppPkg/DEBUG_GCC49/X64/StdLib/LibC/Uefi/Devices/daUtility/OUTPUT/DevUtility.lib(Path.obj)
                0x0000000000015b2c                PathInstance
 .text.PathAdjust
                0x0000000000015c69       0xf1 /home/student/nseiger/CS385/EFI/Sonoma_edk2/Build/AppPkg/DEBUG_GCC49/X64/StdLib/LibC/Uefi/Devices/daUtility/OUTPUT/DevUtility.lib(Path.obj)
                0x0000000000015c69                PathAdjust
 .text.PathAlias
                0x0000000000015d5a      0x100 /home/student/nseiger/CS385/EFI/Sonoma_edk2/Build/AppPkg/DEBUG_GCC49/X64/StdLib/LibC/Uefi/Devices/daUtility/OUTPUT/DevUtility.lib(Path.obj)
                0x0000000000015d5a                PathAlias
 .text.ParsePath
                0x0000000000015e5a      0x47d /home/student/nseiger/CS385/EFI/Sonoma_edk2/Build/AppPkg/DEBUG_GCC49/X64/StdLib/LibC/Uefi/Devices/daUtility/OUTPUT/DevUtility.lib(Path.obj)
                0x0000000000015e5a                ParsePath
 .text.__DevSearch
                0x00000000000162d7      0x254 /home/student/nseiger/CS385/EFI/Sonoma_edk2/Build/AppPkg/DEBUG_GCC49/X64/StdLib/LibC/Uefi/Devices/daUtility/OUTPUT/DevUtility.lib(DevSearch.obj)
                0x00000000000162d7                __DevSearch
 .text.LongJump
                0x000000000001652b       0x76 /home/student/nseiger/CS385/EFI/Sonoma_edk2/Build/AppPkg/DEBUG_GCC49/X64/MdePkg/Library/BaseLib/BaseLib/OUTPUT/BaseLib.lib(LongJump.obj)
                0x000000000001652b                LongJump
 .text          0x00000000000165a1       0x7c /home/student/nseiger/CS385/EFI/Sonoma_edk2/Build/AppPkg/DEBUG_GCC49/X64/MdePkg/Library/BaseLib/BaseLib/OUTPUT/BaseLib.lib(LongJump.obj)
                0x00000000000165a1                InternalLongJump
 .text.memchr   0x000000000001661d       0x3d /home/student/nseiger/CS385/EFI/Sonoma_edk2/Build/AppPkg/DEBUG_GCC49/X64/StdLib/LibC/String/String/OUTPUT/LibString.lib(Searching.obj)
                0x000000000001661d                memchr
 .text.localeconv
                0x000000000001665a      0x32b /home/student/nseiger/CS385/EFI/Sonoma_edk2/Build/AppPkg/DEBUG_GCC49/X64/StdLib/LibC/Locale/Locale/OUTPUT/LibLocale.lib(localeconv.obj)
                0x000000000001665a                localeconv
 .text.__wctoint
                0x0000000000016985      0x1cd /home/student/nseiger/CS385/EFI/Sonoma_edk2/Build/AppPkg/DEBUG_GCC49/X64/StdLib/LibC/Locale/Locale/OUTPUT/LibLocale.lib(wcstol.obj)
 .text.wcstol   0x0000000000016b52      0x306 /home/student/nseiger/CS385/EFI/Sonoma_edk2/Build/AppPkg/DEBUG_GCC49/X64/StdLib/LibC/Locale/Locale/OUTPUT/LibLocale.lib(wcstol.obj)
                0x0000000000016b52                wcstol
 .text.iswdigit
                0x0000000000016e58       0x45 /home/student/nseiger/CS385/EFI/Sonoma_edk2/Build/AppPkg/DEBUG_GCC49/X64/StdLib/LibC/Locale/Locale/OUTPUT/LibLocale.lib(iswctype_sb.obj)
                0x0000000000016e58                iswdigit
 .text.iswspace
                0x0000000000016e9d       0x45 /home/student/nseiger/CS385/EFI/Sonoma_edk2/Build/AppPkg/DEBUG_GCC49/X64/StdLib/LibC/Locale/Locale/OUTPUT/LibLocale.lib(iswctype_sb.obj)
                0x0000000000016e9d                iswspace
 .text.__dtoa   0x0000000000016ee2     0x1964 /home/student/nseiger/CS385/EFI/Sonoma_edk2/Build/AppPkg/DEBUG_GCC49/X64/StdLib/LibC/gdtoa/gdtoa/OUTPUT/LibGdtoa.lib(dtoa.obj)
                0x0000000000016ee2                __dtoa
 .text.__rv_alloc_D2A
                0x0000000000018846       0x83 /home/student/nseiger/CS385/EFI/Sonoma_edk2/Build/AppPkg/DEBUG_GCC49/X64/StdLib/LibC/gdtoa/gdtoa/OUTPUT/LibGdtoa.lib(dmisc.obj)
                0x0000000000018846                __rv_alloc_D2A
 .text.__nrv_alloc_D2A
                0x00000000000188c9       0x7e /home/student/nseiger/CS385/EFI/Sonoma_edk2/Build/AppPkg/DEBUG_GCC49/X64/StdLib/LibC/gdtoa/gdtoa/OUTPUT/LibGdtoa.lib(dmisc.obj)
                0x00000000000188c9                __nrv_alloc_D2A
 .text.__freedtoa
                0x0000000000018947       0x76 /home/student/nseiger/CS385/EFI/Sonoma_edk2/Build/AppPkg/DEBUG_GCC49/X64/StdLib/LibC/gdtoa/gdtoa/OUTPUT/LibGdtoa.lib(dmisc.obj)
                0x0000000000018947                __freedtoa
 .text.__quorem_D2A
                0x00000000000189bd      0x27b /home/student/nseiger/CS385/EFI/Sonoma_edk2/Build/AppPkg/DEBUG_GCC49/X64/StdLib/LibC/gdtoa/gdtoa/OUTPUT/LibGdtoa.lib(dmisc.obj)
                0x00000000000189bd                __quorem_D2A
 .text.__Balloc_D2A
                0x0000000000018c38      0x13d /home/student/nseiger/CS385/EFI/Sonoma_edk2/Build/AppPkg/DEBUG_GCC49/X64/StdLib/LibC/gdtoa/gdtoa/OUTPUT/LibGdtoa.lib(misc.obj)
                0x0000000000018c38                __Balloc_D2A
 .text.__Bfree_D2A
                0x0000000000018d75       0x51 /home/student/nseiger/CS385/EFI/Sonoma_edk2/Build/AppPkg/DEBUG_GCC49/X64/StdLib/LibC/gdtoa/gdtoa/OUTPUT/LibGdtoa.lib(misc.obj)
                0x0000000000018d75                __Bfree_D2A
 .text.__lo0bits_D2A
                0x0000000000018dc6       0xe7 /home/student/nseiger/CS385/EFI/Sonoma_edk2/Build/AppPkg/DEBUG_GCC49/X64/StdLib/LibC/gdtoa/gdtoa/OUTPUT/LibGdtoa.lib(misc.obj)
                0x0000000000018dc6                __lo0bits_D2A
 .text.__multadd_D2A
                0x0000000000018ead      0x155 /home/student/nseiger/CS385/EFI/Sonoma_edk2/Build/AppPkg/DEBUG_GCC49/X64/StdLib/LibC/gdtoa/gdtoa/OUTPUT/LibGdtoa.lib(misc.obj)
                0x0000000000018ead                __multadd_D2A
 .text.__hi0bits_D2A
                0x0000000000019002       0x87 /home/student/nseiger/CS385/EFI/Sonoma_edk2/Build/AppPkg/DEBUG_GCC49/X64/StdLib/LibC/gdtoa/gdtoa/OUTPUT/LibGdtoa.lib(misc.obj)
                0x0000000000019002                __hi0bits_D2A
 .text.__i2b_D2A
                0x0000000000019089       0x49 /home/student/nseiger/CS385/EFI/Sonoma_edk2/Build/AppPkg/DEBUG_GCC49/X64/StdLib/LibC/gdtoa/gdtoa/OUTPUT/LibGdtoa.lib(misc.obj)
                0x0000000000019089                __i2b_D2A
 .text.__mult_D2A
                0x00000000000190d2      0x223 /home/student/nseiger/CS385/EFI/Sonoma_edk2/Build/AppPkg/DEBUG_GCC49/X64/StdLib/LibC/gdtoa/gdtoa/OUTPUT/LibGdtoa.lib(misc.obj)
                0x00000000000190d2                __mult_D2A
 .text.__pow5mult_D2A
                0x00000000000192f5      0x19e /home/student/nseiger/CS385/EFI/Sonoma_edk2/Build/AppPkg/DEBUG_GCC49/X64/StdLib/LibC/gdtoa/gdtoa/OUTPUT/LibGdtoa.lib(misc.obj)
                0x00000000000192f5                __pow5mult_D2A
 .text.__lshift_D2A
                0x0000000000019493      0x195 /home/student/nseiger/CS385/EFI/Sonoma_edk2/Build/AppPkg/DEBUG_GCC49/X64/StdLib/LibC/gdtoa/gdtoa/OUTPUT/LibGdtoa.lib(misc.obj)
                0x0000000000019493                __lshift_D2A
 .text.__cmp_D2A
                0x0000000000019628       0xcc /home/student/nseiger/CS385/EFI/Sonoma_edk2/Build/AppPkg/DEBUG_GCC49/X64/StdLib/LibC/gdtoa/gdtoa/OUTPUT/LibGdtoa.lib(misc.obj)
                0x0000000000019628                __cmp_D2A
 .text.__diff_D2A
                0x00000000000196f4      0x20d /home/student/nseiger/CS385/EFI/Sonoma_edk2/Build/AppPkg/DEBUG_GCC49/X64/StdLib/LibC/gdtoa/gdtoa/OUTPUT/LibGdtoa.lib(misc.obj)
                0x00000000000196f4                __diff_D2A
 .text.__d2b_D2A
                0x0000000000019901      0x1d8 /home/student/nseiger/CS385/EFI/Sonoma_edk2/Build/AppPkg/DEBUG_GCC49/X64/StdLib/LibC/gdtoa/gdtoa/OUTPUT/LibGdtoa.lib(misc.obj)
                0x0000000000019901                __d2b_D2A
 .text.printf   0x0000000000019ad9       0xbb /home/student/nseiger/CS385/EFI/Sonoma_edk2/Build/AppPkg/DEBUG_GCC49/X64/StdLib/LibC/Stdio/Stdio/OUTPUT/LibStdio.lib(printf.obj)
                0x0000000000019ad9                printf
 .text.FIFO_NumInQueue
                0x0000000000019b94       0x7d /home/student/nseiger/CS385/EFI/Sonoma_edk2/Build/AppPkg/DEBUG_GCC49/X64/StdLib/LibC/Containers/ContainerLib/OUTPUT/LibContainer.lib(Fifo.obj)
 .text.FIFO_FreeSpace
                0x0000000000019c11       0x75 /home/student/nseiger/CS385/EFI/Sonoma_edk2/Build/AppPkg/DEBUG_GCC49/X64/StdLib/LibC/Containers/ContainerLib/OUTPUT/LibContainer.lib(Fifo.obj)
 .text.FIFO_Reduce
                0x0000000000019c86       0xe2 /home/student/nseiger/CS385/EFI/Sonoma_edk2/Build/AppPkg/DEBUG_GCC49/X64/StdLib/LibC/Containers/ContainerLib/OUTPUT/LibContainer.lib(Fifo.obj)
 .text.FIFO_IsEmpty
                0x0000000000019d68       0xc9 /home/student/nseiger/CS385/EFI/Sonoma_edk2/Build/AppPkg/DEBUG_GCC49/X64/StdLib/LibC/Containers/ContainerLib/OUTPUT/LibContainer.lib(Fifo.obj)
 .text.FIFO_IsFull
                0x0000000000019e31       0xe2 /home/student/nseiger/CS385/EFI/Sonoma_edk2/Build/AppPkg/DEBUG_GCC49/X64/StdLib/LibC/Containers/ContainerLib/OUTPUT/LibContainer.lib(Fifo.obj)
 .text.FIFO_Enqueue
                0x0000000000019f13      0x24b /home/student/nseiger/CS385/EFI/Sonoma_edk2/Build/AppPkg/DEBUG_GCC49/X64/StdLib/LibC/Containers/ContainerLib/OUTPUT/LibContainer.lib(Fifo.obj)
 .text.FIFO_Dequeue
                0x000000000001a15e      0x240 /home/student/nseiger/CS385/EFI/Sonoma_edk2/Build/AppPkg/DEBUG_GCC49/X64/StdLib/LibC/Containers/ContainerLib/OUTPUT/LibContainer.lib(Fifo.obj)
 .text.FIFO_Read
                0x000000000001a39e       0x3a /home/student/nseiger/CS385/EFI/Sonoma_edk2/Build/AppPkg/DEBUG_GCC49/X64/StdLib/LibC/Containers/ContainerLib/OUTPUT/LibContainer.lib(Fifo.obj)
 .text.FIFO_Copy
                0x000000000001a3d8       0x3a /home/student/nseiger/CS385/EFI/Sonoma_edk2/Build/AppPkg/DEBUG_GCC49/X64/StdLib/LibC/Containers/ContainerLib/OUTPUT/LibContainer.lib(Fifo.obj)
 .text.FIFO_GetRDex
                0x000000000001a412       0xbd /home/student/nseiger/CS385/EFI/Sonoma_edk2/Build/AppPkg/DEBUG_GCC49/X64/StdLib/LibC/Containers/ContainerLib/OUTPUT/LibContainer.lib(Fifo.obj)
 .text.FIFO_GetWDex
                0x000000000001a4cf       0xbd /home/student/nseiger/CS385/EFI/Sonoma_edk2/Build/AppPkg/DEBUG_GCC49/X64/StdLib/LibC/Containers/ContainerLib/OUTPUT/LibContainer.lib(Fifo.obj)
 .text.FIFO_Delete
                0x000000000001a58c       0xf9 /home/student/nseiger/CS385/EFI/Sonoma_edk2/Build/AppPkg/DEBUG_GCC49/X64/StdLib/LibC/Containers/ContainerLib/OUTPUT/LibContainer.lib(Fifo.obj)
 .text.FIFO_Flush
                0x000000000001a685      0x12d /home/student/nseiger/CS385/EFI/Sonoma_edk2/Build/AppPkg/DEBUG_GCC49/X64/StdLib/LibC/Containers/ContainerLib/OUTPUT/LibContainer.lib(Fifo.obj)
 .text.FIFO_Truncate
                0x000000000001a7b2      0x112 /home/student/nseiger/CS385/EFI/Sonoma_edk2/Build/AppPkg/DEBUG_GCC49/X64/StdLib/LibC/Containers/ContainerLib/OUTPUT/LibContainer.lib(Fifo.obj)
 .text.New_cFIFO
                0x000000000001a8c4      0x1a5 /home/student/nseiger/CS385/EFI/Sonoma_edk2/Build/AppPkg/DEBUG_GCC49/X64/StdLib/LibC/Containers/ContainerLib/OUTPUT/LibContainer.lib(Fifo.obj)
                0x000000000001a8c4                New_cFIFO
 .text.ModuloIncrement
                0x000000000001aa69       0x3c /home/student/nseiger/CS385/EFI/Sonoma_edk2/Build/AppPkg/DEBUG_GCC49/X64/StdLib/LibC/Containers/ContainerLib/OUTPUT/LibContainer.lib(ModuloUtil.obj)
                0x000000000001aa69                ModuloIncrement
 .text.ModuloDecrement
                0x000000000001aaa5       0x3c /home/student/nseiger/CS385/EFI/Sonoma_edk2/Build/AppPkg/DEBUG_GCC49/X64/StdLib/LibC/Containers/ContainerLib/OUTPUT/LibContainer.lib(ModuloUtil.obj)
                0x000000000001aaa5                ModuloDecrement
 .text.ModuloAdd
                0x000000000001aae1       0x41 /home/student/nseiger/CS385/EFI/Sonoma_edk2/Build/AppPkg/DEBUG_GCC49/X64/StdLib/LibC/Containers/ContainerLib/OUTPUT/LibContainer.lib(ModuloUtil.obj)
                0x000000000001aae1                ModuloAdd
 .text.wmemcpy  0x000000000001ab22       0x40 /home/student/nseiger/CS385/EFI/Sonoma_edk2/Build/AppPkg/DEBUG_GCC49/X64/StdLib/LibC/Wchar/Wchar/OUTPUT/LibWchar.lib(Copying.obj)
                0x000000000001ab22                wmemcpy
 .text.wmemmove
                0x000000000001ab62       0x40 /home/student/nseiger/CS385/EFI/Sonoma_edk2/Build/AppPkg/DEBUG_GCC49/X64/StdLib/LibC/Wchar/Wchar/OUTPUT/LibWchar.lib(Copying.obj)
                0x000000000001ab62                wmemmove
 .text.wcsncmp  0x000000000001aba2       0x3c /home/student/nseiger/CS385/EFI/Sonoma_edk2/Build/AppPkg/DEBUG_GCC49/X64/StdLib/LibC/Wchar/Wchar/OUTPUT/LibWchar.lib(Comparison.obj)
                0x000000000001aba2                wcsncmp
 .text.BuildBitmap
                0x000000000001abde       0xa3 /home/student/nseiger/CS385/EFI/Sonoma_edk2/Build/AppPkg/DEBUG_GCC49/X64/StdLib/LibC/Wchar/Wchar/OUTPUT/LibWchar.lib(Searching.obj)
 .text.wcscspn  0x000000000001ac81       0xf7 /home/student/nseiger/CS385/EFI/Sonoma_edk2/Build/AppPkg/DEBUG_GCC49/X64/StdLib/LibC/Wchar/Wchar/OUTPUT/LibWchar.lib(Searching.obj)
                0x000000000001ac81                wcscspn
 .text.wcslen   0x000000000001ad78       0x29 /home/student/nseiger/CS385/EFI/Sonoma_edk2/Build/AppPkg/DEBUG_GCC49/X64/StdLib/LibC/Wchar/Wchar/OUTPUT/LibWchar.lib(String.obj)
                0x000000000001ad78                wcslen
 .text.wmemset  0x000000000001ada1       0x42 /home/student/nseiger/CS385/EFI/Sonoma_edk2/Build/AppPkg/DEBUG_GCC49/X64/StdLib/LibC/Wchar/Wchar/OUTPUT/LibWchar.lib(String.obj)
                0x000000000001ada1                wmemset
 .text.ScanMem8
                0x000000000001ade3       0xcc /home/student/nseiger/CS385/EFI/Sonoma_edk2/Build/AppPkg/DEBUG_GCC49/X64/MdePkg/Library/BaseMemoryLib/BaseMemoryLib/OUTPUT/BaseMemoryLib.lib(ScanMem8Wrapper.obj)
                0x000000000001ade3                ScanMem8
 .text.SetMem16
                0x000000000001aeaf      0x151 /home/student/nseiger/CS385/EFI/Sonoma_edk2/Build/AppPkg/DEBUG_GCC49/X64/MdePkg/Library/BaseMemoryLib/BaseMemoryLib/OUTPUT/BaseMemoryLib.lib(SetMem16Wrapper.obj)
                0x000000000001aeaf                SetMem16
 *(.rodata .rodata.* .gnu.linkonce.r.*)
 .rodata        0x000000000001b000       0xb7 /home/student/nseiger/CS385/EFI/Sonoma_edk2/Build/AppPkg/DEBUG_GCC49/X64/MdePkg/Library/UefiBootServicesTableLib/UefiBootServicesTableLib/OUTPUT/UefiBootServicesTableLib.lib(UefiBootServicesTableLib.obj)
 *fill*         0x000000000001b0b7        0x1 
 .rodata        0x000000000001b0b8       0xb7 /home/student/nseiger/CS385/EFI/Sonoma_edk2/Build/AppPkg/DEBUG_GCC49/X64/AppPkg/Applications/Main/Main/OUTPUT/Main.lib(AutoGen.obj)
 .rodata._gPcd_FixedAtBuild_PcdVerifyNodeInList
                0x000000000001b16f        0x1 /home/student/nseiger/CS385/EFI/Sonoma_edk2/Build/AppPkg/DEBUG_GCC49/X64/AppPkg/Applications/Main/Main/OUTPUT/Main.lib(AutoGen.obj)
                0x000000000001b16f                _gPcd_FixedAtBuild_PcdVerifyNodeInList
 .rodata._gPcd_FixedAtBuild_PcdMaximumLinkedListLength
                0x000000000001b170        0x4 /home/student/nseiger/CS385/EFI/Sonoma_edk2/Build/AppPkg/DEBUG_GCC49/X64/AppPkg/Applications/Main/Main/OUTPUT/Main.lib(AutoGen.obj)
                0x000000000001b170                _gPcd_FixedAtBuild_PcdMaximumLinkedListLength
 .rodata._gPcd_FixedAtBuild_PcdMaximumAsciiStringLength
                0x000000000001b174        0x4 /home/student/nseiger/CS385/EFI/Sonoma_edk2/Build/AppPkg/DEBUG_GCC49/X64/AppPkg/Applications/Main/Main/OUTPUT/Main.lib(AutoGen.obj)
                0x000000000001b174                _gPcd_FixedAtBuild_PcdMaximumAsciiStringLength
 .rodata._gPcd_FixedAtBuild_PcdMaximumUnicodeStringLength
                0x000000000001b178        0x4 /home/student/nseiger/CS385/EFI/Sonoma_edk2/Build/AppPkg/DEBUG_GCC49/X64/AppPkg/Applications/Main/Main/OUTPUT/Main.lib(AutoGen.obj)
                0x000000000001b178                _gPcd_FixedAtBuild_PcdMaximumUnicodeStringLength
 .rodata._gPcd_FixedAtBuild_PcdUefiLibMaxPrintBufferSize
                0x000000000001b17c        0x4 /home/student/nseiger/CS385/EFI/Sonoma_edk2/Build/AppPkg/DEBUG_GCC49/X64/AppPkg/Applications/Main/Main/OUTPUT/Main.lib(AutoGen.obj)
                0x000000000001b17c                _gPcd_FixedAtBuild_PcdUefiLibMaxPrintBufferSize
 .rodata._gPcd_FixedAtBuild_PcdShellLibAutoInitialize
                0x000000000001b180        0x1 /home/student/nseiger/CS385/EFI/Sonoma_edk2/Build/AppPkg/DEBUG_GCC49/X64/AppPkg/Applications/Main/Main/OUTPUT/Main.lib(AutoGen.obj)
                0x000000000001b180                _gPcd_FixedAtBuild_PcdShellLibAutoInitialize
 *fill*         0x000000000001b181        0x3 
 .rodata._gUefiDriverRevision
                0x000000000001b184        0x4 /home/student/nseiger/CS385/EFI/Sonoma_edk2/Build/AppPkg/DEBUG_GCC49/X64/AppPkg/Applications/Main/Main/OUTPUT/Main.lib(AutoGen.obj)
                0x000000000001b184                _gUefiDriverRevision
 .rodata        0x000000000001b188       0x7d /home/student/nseiger/CS385/EFI/Sonoma_edk2/Build/AppPkg/DEBUG_GCC49/X64/ShellPkg/Library/UefiShellCEntryLib/UefiShellCEntryLib/OUTPUT/UefiShellCEntryLib.lib(UefiShellCEntryLib.obj)
 *fill*         0x000000000001b205        0x3 
 .rodata        0x000000000001b208      0x180 /home/student/nseiger/CS385/EFI/Sonoma_edk2/Build/AppPkg/DEBUG_GCC49/X64/StdLib/LibC/LibC/OUTPUT/LibC.lib(Main.obj)
 .rodata        0x000000000001b388       0xa5 /home/student/nseiger/CS385/EFI/Sonoma_edk2/Build/AppPkg/DEBUG_GCC49/X64/StdLib/LibC/Wchar/Wchar/OUTPUT/LibWchar.lib(ConsDecons.obj)
 *fill*         0x000000000001b42d        0x3 
 .rodata        0x000000000001b430       0x99 /home/student/nseiger/CS385/EFI/Sonoma_edk2/Build/AppPkg/DEBUG_GCC49/X64/StdLib/LibC/Uefi/Devices/daConsole/OUTPUT/DevConsole.lib(daConsole.obj)
 *fill*         0x000000000001b4c9        0x7 
 .rodata.stdioNames
                0x000000000001b4d0       0x18 /home/student/nseiger/CS385/EFI/Sonoma_edk2/Build/AppPkg/DEBUG_GCC49/X64/StdLib/LibC/Uefi/Devices/daConsole/OUTPUT/DevConsole.lib(daConsole.obj)
 .rodata.stdioFlags
                0x000000000001b4e8        0xc /home/student/nseiger/CS385/EFI/Sonoma_edk2/Build/AppPkg/DEBUG_GCC49/X64/StdLib/LibC/Uefi/Devices/daConsole/OUTPUT/DevConsole.lib(daConsole.obj)
 *fill*         0x000000000001b4f4        0x4 
 .rodata        0x000000000001b4f8       0x8d /home/student/nseiger/CS385/EFI/Sonoma_edk2/Build/AppPkg/DEBUG_GCC49/X64/MdePkg/Library/UefiRuntimeServicesTableLib/UefiRuntimeServicesTableLib/OUTPUT/UefiRuntimeServicesTableLib.lib(UefiRuntimeServicesTableLib.obj)
 *fill*         0x000000000001b585        0x3 
 .rodata        0x000000000001b588      0x1c6 /home/student/nseiger/CS385/EFI/Sonoma_edk2/Build/AppPkg/DEBUG_GCC49/X64/MdePkg/Library/UefiLib/UefiLib/OUTPUT/UefiLib.lib(UefiLibPrint.obj)
 *fill*         0x000000000001b74e        0x2 
 .rodata        0x000000000001b750      0x55e /home/student/nseiger/CS385/EFI/Sonoma_edk2/Build/AppPkg/DEBUG_GCC49/X64/ShellPkg/Library/UefiShellLib/UefiShellLib/OUTPUT/UefiShellLib.lib(UefiShellLib.obj)
 *fill*         0x000000000001bcae        0x2 
 .rodata        0x000000000001bcb0       0xa1 /home/student/nseiger/CS385/EFI/Sonoma_edk2/Build/AppPkg/DEBUG_GCC49/X64/MdeModulePkg/Library/UefiHiiServicesLib/UefiHiiServicesLib/OUTPUT/UefiHiiServicesLib.lib(UefiHiiServicesLib.obj)
 *fill*         0x000000000001bd51        0x7 
 .rodata        0x000000000001bd58       0x40 /home/student/nseiger/CS385/EFI/Sonoma_edk2/Build/AppPkg/DEBUG_GCC49/X64/AppPkg/Applications/Main/Main/OUTPUT/Main.lib(Main.obj)
 .rodata        0x000000000001bd98       0xe6 /home/student/nseiger/CS385/EFI/Sonoma_edk2/Build/AppPkg/DEBUG_GCC49/X64/MdePkg/Library/BasePrintLib/BasePrintLib/OUTPUT/BasePrintLib.lib(PrintLib.obj)
 *fill*         0x000000000001be7e        0x2 
 .rodata.mHexStr
                0x000000000001be80       0x10 /home/student/nseiger/CS385/EFI/Sonoma_edk2/Build/AppPkg/DEBUG_GCC49/X64/MdePkg/Library/BasePrintLib/BasePrintLib/OUTPUT/BasePrintLib.lib(PrintLibInternal.obj)
                0x000000000001be80                mHexStr
 .rodata        0x000000000001be90      0x46e /home/student/nseiger/CS385/EFI/Sonoma_edk2/Build/AppPkg/DEBUG_GCC49/X64/MdePkg/Library/BasePrintLib/BasePrintLib/OUTPUT/BasePrintLib.lib(PrintLibInternal.obj)
 *fill*         0x000000000001c2fe        0x2 
 .rodata.mStatusString
                0x000000000001c300      0x138 /home/student/nseiger/CS385/EFI/Sonoma_edk2/Build/AppPkg/DEBUG_GCC49/X64/MdePkg/Library/BasePrintLib/BasePrintLib/OUTPUT/BasePrintLib.lib(PrintLibInternal.obj)
                0x000000000001c300                mStatusString
 .rodata.BasePrintLibSPrintMarker
                0x000000000001c438      0x6e0 /home/student/nseiger/CS385/EFI/Sonoma_edk2/Build/AppPkg/DEBUG_GCC49/X64/MdePkg/Library/BasePrintLib/BasePrintLib/OUTPUT/BasePrintLib.lib(PrintLibInternal.obj)
 .rodata        0x000000000001cb18      0x147 /home/student/nseiger/CS385/EFI/Sonoma_edk2/Build/AppPkg/DEBUG_GCC49/X64/MdePkg/Library/UefiMemoryAllocationLib/UefiMemoryAllocationLib/OUTPUT/UefiMemoryAllocationLib.lib(MemoryAllocationLib.obj)
 *fill*         0x000000000001cc5f        0x1 
 .rodata        0x000000000001cc60       0xbe /home/student/nseiger/CS385/EFI/Sonoma_edk2/Build/AppPkg/DEBUG_GCC49/X64/MdePkg/Library/BaseMemoryLib/BaseMemoryLib/OUTPUT/BaseMemoryLib.lib(ZeroMemWrapper.obj)
 *fill*         0x000000000001cd1e        0x2 
 .rodata        0x000000000001cd20       0xe6 /home/student/nseiger/CS385/EFI/Sonoma_edk2/Build/AppPkg/DEBUG_GCC49/X64/MdePkg/Library/BaseMemoryLib/BaseMemoryLib/OUTPUT/BaseMemoryLib.lib(CopyMemWrapper.obj)
 *fill*         0x000000000001ce06        0x2 
 .rodata        0x000000000001ce08       0x68 /home/student/nseiger/CS385/EFI/Sonoma_edk2/Build/AppPkg/DEBUG_GCC49/X64/MdePkg/Library/BaseLib/BaseLib/OUTPUT/BaseLib.lib(DivU64x32Remainder.obj)
 .rodata        0x000000000001ce70      0x286 /home/student/nseiger/CS385/EFI/Sonoma_edk2/Build/AppPkg/DEBUG_GCC49/X64/MdePkg/Library/BaseLib/BaseLib/OUTPUT/BaseLib.lib(LinkedList.obj)
 *fill*         0x000000000001d0f6        0x2 
 .rodata        0x000000000001d0f8      0x6e6 /home/student/nseiger/CS385/EFI/Sonoma_edk2/Build/AppPkg/DEBUG_GCC49/X64/MdePkg/Library/BaseLib/BaseLib/OUTPUT/BaseLib.lib(String.obj)
 *fill*         0x000000000001d7de        0x2 
 .rodata        0x000000000001d7e0       0x67 /home/student/nseiger/CS385/EFI/Sonoma_edk2/Build/AppPkg/DEBUG_GCC49/X64/MdePkg/Library/BaseLib/BaseLib/OUTPUT/BaseLib.lib(Unaligned.obj)
 *fill*         0x000000000001d847        0x1 
 .rodata        0x000000000001d848       0x93 /home/student/nseiger/CS385/EFI/Sonoma_edk2/Build/AppPkg/DEBUG_GCC49/X64/MdePkg/Library/BaseLib/BaseLib/OUTPUT/BaseLib.lib(SetJump.obj)
 *fill*         0x000000000001d8db        0x5 
 .rodata.mon_lengths
                0x000000000001d8e0       0x60 /home/student/nseiger/CS385/EFI/Sonoma_edk2/Build/AppPkg/DEBUG_GCC49/X64/StdLib/LibC/Time/Time/OUTPUT/LibTime.lib(Time.obj)
                0x000000000001d8e0                mon_lengths
 .rodata.year_lengths
                0x000000000001d940        0x8 /home/student/nseiger/CS385/EFI/Sonoma_edk2/Build/AppPkg/DEBUG_GCC49/X64/StdLib/LibC/Time/Time/OUTPUT/LibTime.lib(Time.obj)
                0x000000000001d940                year_lengths
 .rodata.wildabbr
                0x000000000001d948        0x9 /home/student/nseiger/CS385/EFI/Sonoma_edk2/Build/AppPkg/DEBUG_GCC49/X64/StdLib/LibC/Time/Time/OUTPUT/LibTime.lib(ZoneProc.obj)
                0x000000000001d948                wildabbr
 .rodata.gmt    0x000000000001d951        0x4 /home/student/nseiger/CS385/EFI/Sonoma_edk2/Build/AppPkg/DEBUG_GCC49/X64/StdLib/LibC/Time/Time/OUTPUT/LibTime.lib(ZoneProc.obj)
                0x000000000001d951                gmt
 .rodata        0x000000000001d955       0x1e /home/student/nseiger/CS385/EFI/Sonoma_edk2/Build/AppPkg/DEBUG_GCC49/X64/StdLib/LibC/Time/Time/OUTPUT/LibTime.lib(ZoneProc.obj)
 .rodata        0x000000000001d973       0x13 /home/student/nseiger/CS385/EFI/Sonoma_edk2/Build/AppPkg/DEBUG_GCC49/X64/StdLib/LibC/String/String/OUTPUT/LibString.lib(Misc.obj)
 *fill*         0x000000000001d986        0x2 
 .rodata        0x000000000001d988      0x926 /home/student/nseiger/CS385/EFI/Sonoma_edk2/Build/AppPkg/DEBUG_GCC49/X64/StdLib/LibC/String/String/OUTPUT/LibString.lib(ErrorList.obj)
 *fill*         0x000000000001e2ae       0x12 
 .rodata.sys_errlist
                0x000000000001e2c0      0x320 /home/student/nseiger/CS385/EFI/Sonoma_edk2/Build/AppPkg/DEBUG_GCC49/X64/StdLib/LibC/String/String/OUTPUT/LibString.lib(ErrorList.obj)
                0x000000000001e2c0                sys_errlist
 .rodata        0x000000000001e5e0      0x1ac /home/student/nseiger/CS385/EFI/Sonoma_edk2/Build/AppPkg/DEBUG_GCC49/X64/StdLib/LibC/StdLib/StdLib/OUTPUT/LibStdLib.lib(Malloc.obj)
 .rodata.__func__.9091
                0x000000000001e78c        0x7 /home/student/nseiger/CS385/EFI/Sonoma_edk2/Build/AppPkg/DEBUG_GCC49/X64/StdLib/LibC/StdLib/StdLib/OUTPUT/LibStdLib.lib(Malloc.obj)
 .rodata.__func__.9102
                0x000000000001e793        0x5 /home/student/nseiger/CS385/EFI/Sonoma_edk2/Build/AppPkg/DEBUG_GCC49/X64/StdLib/LibC/StdLib/StdLib/OUTPUT/LibStdLib.lib(Malloc.obj)
 .rodata.__func__.9112
                0x000000000001e798        0x8 /home/student/nseiger/CS385/EFI/Sonoma_edk2/Build/AppPkg/DEBUG_GCC49/X64/StdLib/LibC/StdLib/StdLib/OUTPUT/LibStdLib.lib(Malloc.obj)
 .rodata        0x000000000001e7a0       0xca /home/student/nseiger/CS385/EFI/Sonoma_edk2/Build/AppPkg/DEBUG_GCC49/X64/StdLib/LibC/Locale/Locale/OUTPUT/LibLocale.lib(multibyte_Utf8.obj)
 *fill*         0x000000000001e86a        0x6 
 .rodata.__func__.9014
                0x000000000001e870        0xf /home/student/nseiger/CS385/EFI/Sonoma_edk2/Build/AppPkg/DEBUG_GCC49/X64/StdLib/LibC/Locale/Locale/OUTPUT/LibLocale.lib(multibyte_Utf8.obj)
 .rodata        0x000000000001e87f        0x9 /home/student/nseiger/CS385/EFI/Sonoma_edk2/Build/AppPkg/DEBUG_GCC49/X64/StdLib/LibC/Stdio/Stdio/OUTPUT/LibStdio.lib(puts.obj)
 *fill*         0x000000000001e888        0x8 
 .rodata        0x000000000001e890       0x30 /home/student/nseiger/CS385/EFI/Sonoma_edk2/Build/AppPkg/DEBUG_GCC49/X64/StdLib/LibC/Stdio/Stdio/OUTPUT/LibStdio.lib(vfprintf.obj)
 .rodata.__vfprintf_unlocked
                0x000000000001e8c0      0x2d8 /home/student/nseiger/CS385/EFI/Sonoma_edk2/Build/AppPkg/DEBUG_GCC49/X64/StdLib/LibC/Stdio/Stdio/OUTPUT/LibStdio.lib(vfprintf.obj)
 .rodata.__find_arguments
                0x000000000001eb98      0x3a0 /home/student/nseiger/CS385/EFI/Sonoma_edk2/Build/AppPkg/DEBUG_GCC49/X64/StdLib/LibC/Stdio/Stdio/OUTPUT/LibStdio.lib(vfprintf.obj)
 *fill*         0x000000000001ef38        0x8 
 .rodata.xdigs_lower.9181
                0x000000000001ef40       0x11 /home/student/nseiger/CS385/EFI/Sonoma_edk2/Build/AppPkg/DEBUG_GCC49/X64/StdLib/LibC/Stdio/Stdio/OUTPUT/LibStdio.lib(vfprintf.obj)
 *fill*         0x000000000001ef51        0xf 
 .rodata.xdigs_upper.9182
                0x000000000001ef60       0x11 /home/student/nseiger/CS385/EFI/Sonoma_edk2/Build/AppPkg/DEBUG_GCC49/X64/StdLib/LibC/Stdio/Stdio/OUTPUT/LibStdio.lib(vfprintf.obj)
 *fill*         0x000000000001ef71        0x7 
 .rodata        0x000000000001ef78       0x68 /home/student/nseiger/CS385/EFI/Sonoma_edk2/Build/AppPkg/DEBUG_GCC49/X64/StdLib/LibC/LibC/OUTPUT/LibC.lib(assert.obj)
 .rodata        0x000000000001efe0       0x6a /home/student/nseiger/CS385/EFI/Sonoma_edk2/Build/AppPkg/DEBUG_GCC49/X64/StdLib/LibC/Uefi/InteractiveIO/IIO/OUTPUT/LibIIO.lib(IIOutilities.obj)
 *fill*         0x000000000001f04a        0x6 
 .rodata.__func__.10552
                0x000000000001f050       0x10 /home/student/nseiger/CS385/EFI/Sonoma_edk2/Build/AppPkg/DEBUG_GCC49/X64/StdLib/LibC/Uefi/InteractiveIO/IIO/OUTPUT/LibIIO.lib(IIOutilities.obj)
 .rodata.IIO_WriteOne
                0x000000000001f060       0x50 /home/student/nseiger/CS385/EFI/Sonoma_edk2/Build/AppPkg/DEBUG_GCC49/X64/StdLib/LibC/Uefi/InteractiveIO/IIO/OUTPUT/LibIIO.lib(IIOwrite.obj)
 .rodata        0x000000000001f0b0       0x28 /home/student/nseiger/CS385/EFI/Sonoma_edk2/Build/AppPkg/DEBUG_GCC49/X64/StdLib/LibC/Signal/Signal/OUTPUT/LibSignal.lib(Signal.obj)
 .rodata        0x000000000001f0d8        0x6 /home/student/nseiger/CS385/EFI/Sonoma_edk2/Build/AppPkg/DEBUG_GCC49/X64/StdLib/LibC/Uefi/Devices/daUtility/OUTPUT/DevUtility.lib(Path.obj)
 *fill*         0x000000000001f0de        0x2 
 .rodata        0x000000000001f0e0       0x5e /home/student/nseiger/CS385/EFI/Sonoma_edk2/Build/AppPkg/DEBUG_GCC49/X64/MdePkg/Library/BaseLib/BaseLib/OUTPUT/BaseLib.lib(LongJump.obj)
 *fill*         0x000000000001f13e        0x2 
 .rodata.__wctoint
                0x000000000001f140      0x258 /home/student/nseiger/CS385/EFI/Sonoma_edk2/Build/AppPkg/DEBUG_GCC49/X64/StdLib/LibC/Locale/Locale/OUTPUT/LibLocale.lib(wcstol.obj)
 .rodata        0x000000000001f398        0x1 /home/student/nseiger/CS385/EFI/Sonoma_edk2/Build/AppPkg/DEBUG_GCC49/X64/StdLib/LibC/Locale/Locale/OUTPUT/LibLocale.lib(_def_monetary.obj)
 *fill*         0x000000000001f399        0x7 
 .rodata._DefaultMonetaryLocale
                0x000000000001f3a0       0x48 /home/student/nseiger/CS385/EFI/Sonoma_edk2/Build/AppPkg/DEBUG_GCC49/X64/StdLib/LibC/Locale/Locale/OUTPUT/LibLocale.lib(_def_monetary.obj)
                0x000000000001f3a0                _DefaultMonetaryLocale
 .rodata        0x000000000001f3e8        0x3 /home/student/nseiger/CS385/EFI/Sonoma_edk2/Build/AppPkg/DEBUG_GCC49/X64/StdLib/LibC/Locale/Locale/OUTPUT/LibLocale.lib(_def_numeric.obj)
 *fill*         0x000000000001f3eb        0x5 
 .rodata._DefaultNumericLocale
                0x000000000001f3f0       0x18 /home/student/nseiger/CS385/EFI/Sonoma_edk2/Build/AppPkg/DEBUG_GCC49/X64/StdLib/LibC/Locale/Locale/OUTPUT/LibLocale.lib(_def_numeric.obj)
                0x000000000001f3f0                _DefaultNumericLocale
 *fill*         0x000000000001f408        0x8 
 .rodata        0x000000000001f410       0x78 /home/student/nseiger/CS385/EFI/Sonoma_edk2/Build/AppPkg/DEBUG_GCC49/X64/StdLib/LibC/gdtoa/gdtoa/OUTPUT/LibGdtoa.lib(dtoa.obj)
 .rodata.__dtoa
                0x000000000001f488       0x30 /home/student/nseiger/CS385/EFI/Sonoma_edk2/Build/AppPkg/DEBUG_GCC49/X64/StdLib/LibC/gdtoa/gdtoa/OUTPUT/LibGdtoa.lib(dtoa.obj)
 *fill*         0x000000000001f4b8        0x8 
 .rodata.__bigtens_D2A
                0x000000000001f4c0       0x28 /home/student/nseiger/CS385/EFI/Sonoma_edk2/Build/AppPkg/DEBUG_GCC49/X64/StdLib/LibC/gdtoa/gdtoa/OUTPUT/LibGdtoa.lib(misc.obj)
                0x000000000001f4c0                __bigtens_D2A
 *fill*         0x000000000001f4e8       0x18 
 .rodata.__tens_D2A
                0x000000000001f500       0xb8 /home/student/nseiger/CS385/EFI/Sonoma_edk2/Build/AppPkg/DEBUG_GCC49/X64/StdLib/LibC/gdtoa/gdtoa/OUTPUT/LibGdtoa.lib(misc.obj)
                0x000000000001f500                __tens_D2A
 .rodata.p05.8751
                0x000000000001f5b8        0xc /home/student/nseiger/CS385/EFI/Sonoma_edk2/Build/AppPkg/DEBUG_GCC49/X64/StdLib/LibC/gdtoa/gdtoa/OUTPUT/LibGdtoa.lib(misc.obj)
 *fill*         0x000000000001f5c4       0x1c 
 .rodata._C_CharClassTable
                0x000000000001f5e0      0x100 /home/student/nseiger/CS385/EFI/Sonoma_edk2/Build/AppPkg/DEBUG_GCC49/X64/StdLib/LibC/Ctype/Ctype/OUTPUT/LibCtype.lib(iCtype.obj)
                0x000000000001f5e0                _C_CharClassTable
 .rodata        0x000000000001f6e0       0x72 /home/student/nseiger/CS385/EFI/Sonoma_edk2/Build/AppPkg/DEBUG_GCC49/X64/StdLib/LibC/Containers/ContainerLib/OUTPUT/LibContainer.lib(Fifo.obj)
 *fill*         0x000000000001f752        0x6 
 .rodata.__func__.10000
                0x000000000001f758        0xc /home/student/nseiger/CS385/EFI/Sonoma_edk2/Build/AppPkg/DEBUG_GCC49/X64/StdLib/LibC/Containers/ContainerLib/OUTPUT/LibContainer.lib(Fifo.obj)
 *fill*         0x000000000001f764        0x4 
 .rodata.__func__.10004
                0x000000000001f768        0xd /home/student/nseiger/CS385/EFI/Sonoma_edk2/Build/AppPkg/DEBUG_GCC49/X64/StdLib/LibC/Containers/ContainerLib/OUTPUT/LibContainer.lib(Fifo.obj)
 *fill*         0x000000000001f775        0x3 
 .rodata.__func__.10008
                0x000000000001f778        0xc /home/student/nseiger/CS385/EFI/Sonoma_edk2/Build/AppPkg/DEBUG_GCC49/X64/StdLib/LibC/Containers/ContainerLib/OUTPUT/LibContainer.lib(Fifo.obj)
 *fill*         0x000000000001f784        0x4 
 .rodata.__func__.10019
                0x000000000001f788        0xd /home/student/nseiger/CS385/EFI/Sonoma_edk2/Build/AppPkg/DEBUG_GCC49/X64/StdLib/LibC/Containers/ContainerLib/OUTPUT/LibContainer.lib(Fifo.obj)
 *fill*         0x000000000001f795        0x3 
 .rodata.__func__.10033
                0x000000000001f798        0xd /home/student/nseiger/CS385/EFI/Sonoma_edk2/Build/AppPkg/DEBUG_GCC49/X64/StdLib/LibC/Containers/ContainerLib/OUTPUT/LibContainer.lib(Fifo.obj)
 *fill*         0x000000000001f7a5        0x3 
 .rodata.__func__.10050
                0x000000000001f7a8        0xd /home/student/nseiger/CS385/EFI/Sonoma_edk2/Build/AppPkg/DEBUG_GCC49/X64/StdLib/LibC/Containers/ContainerLib/OUTPUT/LibContainer.lib(Fifo.obj)
 *fill*         0x000000000001f7b5        0x3 
 .rodata.__func__.10054
                0x000000000001f7b8        0xd /home/student/nseiger/CS385/EFI/Sonoma_edk2/Build/AppPkg/DEBUG_GCC49/X64/StdLib/LibC/Containers/ContainerLib/OUTPUT/LibContainer.lib(Fifo.obj)
 *fill*         0x000000000001f7c5        0x3 
 .rodata.__func__.10058
                0x000000000001f7c8        0xc /home/student/nseiger/CS385/EFI/Sonoma_edk2/Build/AppPkg/DEBUG_GCC49/X64/StdLib/LibC/Containers/ContainerLib/OUTPUT/LibContainer.lib(Fifo.obj)
 *fill*         0x000000000001f7d4        0x4 
 .rodata.__func__.10065
                0x000000000001f7d8        0xb /home/student/nseiger/CS385/EFI/Sonoma_edk2/Build/AppPkg/DEBUG_GCC49/X64/StdLib/LibC/Containers/ContainerLib/OUTPUT/LibContainer.lib(Fifo.obj)
 *fill*         0x000000000001f7e3        0x5 
 .rodata.__func__.10070
                0x000000000001f7e8        0xe /home/student/nseiger/CS385/EFI/Sonoma_edk2/Build/AppPkg/DEBUG_GCC49/X64/StdLib/LibC/Containers/ContainerLib/OUTPUT/LibContainer.lib(Fifo.obj)
 *fill*         0x000000000001f7f6        0x2 
 .rodata        0x000000000001f7f8       0xb0 /home/student/nseiger/CS385/EFI/Sonoma_edk2/Build/AppPkg/DEBUG_GCC49/X64/MdePkg/Library/BaseMemoryLib/BaseMemoryLib/OUTPUT/BaseMemoryLib.lib(ScanMem8Wrapper.obj)
 .rodata        0x000000000001f8a8      0x105 /home/student/nseiger/CS385/EFI/Sonoma_edk2/Build/AppPkg/DEBUG_GCC49/X64/MdePkg/Library/BaseMemoryLib/BaseMemoryLib/OUTPUT/BaseMemoryLib.lib(SetMem16Wrapper.obj)
 *(.got .got.*)
 *:AutoGen.obj(.data .data.* .bss .bss.*)
 *fill*         0x000000000001f9ad        0x3 
 .data.gEfiFileInfoGuid
                0x000000000001f9b0       0x10 /home/student/nseiger/CS385/EFI/Sonoma_edk2/Build/AppPkg/DEBUG_GCC49/X64/AppPkg/Applications/Main/Main/OUTPUT/Main.lib(AutoGen.obj)
                0x000000000001f9b0                gEfiFileInfoGuid
 .data.gEfiShellEnvironment2ExtGuid
                0x000000000001f9c0       0x10 /home/student/nseiger/CS385/EFI/Sonoma_edk2/Build/AppPkg/DEBUG_GCC49/X64/AppPkg/Applications/Main/Main/OUTPUT/Main.lib(AutoGen.obj)
                0x000000000001f9c0                gEfiShellEnvironment2ExtGuid
 .data.gEfiShellParametersProtocolGuid
                0x000000000001f9d0       0x10 /home/student/nseiger/CS385/EFI/Sonoma_edk2/Build/AppPkg/DEBUG_GCC49/X64/AppPkg/Applications/Main/Main/OUTPUT/Main.lib(AutoGen.obj)
                0x000000000001f9d0                gEfiShellParametersProtocolGuid
 .data.gEfiShellInterfaceGuid
                0x000000000001f9e0       0x10 /home/student/nseiger/CS385/EFI/Sonoma_edk2/Build/AppPkg/DEBUG_GCC49/X64/AppPkg/Applications/Main/Main/OUTPUT/Main.lib(AutoGen.obj)
                0x000000000001f9e0                gEfiShellInterfaceGuid
 .data.gEfiHiiFontProtocolGuid
                0x000000000001f9f0       0x10 /home/student/nseiger/CS385/EFI/Sonoma_edk2/Build/AppPkg/DEBUG_GCC49/X64/AppPkg/Applications/Main/Main/OUTPUT/Main.lib(AutoGen.obj)
                0x000000000001f9f0                gEfiHiiFontProtocolGuid
 .data.gEfiShellProtocolGuid
                0x000000000001fa00       0x10 /home/student/nseiger/CS385/EFI/Sonoma_edk2/Build/AppPkg/DEBUG_GCC49/X64/AppPkg/Applications/Main/Main/OUTPUT/Main.lib(AutoGen.obj)
                0x000000000001fa00                gEfiShellProtocolGuid
 .data.gEfiShellEnvironment2Guid
                0x000000000001fa10       0x10 /home/student/nseiger/CS385/EFI/Sonoma_edk2/Build/AppPkg/DEBUG_GCC49/X64/AppPkg/Applications/Main/Main/OUTPUT/Main.lib(AutoGen.obj)
                0x000000000001fa10                gEfiShellEnvironment2Guid
 .data.gEfiHiiStringProtocolGuid